******************************************************************************
                  TI ARM Linker PC v18.12.4                    
******************************************************************************
>> Linked Fri Jun 18 09:08:19 2021

OUTPUT FILE NAME:   <Example1D.out>
ENTRY POINT SYMBOL: "_c_int00_noargs"  address: 000006f1


MEMORY CONFIGURATION

         name            origin    length      used     unused   attr    fill
----------------------  --------  ---------  --------  --------  ----  --------
  MAIN                  00000000   00040000  00000794  0003f86c  R  X
  INFO                  00200000   00004000  00000000  00004000  R  X
  SRAM_CODE             01000000   00010000  00000217  0000fde9  RW X
  SRAM_DATA             20000000   00010000  00000217  0000fde9  RW  


SEGMENT ALLOCATION MAP

run origin  load origin   length   init length attrs members
----------  ----------- ---------- ----------- ----- -------
00000000    00000000    00000798   00000798    r-x
  00000000    00000000    000000e4   000000e4    r-- .intvecs
  000000e4    000000e4    00000680   00000680    r-x .text
  00000768    00000768    00000030   00000030    r-- .cinit
20000000    20000000    00000018   00000000    rw-
  20000000    20000000    00000013   00000000    rw- .bss
  20000014    20000014    00000004   00000000    rw- .data
2000fe00    2000fe00    00000200   00000000    rw-
  2000fe00    2000fe00    00000200   00000000    rw- .stack


SECTION ALLOCATION MAP

 output                                  attributes/
section   page    origin      length       input sections
--------  ----  ----------  ----------   ----------------
.intvecs   0    00000000    000000e4     
                  00000000    000000e4     startup_msp432p401r_ccs.obj (.intvecs:retain)

.text      0    000000e4    00000680     
                  000000e4    00000334     system_msp432p401r.obj (.text)
                  00000418    00000190     main.obj (.text)
                  000005a8    0000009c     rtsv7M4_T_le_v4SPD16_eabi.lib : memcpy_t2.asm.obj (.text)
                  00000644    00000068                                   : copy_decompress_lzss.c.obj (.text:decompress:lzss:__TI_decompress_lzss)
                  000006ac    00000044                                   : autoinit.c.obj (.text:__TI_auto_init_nobinit_nopinit:__TI_auto_init_nobinit_nopinit)
                  000006f0    00000034                                   : boot_cortex_m.c.obj (.text:_c_int00_noargs:_c_int00_noargs)
                  00000724    0000001c                                   : copy_zero_init.c.obj (.text:decompress:ZI:__TI_zero_init_nomemset:__TI_zero_init_nomemset)
                  00000740    0000000e                                   : copy_decompress_none.c.obj (.text:decompress:none:__TI_decompress_none)
                  0000074e    0000000e     startup_msp432p401r_ccs.obj (.text)
                  0000075c    00000004     rtsv7M4_T_le_v4SPD16_eabi.lib : pre_init.c.obj (.text:_system_pre_init)
                  00000760    00000004                                   : exit.c.obj (.text:abort:abort)

.cinit     0    00000768    00000030     
                  00000768    0000000c     (__TI_handler_table)
                  00000774    00000004     --HOLE-- [fill = 0]
                  00000778    00000008     (.cinit..bss.load) [load image, compression = zero_init]
                  00000780    00000008     (.cinit..data.load) [load image, compression = lzss]
                  00000788    00000010     (__TI_cinit_table)

.init_array 
*          0    00000000    00000000     UNINITIALIZED

.binit     0    00000000    00000000     

.bss       0    20000000    00000013     UNINITIALIZED
                  20000000    00000001     (.common:a)
                  20000001    00000001     (.common:b)
                  20000002    00000001     (.common:c0)
                  20000003    00000001     (.common:c1)
                  20000004    00000001     (.common:c10)
                  20000005    00000001     (.common:c11)
                  20000006    00000001     (.common:c12)
                  20000007    00000001     (.common:c13)
                  20000008    00000001     (.common:c14)
                  20000009    00000001     (.common:c2)
                  2000000a    00000001     (.common:c3)
                  2000000b    00000001     (.common:c4)
                  2000000c    00000001     (.common:c5)
                  2000000d    00000001     (.common:c6)
                  2000000e    00000001     (.common:c7)
                  2000000f    00000001     (.common:c8)
                  20000010    00000001     (.common:c9)
                  20000011    00000001     (.common:x)
                  20000012    00000001     (.common:y)

.data      0    20000014    00000004     UNINITIALIZED
                  20000014    00000004     system_msp432p401r.obj (.data)

.stack     0    2000fe00    00000200     UNINITIALIZED
                  2000fe00    00000004     rtsv7M4_T_le_v4SPD16_eabi.lib : boot_cortex_m.c.obj (.stack)
                  2000fe04    000001fc     --HOLE--

MODULE SUMMARY

       Module                        code   ro data   rw data
       ------                        ----   -------   -------
    .\
       system_msp432p401r.obj        820    0         8      
       main.obj                      400    0         38     
       startup_msp432p401r_ccs.obj   14     228       0      
    +--+-----------------------------+------+---------+---------+
       Total:                        1234   228       46     
                                                             
    C:\ti\ccs930\ccs\tools\compiler\ti-cgt-arm_18.12.4.LTS\lib\rtsv7M4_T_le_v4SPD16_eabi.lib
       memcpy_t2.asm.obj             156    0         0      
       copy_decompress_lzss.c.obj    104    0         0      
       autoinit.c.obj                68     0         0      
       boot_cortex_m.c.obj           52     0         0      
       copy_zero_init.c.obj          28     0         0      
       copy_decompress_none.c.obj    14     0         0      
       exit.c.obj                    4      0         0      
       pre_init.c.obj                4      0         0      
    +--+-----------------------------+------+---------+---------+
       Total:                        430    0         0      
                                                             
       Stack:                        0      0         1024   
       Linker Generated:             0      44        0      
    +--+-----------------------------+------+---------+---------+
       Grand Total:                  1664   272       1070   


LINKER GENERATED COPY TABLES

__TI_cinit_table @ 00000788 records: 2, size/record: 8, table size: 16
	.bss: load addr=00000778, load size=00000008 bytes, run addr=20000000, run size=00000013 bytes, compression=zero_init
	.data: load addr=00000780, load size=00000008 bytes, run addr=20000014, run size=00000004 bytes, compression=lzss


LINKER GENERATED HANDLER TABLE

__TI_handler_table @ 00000768 records: 3, size/record: 4, table size: 12
	index: 0, handler: __TI_decompress_lzss
	index: 1, handler: __TI_decompress_none
	index: 2, handler: __TI_zero_init


GLOBAL SYMBOLS: SORTED ALPHABETICALLY BY Name 

address   name                          
-------   ----                          
0000075b  ADC14_IRQHandler              
0000075b  AES256_IRQHandler             
0000075b  BusFault_Handler              
00000761  C$$EXIT                       
0000075b  COMP_E0_IRQHandler            
0000075b  COMP_E1_IRQHandler            
0000075b  CS_IRQHandler                 
0000075b  DMA_ERR_IRQHandler            
0000075b  DMA_INT0_IRQHandler           
0000075b  DMA_INT1_IRQHandler           
0000075b  DMA_INT2_IRQHandler           
0000075b  DMA_INT3_IRQHandler           
0000075b  DebugMon_Handler              
0000075b  Default_Handler               
0000075b  EUSCIA0_IRQHandler            
0000075b  EUSCIA1_IRQHandler            
0000075b  EUSCIA2_IRQHandler            
0000075b  EUSCIA3_IRQHandler            
0000075b  EUSCIB0_IRQHandler            
0000075b  EUSCIB1_IRQHandler            
0000075b  EUSCIB2_IRQHandler            
0000075b  EUSCIB3_IRQHandler            
0000075b  FLCTL_IRQHandler              
0000075b  FPU_IRQHandler                
0000075b  HardFault_Handler             
0000075b  MemManage_Handler             
0000075b  NMI_Handler                   
0000075b  PCM_IRQHandler                
0000075b  PORT1_IRQHandler              
0000075b  PORT2_IRQHandler              
0000075b  PORT3_IRQHandler              
0000075b  PORT4_IRQHandler              
0000075b  PORT5_IRQHandler              
0000075b  PORT6_IRQHandler              
0000075b  PSS_IRQHandler                
0000075b  PendSV_Handler                
0000075b  RTC_C_IRQHandler              
0000074f  Reset_Handler                 
0000075b  SVC_Handler                   
0000075b  SysTick_Handler               
20000014  SystemCoreClock               
000000e5  SystemCoreClockUpdate         
0000035d  SystemInit                    
0000075b  T32_INT1_IRQHandler           
0000075b  T32_INT2_IRQHandler           
0000075b  T32_INTC_IRQHandler           
0000075b  TA0_0_IRQHandler              
0000075b  TA0_N_IRQHandler              
0000075b  TA1_0_IRQHandler              
0000075b  TA1_N_IRQHandler              
0000075b  TA2_0_IRQHandler              
0000075b  TA2_N_IRQHandler              
0000075b  TA3_0_IRQHandler              
0000075b  TA3_N_IRQHandler              
0000075b  UsageFault_Handler            
4000480c  WDTCTL_SYM                    
0000075b  WDT_A_IRQHandler              
20010000  __STACK_END                   
00000200  __STACK_SIZE                  
00000788  __TI_CINIT_Base               
00000798  __TI_CINIT_Limit              
00000768  __TI_Handler_Table_Base       
00000774  __TI_Handler_Table_Limit      
000006ad  __TI_auto_init_nobinit_nopinit
00000645  __TI_decompress_lzss          
00000741  __TI_decompress_none          
ffffffff  __TI_pprof_out_hndl           
ffffffff  __TI_prof_data_size           
ffffffff  __TI_prof_data_start          
00000000  __TI_static_base__            
00000725  __TI_zero_init_nomemset       
000005a9  __aeabi_memcpy                
000005a9  __aeabi_memcpy4               
000005a9  __aeabi_memcpy8               
ffffffff  __binit__                     
ffffffff  __c_args__                    
UNDEFED   __mpu_init                    
2000fe00  __stack                       
000006f1  _c_int00_noargs               
UNDEFED   _system_post_cinit            
0000075d  _system_pre_init              
20000000  a                             
00000761  abort                         
20000001  b                             
ffffffff  binit                         
20000002  c0                            
20000003  c1                            
20000004  c10                           
20000005  c11                           
20000006  c12                           
20000007  c13                           
20000008  c14                           
20000009  c2                            
2000000a  c3                            
2000000b  c4                            
2000000c  c5                            
2000000d  c6                            
2000000e  c7                            
2000000f  c8                            
20000010  c9                            
00000000  interruptVectors              
00000419  main                          
000005a9  memcpy                        
20000011  x                             
20000012  y                             


GLOBAL SYMBOLS: SORTED BY Symbol Address 

address   name                          
-------   ----                          
00000000  __TI_static_base__            
00000000  interruptVectors              
000000e5  SystemCoreClockUpdate         
00000200  __STACK_SIZE                  
0000035d  SystemInit                    
00000419  main                          
000005a9  __aeabi_memcpy                
000005a9  __aeabi_memcpy4               
000005a9  __aeabi_memcpy8               
000005a9  memcpy                        
00000645  __TI_decompress_lzss          
000006ad  __TI_auto_init_nobinit_nopinit
000006f1  _c_int00_noargs               
00000725  __TI_zero_init_nomemset       
00000741  __TI_decompress_none          
0000074f  Reset_Handler                 
0000075b  ADC14_IRQHandler              
0000075b  AES256_IRQHandler             
0000075b  BusFault_Handler              
0000075b  COMP_E0_IRQHandler            
0000075b  COMP_E1_IRQHandler            
0000075b  CS_IRQHandler                 
0000075b  DMA_ERR_IRQHandler            
0000075b  DMA_INT0_IRQHandler           
0000075b  DMA_INT1_IRQHandler           
0000075b  DMA_INT2_IRQHandler           
0000075b  DMA_INT3_IRQHandler           
0000075b  DebugMon_Handler              
0000075b  Default_Handler               
0000075b  EUSCIA0_IRQHandler            
0000075b  EUSCIA1_IRQHandler            
0000075b  EUSCIA2_IRQHandler            
0000075b  EUSCIA3_IRQHandler            
0000075b  EUSCIB0_IRQHandler            
0000075b  EUSCIB1_IRQHandler            
0000075b  EUSCIB2_IRQHandler            
0000075b  EUSCIB3_IRQHandler            
0000075b  FLCTL_IRQHandler              
0000075b  FPU_IRQHandler                
0000075b  HardFault_Handler             
0000075b  MemManage_Handler             
0000075b  NMI_Handler                   
0000075b  PCM_IRQHandler                
0000075b  PORT1_IRQHandler              
0000075b  PORT2_IRQHandler              
0000075b  PORT3_IRQHandler              
0000075b  PORT4_IRQHandler              
0000075b  PORT5_IRQHandler              
0000075b  PORT6_IRQHandler              
0000075b  PSS_IRQHandler                
0000075b  PendSV_Handler                
0000075b  RTC_C_IRQHandler              
0000075b  SVC_Handler                   
0000075b  SysTick_Handler               
0000075b  T32_INT1_IRQHandler           
0000075b  T32_INT2_IRQHandler           
0000075b  T32_INTC_IRQHandler           
0000075b  TA0_0_IRQHandler              
0000075b  TA0_N_IRQHandler              
0000075b  TA1_0_IRQHandler              
0000075b  TA1_N_IRQHandler              
0000075b  TA2_0_IRQHandler              
0000075b  TA2_N_IRQHandler              
0000075b  TA3_0_IRQHandler              
0000075b  TA3_N_IRQHandler              
0000075b  UsageFault_Handler            
0000075b  WDT_A_IRQHandler              
0000075d  _system_pre_init              
00000761  C$$EXIT                       
00000761  abort                         
00000768  __TI_Handler_Table_Base       
00000774  __TI_Handler_Table_Limit      
00000788  __TI_CINIT_Base               
00000798  __TI_CINIT_Limit              
20000000  a                             
20000001  b                             
20000002  c0                            
20000003  c1                            
20000004  c10                           
20000005  c11                           
20000006  c12                           
20000007  c13                           
20000008  c14                           
20000009  c2                            
2000000a  c3                            
2000000b  c4                            
2000000c  c5                            
2000000d  c6                            
2000000e  c7                            
2000000f  c8                            
20000010  c9                            
20000011  x                             
20000012  y                             
20000014  SystemCoreClock               
2000fe00  __stack                       
20010000  __STACK_END                   
4000480c  WDTCTL_SYM                    
ffffffff  __TI_pprof_out_hndl           
ffffffff  __TI_prof_data_size           
ffffffff  __TI_prof_data_start          
ffffffff  __binit__                     
ffffffff  __c_args__                    
ffffffff  binit                         
UNDEFED   __mpu_init                    
UNDEFED   _system_post_cinit            

[105 symbols]
