******************************************************************************
                  TI ARM Linker PC v18.1.5                     
******************************************************************************
>> Linked Wed Jul  1 09:57:05 2020

OUTPUT FILE NAME:   <Example2AA_MSP_EXP432P401R_nortos_ccs2.out>
ENTRY POINT SYMBOL: "_c_int00_noinit_noargs"  address: 00000265


MEMORY CONFIGURATION

         name            origin    length      used     unused   attr    fill
----------------------  --------  ---------  --------  --------  ----  --------
  MAIN                  00000000   00040000  0000032a  0003fcd6  R  X
  INFO                  00200000   00004000  00000000  00004000  R  X
  SRAM_CODE             01000000   00010000  00000200  0000fe00  RW X
  SRAM_DATA             20000000   00010000  00000200  0000fe00  RW  


SEGMENT ALLOCATION MAP

run origin  load origin   length   init length attrs members
----------  ----------- ---------- ----------- ----- -------
00000000    00000000    0000032c   0000032c    r-x
  00000000    00000000    000000e4   000000e4    r-- .intvecs
  000000e4    000000e4    00000216   00000216    r-x .text
  000002fc    000002fc    00000030   00000030    r-- .const
2000fe00    2000fe00    00000200   00000000    rw-
  2000fe00    2000fe00    00000200   00000000    rw- .stack


SECTION ALLOCATION MAP

 output                                  attributes/
section   page    origin      length       input sections
--------  ----  ----------  ----------   ----------------
.intvecs   0    00000000    000000e4     
                  00000000    000000e4     startup_msp432p401r_ccs.obj (.intvecs:retain)

.text      0    000000e4    00000216     
                  000000e4    00000078     system_msp432p401r.obj (.text:SystemInit)
                  0000015c    00000058     msp432p4xx_driverlib.lib : gpio.o (.text:GPIO_setAsInputPinWithPullDownResistor)
                  000001b4    00000040                              : gpio.o (.text:GPIO_setAsOutputPin)
                  000001f4    00000040     main.obj (.text:main)
                  00000234    00000030     msp432p4xx_driverlib.lib : gpio.o (.text:GPIO_getInputPinValue)
                  00000264    00000030     rtsv7M4_T_le_v4SPD16_eabi.lib : boot_cortex_m.c.obj (.text:_c_int00_noinit_noargs:_c_int00_noinit_noargs)
                  00000294    00000028     msp432p4xx_driverlib.lib : gpio.o (.text:GPIO_setOutputHighOnPin)
                  000002bc    00000028                              : gpio.o (.text:GPIO_setOutputLowOnPin)
                  000002e4    0000000c     startup_msp432p401r_ccs.obj (.text:Reset_Handler)
                  000002f0    00000004     rtsv7M4_T_le_v4SPD16_eabi.lib : pre_init.c.obj (.text:_system_pre_init)
                  000002f4    00000004                                   : exit.c.obj (.text:abort:abort)
                  000002f8    00000002     startup_msp432p401r_ccs.obj (.text:Default_Handler)

.const     0    000002fc    00000030     
                  000002fc    00000030     msp432p4xx_driverlib.lib : gpio.o (.const:GPIO_PORT_TO_BASE)

.cinit     0    00000000    00000000     UNINITIALIZED

.init_array 
*          0    00000000    00000000     UNINITIALIZED

.binit     0    00000000    00000000     

.stack     0    2000fe00    00000200     UNINITIALIZED
                  2000fe00    00000004     rtsv7M4_T_le_v4SPD16_eabi.lib : boot_cortex_m.c.obj (.stack)
                  2000fe04    000001fc     --HOLE--

MODULE SUMMARY

       Module                        code   ro data   rw data
       ------                        ----   -------   -------
    .\
       system_msp432p401r.obj        120    0         0      
       main.obj                      64     0         0      
    +--+-----------------------------+------+---------+---------+
       Total:                        184    0         0      
                                                             
    .\ccs\
       startup_msp432p401r_ccs.obj   14     228       0      
    +--+-----------------------------+------+---------+---------+
       Total:                        14     228       0      
                                                             
    C:/ti/simplelink_msp432p4_sdk_2_40_00_10/source/ti/devices/msp432p4xx/driverlib/ccs/msp432p4xx_driverlib.lib
       gpio.o                        280    48        0      
    +--+-----------------------------+------+---------+---------+
       Total:                        280    48        0      
                                                             
    C:\ti\ccsv8\tools\compiler\ti-cgt-arm_18.1.5.LTS\lib\rtsv7M4_T_le_v4SPD16_eabi.lib
       boot_cortex_m.c.obj           48     0         0      
       exit.c.obj                    4      0         0      
       pre_init.c.obj                4      0         0      
    +--+-----------------------------+------+---------+---------+
       Total:                        56     0         0      
                                                             
       Stack:                        0      0         1024   
    +--+-----------------------------+------+---------+---------+
       Grand Total:                  534    276       1024   


GLOBAL SYMBOLS: SORTED ALPHABETICALLY BY Name 

address   name                                  
-------   ----                                  
000002f9  ADC14_IRQHandler                      
000002f9  AES256_IRQHandler                     
000002f9  BusFault_Handler                      
000002f5  C$$EXIT                               
000002f9  COMP_E0_IRQHandler                    
000002f9  COMP_E1_IRQHandler                    
000002f9  CS_IRQHandler                         
000002f9  DMA_ERR_IRQHandler                    
000002f9  DMA_INT0_IRQHandler                   
000002f9  DMA_INT1_IRQHandler                   
000002f9  DMA_INT2_IRQHandler                   
000002f9  DMA_INT3_IRQHandler                   
000002f9  DebugMon_Handler                      
000002f9  Default_Handler                       
000002f9  EUSCIA0_IRQHandler                    
000002f9  EUSCIA1_IRQHandler                    
000002f9  EUSCIA2_IRQHandler                    
000002f9  EUSCIA3_IRQHandler                    
000002f9  EUSCIB0_IRQHandler                    
000002f9  EUSCIB1_IRQHandler                    
000002f9  EUSCIB2_IRQHandler                    
000002f9  EUSCIB3_IRQHandler                    
000002f9  FLCTL_IRQHandler                      
000002f9  FPU_IRQHandler                        
00000235  GPIO_getInputPinValue                 
0000015d  GPIO_setAsInputPinWithPullDownResistor
000001b5  GPIO_setAsOutputPin                   
00000295  GPIO_setOutputHighOnPin               
000002bd  GPIO_setOutputLowOnPin                
000002f9  HardFault_Handler                     
000002f9  MemManage_Handler                     
000002f9  NMI_Handler                           
000002f9  PCM_IRQHandler                        
000002f9  PORT1_IRQHandler                      
000002f9  PORT2_IRQHandler                      
000002f9  PORT3_IRQHandler                      
000002f9  PORT4_IRQHandler                      
000002f9  PORT5_IRQHandler                      
000002f9  PORT6_IRQHandler                      
000002f9  PSS_IRQHandler                        
000002f9  PendSV_Handler                        
000002f9  RTC_C_IRQHandler                      
000002e5  Reset_Handler                         
000002f9  SVC_Handler                           
000002f9  SysTick_Handler                       
000000e5  SystemInit                            
000002f9  T32_INT1_IRQHandler                   
000002f9  T32_INT2_IRQHandler                   
000002f9  T32_INTC_IRQHandler                   
000002f9  TA0_0_IRQHandler                      
000002f9  TA0_N_IRQHandler                      
000002f9  TA1_0_IRQHandler                      
000002f9  TA1_N_IRQHandler                      
000002f9  TA2_0_IRQHandler                      
000002f9  TA2_N_IRQHandler                      
000002f9  TA3_0_IRQHandler                      
000002f9  TA3_N_IRQHandler                      
000002f9  UsageFault_Handler                    
4000480c  WDTCTL_SYM                            
000002f9  WDT_A_IRQHandler                      
20010000  __STACK_END                           
00000200  __STACK_SIZE                          
ffffffff  __TI_pprof_out_hndl                   
ffffffff  __TI_prof_data_size                   
ffffffff  __TI_prof_data_start                  
00000000  __TI_static_base__                    
ffffffff  __binit__                             
ffffffff  __c_args__                            
UNDEFED   __mpu_init                            
2000fe00  __stack                               
00000265  _c_int00_noinit_noargs                
000002f1  _system_pre_init                      
000002f5  abort                                 
ffffffff  binit                                 
00000000  interruptVectors                      
000001f5  main                                  


GLOBAL SYMBOLS: SORTED BY Symbol Address 

address   name                                  
-------   ----                                  
00000000  __TI_static_base__                    
00000000  interruptVectors                      
000000e5  SystemInit                            
0000015d  GPIO_setAsInputPinWithPullDownResistor
000001b5  GPIO_setAsOutputPin                   
000001f5  main                                  
00000200  __STACK_SIZE                          
00000235  GPIO_getInputPinValue                 
00000265  _c_int00_noinit_noargs                
00000295  GPIO_setOutputHighOnPin               
000002bd  GPIO_setOutputLowOnPin                
000002e5  Reset_Handler                         
000002f1  _system_pre_init                      
000002f5  C$$EXIT                               
000002f5  abort                                 
000002f9  ADC14_IRQHandler                      
000002f9  AES256_IRQHandler                     
000002f9  BusFault_Handler                      
000002f9  COMP_E0_IRQHandler                    
000002f9  COMP_E1_IRQHandler                    
000002f9  CS_IRQHandler                         
000002f9  DMA_ERR_IRQHandler                    
000002f9  DMA_INT0_IRQHandler                   
000002f9  DMA_INT1_IRQHandler                   
000002f9  DMA_INT2_IRQHandler                   
000002f9  DMA_INT3_IRQHandler                   
000002f9  DebugMon_Handler                      
000002f9  Default_Handler                       
000002f9  EUSCIA0_IRQHandler                    
000002f9  EUSCIA1_IRQHandler                    
000002f9  EUSCIA2_IRQHandler                    
000002f9  EUSCIA3_IRQHandler                    
000002f9  EUSCIB0_IRQHandler                    
000002f9  EUSCIB1_IRQHandler                    
000002f9  EUSCIB2_IRQHandler                    
000002f9  EUSCIB3_IRQHandler                    
000002f9  FLCTL_IRQHandler                      
000002f9  FPU_IRQHandler                        
000002f9  HardFault_Handler                     
000002f9  MemManage_Handler                     
000002f9  NMI_Handler                           
000002f9  PCM_IRQHandler                        
000002f9  PORT1_IRQHandler                      
000002f9  PORT2_IRQHandler                      
000002f9  PORT3_IRQHandler                      
000002f9  PORT4_IRQHandler                      
000002f9  PORT5_IRQHandler                      
000002f9  PORT6_IRQHandler                      
000002f9  PSS_IRQHandler                        
000002f9  PendSV_Handler                        
000002f9  RTC_C_IRQHandler                      
000002f9  SVC_Handler                           
000002f9  SysTick_Handler                       
000002f9  T32_INT1_IRQHandler                   
000002f9  T32_INT2_IRQHandler                   
000002f9  T32_INTC_IRQHandler                   
000002f9  TA0_0_IRQHandler                      
000002f9  TA0_N_IRQHandler                      
000002f9  TA1_0_IRQHandler                      
000002f9  TA1_N_IRQHandler                      
000002f9  TA2_0_IRQHandler                      
000002f9  TA2_N_IRQHandler                      
000002f9  TA3_0_IRQHandler                      
000002f9  TA3_N_IRQHandler                      
000002f9  UsageFault_Handler                    
000002f9  WDT_A_IRQHandler                      
2000fe00  __stack                               
20010000  __STACK_END                           
4000480c  WDTCTL_SYM                            
ffffffff  __TI_pprof_out_hndl                   
ffffffff  __TI_prof_data_size                   
ffffffff  __TI_prof_data_start                  
ffffffff  __binit__                             
ffffffff  __c_args__                            
ffffffff  binit                                 
UNDEFED   __mpu_init                            

[76 symbols]
