******************************************************************************
                  TI ARM Linker Unix v20.2.6                   
******************************************************************************
>> Linked Mon Jun 27 13:28:51 2022

OUTPUT FILE NAME:   <Lab1Part2G09.out>
ENTRY POINT SYMBOL: "_c_int00_noinit_noargs"  address: 000002ed


MEMORY CONFIGURATION

         name            origin    length      used     unused   attr    fill
----------------------  --------  ---------  --------  --------  ----  --------
  MAIN                  00000000   00040000  00000386  0003fc7a  R  X
  INFO                  00200000   00004000  00000000  00004000  R  X
  SRAM_CODE             01000000   00010000  00000200  0000fe00  RW X
  SRAM_DATA             20000000   00010000  00000200  0000fe00  RW  


SEGMENT ALLOCATION MAP

run origin  load origin   length   init length attrs members
----------  ----------- ---------- ----------- ----- -------
00000000    00000000    00000386   00000386    r-x
  00000000    00000000    000000e4   000000e4    r-- .intvecs
  000000e4    000000e4    0000024a   0000024a    r-x .text
  0000032e    0000032e    00000058   00000058    r-- .const
2000fe00    2000fe00    00000200   00000000    rw-
  2000fe00    2000fe00    00000200   00000000    rw- .stack


SECTION ALLOCATION MAP

 output                                  attributes/
section   page    origin      length       input sections
--------  ----  ----------  ----------   ----------------
.intvecs   0    00000000    000000e4     
                  00000000    000000e4     startup_msp432p401r_ccs.obj (.intvecs:retain)

.text      0    000000e4    0000024a     
                  000000e4    000000f4     main.obj (.text:main)
                  000001d8    0000009c     rtsv7M4_T_le_v4SPD16_eabi.lib : memcpy_t2.asm.obj (.text)
                  00000274    00000078     system_msp432p401r.obj (.text:SystemInit)
                  000002ec    0000002c     rtsv7M4_T_le_v4SPD16_eabi.lib : boot_cortex_m.c.obj (.text:_c_int00_noinit_noargs:_c_int00_noinit_noargs)
                  00000318    0000000c     startup_msp432p401r_ccs.obj (.text:Reset_Handler)
                  00000324    00000004     rtsv7M4_T_le_v4SPD16_eabi.lib : pre_init.c.obj (.text:_system_pre_init)
                  00000328    00000004                                   : exit.c.obj (.text:abort:abort)
                  0000032c    00000002     startup_msp432p401r_ccs.obj (.text:Default_Handler)

.const     0    0000032e    00000058     
                  0000032e    00000058     main.obj (.const:.string:$P$T0$1)

.cinit     0    00000000    00000000     UNINITIALIZED

.init_array 
*          0    00000000    00000000     UNINITIALIZED

.binit     0    00000000    00000000     

.stack     0    2000fe00    00000200     UNINITIALIZED
                  2000fe00    00000004     rtsv7M4_T_le_v4SPD16_eabi.lib : boot_cortex_m.c.obj (.stack)
                  2000fe04    000001fc     --HOLE--

__llvm_prf_cnts 
*          0    20000000    00000000     UNINITIALIZED

MODULE SUMMARY

       Module                        code   ro data   rw data
       ------                        ----   -------   -------
    ./
       main.obj                      244    88        0      
       system_msp432p401r.obj        120    0         0      
    +--+-----------------------------+------+---------+---------+
       Total:                        364    88        0      
                                                             
    ./ccs/
       startup_msp432p401r_ccs.obj   14     228       0      
    +--+-----------------------------+------+---------+---------+
       Total:                        14     228       0      
                                                             
    /Applications/ti/ccs1120/ccs/tools/compiler/ti-cgt-arm_20.2.6.LTS/lib/rtsv7M4_T_le_v4SPD16_eabi.lib
       memcpy_t2.asm.obj             156    0         0      
       boot_cortex_m.c.obj           44     0         0      
       exit.c.obj                    4      0         0      
       pre_init.c.obj                4      0         0      
    +--+-----------------------------+------+---------+---------+
       Total:                        208    0         0      
                                                             
       Stack:                        0      0         1024   
    +--+-----------------------------+------+---------+---------+
       Grand Total:                  586    316       1024   


GLOBAL SYMBOLS: SORTED ALPHABETICALLY BY Name 

address   name                   
-------   ----                   
0000032d  ADC14_IRQHandler       
0000032d  AES256_IRQHandler      
0000032d  BusFault_Handler       
00000329  C$$EXIT                
0000032d  COMP_E0_IRQHandler     
0000032d  COMP_E1_IRQHandler     
0000032d  CS_IRQHandler          
0000032d  DMA_ERR_IRQHandler     
0000032d  DMA_INT0_IRQHandler    
0000032d  DMA_INT1_IRQHandler    
0000032d  DMA_INT2_IRQHandler    
0000032d  DMA_INT3_IRQHandler    
0000032d  DebugMon_Handler       
0000032d  Default_Handler        
0000032d  EUSCIA0_IRQHandler     
0000032d  EUSCIA1_IRQHandler     
0000032d  EUSCIA2_IRQHandler     
0000032d  EUSCIA3_IRQHandler     
0000032d  EUSCIB0_IRQHandler     
0000032d  EUSCIB1_IRQHandler     
0000032d  EUSCIB2_IRQHandler     
0000032d  EUSCIB3_IRQHandler     
0000032d  FLCTL_IRQHandler       
0000032d  FPU_IRQHandler         
0000032d  HardFault_Handler      
0000032d  MemManage_Handler      
0000032d  NMI_Handler            
0000032d  PCM_IRQHandler         
0000032d  PORT1_IRQHandler       
0000032d  PORT2_IRQHandler       
0000032d  PORT3_IRQHandler       
0000032d  PORT4_IRQHandler       
0000032d  PORT5_IRQHandler       
0000032d  PORT6_IRQHandler       
0000032d  PSS_IRQHandler         
0000032d  PendSV_Handler         
0000032d  RTC_C_IRQHandler       
00000319  Reset_Handler          
0000032d  SVC_Handler            
0000032d  SysTick_Handler        
00000275  SystemInit             
0000032d  T32_INT1_IRQHandler    
0000032d  T32_INT2_IRQHandler    
0000032d  T32_INTC_IRQHandler    
0000032d  TA0_0_IRQHandler       
0000032d  TA0_N_IRQHandler       
0000032d  TA1_0_IRQHandler       
0000032d  TA1_N_IRQHandler       
0000032d  TA2_0_IRQHandler       
0000032d  TA2_N_IRQHandler       
0000032d  TA3_0_IRQHandler       
0000032d  TA3_N_IRQHandler       
0000032d  UsageFault_Handler     
4000480c  WDTCTL_SYM             
0000032d  WDT_A_IRQHandler       
20010000  __STACK_END            
00000200  __STACK_SIZE           
ffffffff  __TI_pprof_out_hndl    
ffffffff  __TI_prof_data_size    
ffffffff  __TI_prof_data_start   
00000000  __TI_static_base__     
000001d9  __aeabi_memcpy         
000001d9  __aeabi_memcpy4        
000001d9  __aeabi_memcpy8        
ffffffff  __binit__              
ffffffff  __c_args__             
UNDEFED   __mpu_init             
2000fe00  __stack                
20000000  __start___llvm_prf_cnts
20000000  __stop___llvm_prf_cnts 
000002ed  _c_int00_noinit_noargs 
00000325  _system_pre_init       
00000329  abort                  
ffffffff  binit                  
00000000  interruptVectors       
000000e5  main                   
000001d9  memcpy                 


GLOBAL SYMBOLS: SORTED BY Symbol Address 

address   name                   
-------   ----                   
00000000  __TI_static_base__     
00000000  interruptVectors       
000000e5  main                   
000001d9  __aeabi_memcpy         
000001d9  __aeabi_memcpy4        
000001d9  __aeabi_memcpy8        
000001d9  memcpy                 
00000200  __STACK_SIZE           
00000275  SystemInit             
000002ed  _c_int00_noinit_noargs 
00000319  Reset_Handler          
00000325  _system_pre_init       
00000329  C$$EXIT                
00000329  abort                  
0000032d  ADC14_IRQHandler       
0000032d  AES256_IRQHandler      
0000032d  BusFault_Handler       
0000032d  COMP_E0_IRQHandler     
0000032d  COMP_E1_IRQHandler     
0000032d  CS_IRQHandler          
0000032d  DMA_ERR_IRQHandler     
0000032d  DMA_INT0_IRQHandler    
0000032d  DMA_INT1_IRQHandler    
0000032d  DMA_INT2_IRQHandler    
0000032d  DMA_INT3_IRQHandler    
0000032d  DebugMon_Handler       
0000032d  Default_Handler        
0000032d  EUSCIA0_IRQHandler     
0000032d  EUSCIA1_IRQHandler     
0000032d  EUSCIA2_IRQHandler     
0000032d  EUSCIA3_IRQHandler     
0000032d  EUSCIB0_IRQHandler     
0000032d  EUSCIB1_IRQHandler     
0000032d  EUSCIB2_IRQHandler     
0000032d  EUSCIB3_IRQHandler     
0000032d  FLCTL_IRQHandler       
0000032d  FPU_IRQHandler         
0000032d  HardFault_Handler      
0000032d  MemManage_Handler      
0000032d  NMI_Handler            
0000032d  PCM_IRQHandler         
0000032d  PORT1_IRQHandler       
0000032d  PORT2_IRQHandler       
0000032d  PORT3_IRQHandler       
0000032d  PORT4_IRQHandler       
0000032d  PORT5_IRQHandler       
0000032d  PORT6_IRQHandler       
0000032d  PSS_IRQHandler         
0000032d  PendSV_Handler         
0000032d  RTC_C_IRQHandler       
0000032d  SVC_Handler            
0000032d  SysTick_Handler        
0000032d  T32_INT1_IRQHandler    
0000032d  T32_INT2_IRQHandler    
0000032d  T32_INTC_IRQHandler    
0000032d  TA0_0_IRQHandler       
0000032d  TA0_N_IRQHandler       
0000032d  TA1_0_IRQHandler       
0000032d  TA1_N_IRQHandler       
0000032d  TA2_0_IRQHandler       
0000032d  TA2_N_IRQHandler       
0000032d  TA3_0_IRQHandler       
0000032d  TA3_N_IRQHandler       
0000032d  UsageFault_Handler     
0000032d  WDT_A_IRQHandler       
20000000  __start___llvm_prf_cnts
20000000  __stop___llvm_prf_cnts 
2000fe00  __stack                
20010000  __STACK_END            
4000480c  WDTCTL_SYM             
ffffffff  __TI_pprof_out_hndl    
ffffffff  __TI_prof_data_size    
ffffffff  __TI_prof_data_start   
ffffffff  __binit__              
ffffffff  __c_args__             
ffffffff  binit                  
UNDEFED   __mpu_init             

[77 symbols]
