<?xml version="1.0" encoding="ISO-8859-1" ?>
<link_info>
   <banner>TI ARM Linker Unix v20.2.6.LTS</banner>
   <copyright>Copyright (c) 1996-2018 Texas Instruments Incorporated</copyright>
   <link_time>0x62c62300</link_time>
   <link_errors>0x0</link_errors>
   <output_file>Lab3Part1G09.out</output_file>
   <entry_point>
      <name>_c_int00_noargs</name>
      <address>0x2419</address>
   </entry_point>
   <input_file_list>
      <input_file id="fl-1">
         <path>./</path>
         <kind>object</kind>
         <file>main.obj</file>
         <name>main.obj</name>
      </input_file>
      <input_file id="fl-2">
         <path>./</path>
         <kind>object</kind>
         <file>system_msp432p401r.obj</file>
         <name>system_msp432p401r.obj</name>
      </input_file>
      <input_file id="fl-3">
         <path>./ccs/</path>
         <kind>object</kind>
         <file>startup_msp432p401r_ccs.obj</file>
         <name>startup_msp432p401r_ccs.obj</name>
      </input_file>
      <input_file id="fl-d">
         <kind>object</kind>
         <file>&lt;internal&gt;</file>
         <name>&lt;internal&gt;</name>
      </input_file>
      <input_file id="fl-e">
         <path>/Applications/ti/simplelink_msp432p4_sdk_3_40_01_02/source/ti/devices/msp432p4xx/driverlib/ccs/</path>
         <kind>archive</kind>
         <file>msp432p4xx_driverlib.lib</file>
         <name>cs.o</name>
      </input_file>
      <input_file id="fl-f">
         <path>/Applications/ti/simplelink_msp432p4_sdk_3_40_01_02/source/ti/devices/msp432p4xx/driverlib/ccs/</path>
         <kind>archive</kind>
         <file>msp432p4xx_driverlib.lib</file>
         <name>gpio.o</name>
      </input_file>
      <input_file id="fl-10">
         <path>/Applications/ti/simplelink_msp432p4_sdk_3_40_01_02/source/ti/devices/msp432p4xx/driverlib/ccs/</path>
         <kind>archive</kind>
         <file>msp432p4xx_driverlib.lib</file>
         <name>interrupt.o</name>
      </input_file>
      <input_file id="fl-11">
         <path>/Applications/ti/simplelink_msp432p4_sdk_3_40_01_02/source/ti/devices/msp432p4xx/driverlib/ccs/</path>
         <kind>archive</kind>
         <file>msp432p4xx_driverlib.lib</file>
         <name>sysctl_a.o</name>
      </input_file>
      <input_file id="fl-12">
         <path>/Applications/ti/simplelink_msp432p4_sdk_3_40_01_02/source/ti/devices/msp432p4xx/driverlib/ccs/</path>
         <kind>archive</kind>
         <file>msp432p4xx_driverlib.lib</file>
         <name>uart.o</name>
      </input_file>
      <input_file id="fl-13">
         <path>/Applications/ti/simplelink_msp432p4_sdk_3_40_01_02/source/ti/devices/msp432p4xx/driverlib/ccs/</path>
         <kind>archive</kind>
         <file>msp432p4xx_driverlib.lib</file>
         <name>cpu.o</name>
      </input_file>
      <input_file id="fl-c9">
         <path>/Applications/ti/ccs1120/ccs/tools/compiler/ti-cgt-arm_20.2.6.LTS/lib/</path>
         <kind>archive</kind>
         <file>rtsv7M4_T_le_v4SPD16_eabi.lib</file>
         <name>sprintf.c.obj</name>
      </input_file>
      <input_file id="fl-ca">
         <path>/Applications/ti/ccs1120/ccs/tools/compiler/ti-cgt-arm_20.2.6.LTS/lib/</path>
         <kind>archive</kind>
         <file>rtsv7M4_T_le_v4SPD16_eabi.lib</file>
         <name>fd_mul_t2.asm.obj</name>
      </input_file>
      <input_file id="fl-cb">
         <path>/Applications/ti/ccs1120/ccs/tools/compiler/ti-cgt-arm_20.2.6.LTS/lib/</path>
         <kind>archive</kind>
         <file>rtsv7M4_T_le_v4SPD16_eabi.lib</file>
         <name>fd_tos_t2.asm.obj</name>
      </input_file>
      <input_file id="fl-cc">
         <path>/Applications/ti/ccs1120/ccs/tools/compiler/ti-cgt-arm_20.2.6.LTS/lib/</path>
         <kind>archive</kind>
         <file>rtsv7M4_T_le_v4SPD16_eabi.lib</file>
         <name>fs_tod_t2.asm.obj</name>
      </input_file>
      <input_file id="fl-cd">
         <path>/Applications/ti/ccs1120/ccs/tools/compiler/ti-cgt-arm_20.2.6.LTS/lib/</path>
         <kind>archive</kind>
         <file>rtsv7M4_T_le_v4SPD16_eabi.lib</file>
         <name>memcpy_t2.asm.obj</name>
      </input_file>
      <input_file id="fl-ce">
         <path>/Applications/ti/ccs1120/ccs/tools/compiler/ti-cgt-arm_20.2.6.LTS/lib/</path>
         <kind>archive</kind>
         <file>rtsv7M4_T_le_v4SPD16_eabi.lib</file>
         <name>copy_zero_init.c.obj</name>
      </input_file>
      <input_file id="fl-cf">
         <path>/Applications/ti/ccs1120/ccs/tools/compiler/ti-cgt-arm_20.2.6.LTS/lib/</path>
         <kind>archive</kind>
         <file>rtsv7M4_T_le_v4SPD16_eabi.lib</file>
         <name>copy_decompress_none.c.obj</name>
      </input_file>
      <input_file id="fl-d0">
         <path>/Applications/ti/ccs1120/ccs/tools/compiler/ti-cgt-arm_20.2.6.LTS/lib/</path>
         <kind>archive</kind>
         <file>rtsv7M4_T_le_v4SPD16_eabi.lib</file>
         <name>copy_decompress_lzss.c.obj</name>
      </input_file>
      <input_file id="fl-d1">
         <path>/Applications/ti/ccs1120/ccs/tools/compiler/ti-cgt-arm_20.2.6.LTS/lib/</path>
         <kind>archive</kind>
         <file>rtsv7M4_T_le_v4SPD16_eabi.lib</file>
         <name>boot_cortex_m.c.obj</name>
      </input_file>
      <input_file id="fl-d2">
         <path>/Applications/ti/ccs1120/ccs/tools/compiler/ti-cgt-arm_20.2.6.LTS/lib/</path>
         <kind>archive</kind>
         <file>rtsv7M4_T_le_v4SPD16_eabi.lib</file>
         <name>_printfi.c.obj</name>
      </input_file>
      <input_file id="fl-d3">
         <path>/Applications/ti/ccs1120/ccs/tools/compiler/ti-cgt-arm_20.2.6.LTS/lib/</path>
         <kind>archive</kind>
         <file>rtsv7M4_T_le_v4SPD16_eabi.lib</file>
         <name>fd_add_t2.asm.obj</name>
      </input_file>
      <input_file id="fl-d4">
         <path>/Applications/ti/ccs1120/ccs/tools/compiler/ti-cgt-arm_20.2.6.LTS/lib/</path>
         <kind>archive</kind>
         <file>rtsv7M4_T_le_v4SPD16_eabi.lib</file>
         <name>fd_cmp_t2.asm.obj</name>
      </input_file>
      <input_file id="fl-d5">
         <path>/Applications/ti/ccs1120/ccs/tools/compiler/ti-cgt-arm_20.2.6.LTS/lib/</path>
         <kind>archive</kind>
         <file>rtsv7M4_T_le_v4SPD16_eabi.lib</file>
         <name>fd_div_t2.asm.obj</name>
      </input_file>
      <input_file id="fl-d6">
         <path>/Applications/ti/ccs1120/ccs/tools/compiler/ti-cgt-arm_20.2.6.LTS/lib/</path>
         <kind>archive</kind>
         <file>rtsv7M4_T_le_v4SPD16_eabi.lib</file>
         <name>fd_toi_t2.asm.obj</name>
      </input_file>
      <input_file id="fl-d7">
         <path>/Applications/ti/ccs1120/ccs/tools/compiler/ti-cgt-arm_20.2.6.LTS/lib/</path>
         <kind>archive</kind>
         <file>rtsv7M4_T_le_v4SPD16_eabi.lib</file>
         <name>i_tofd_t2.asm.obj</name>
      </input_file>
      <input_file id="fl-d8">
         <path>/Applications/ti/ccs1120/ccs/tools/compiler/ti-cgt-arm_20.2.6.LTS/lib/</path>
         <kind>archive</kind>
         <file>rtsv7M4_T_le_v4SPD16_eabi.lib</file>
         <name>memset_t2.asm.obj</name>
      </input_file>
      <input_file id="fl-d9">
         <path>/Applications/ti/ccs1120/ccs/tools/compiler/ti-cgt-arm_20.2.6.LTS/lib/</path>
         <kind>archive</kind>
         <file>rtsv7M4_T_le_v4SPD16_eabi.lib</file>
         <name>ull_div_t2.asm.obj</name>
      </input_file>
      <input_file id="fl-da">
         <path>/Applications/ti/ccs1120/ccs/tools/compiler/ti-cgt-arm_20.2.6.LTS/lib/</path>
         <kind>archive</kind>
         <file>rtsv7M4_T_le_v4SPD16_eabi.lib</file>
         <name>autoinit.c.obj</name>
      </input_file>
      <input_file id="fl-db">
         <path>/Applications/ti/ccs1120/ccs/tools/compiler/ti-cgt-arm_20.2.6.LTS/lib/</path>
         <kind>archive</kind>
         <file>rtsv7M4_T_le_v4SPD16_eabi.lib</file>
         <name>pre_init.c.obj</name>
      </input_file>
      <input_file id="fl-dc">
         <path>/Applications/ti/ccs1120/ccs/tools/compiler/ti-cgt-arm_20.2.6.LTS/lib/</path>
         <kind>archive</kind>
         <file>rtsv7M4_T_le_v4SPD16_eabi.lib</file>
         <name>cpy_tbl.c.obj</name>
      </input_file>
      <input_file id="fl-dd">
         <path>/Applications/ti/ccs1120/ccs/tools/compiler/ti-cgt-arm_20.2.6.LTS/lib/</path>
         <kind>archive</kind>
         <file>rtsv7M4_T_le_v4SPD16_eabi.lib</file>
         <name>exit.c.obj</name>
      </input_file>
      <input_file id="fl-de">
         <path>/Applications/ti/ccs1120/ccs/tools/compiler/ti-cgt-arm_20.2.6.LTS/lib/</path>
         <kind>archive</kind>
         <file>rtsv7M4_T_le_v4SPD16_eabi.lib</file>
         <name>_lock.c.obj</name>
      </input_file>
      <input_file id="fl-df">
         <path>/Applications/ti/ccs1120/ccs/tools/compiler/ti-cgt-arm_20.2.6.LTS/lib/</path>
         <kind>archive</kind>
         <file>rtsv7M4_T_le_v4SPD16_eabi.lib</file>
         <name>_ltoa.c.obj</name>
      </input_file>
      <input_file id="fl-e0">
         <path>/Applications/ti/ccs1120/ccs/tools/compiler/ti-cgt-arm_20.2.6.LTS/lib/</path>
         <kind>archive</kind>
         <file>rtsv7M4_T_le_v4SPD16_eabi.lib</file>
         <name>args_main.c.obj</name>
      </input_file>
      <input_file id="fl-e1">
         <path>/Applications/ti/ccs1120/ccs/tools/compiler/ti-cgt-arm_20.2.6.LTS/lib/</path>
         <kind>archive</kind>
         <file>rtsv7M4_T_le_v4SPD16_eabi.lib</file>
         <name>atoi.c.obj</name>
      </input_file>
      <input_file id="fl-e2">
         <path>/Applications/ti/ccs1120/ccs/tools/compiler/ti-cgt-arm_20.2.6.LTS/lib/</path>
         <kind>archive</kind>
         <file>rtsv7M4_T_le_v4SPD16_eabi.lib</file>
         <name>ctype.c.obj</name>
      </input_file>
      <input_file id="fl-e3">
         <path>/Applications/ti/ccs1120/ccs/tools/compiler/ti-cgt-arm_20.2.6.LTS/lib/</path>
         <kind>archive</kind>
         <file>rtsv7M4_T_le_v4SPD16_eabi.lib</file>
         <name>memccpy.c.obj</name>
      </input_file>
      <input_file id="fl-e4">
         <path>/Applications/ti/ccs1120/ccs/tools/compiler/ti-cgt-arm_20.2.6.LTS/lib/</path>
         <kind>archive</kind>
         <file>rtsv7M4_T_le_v4SPD16_eabi.lib</file>
         <name>strchr.c.obj</name>
      </input_file>
      <input_file id="fl-e5">
         <path>/Applications/ti/ccs1120/ccs/tools/compiler/ti-cgt-arm_20.2.6.LTS/lib/</path>
         <kind>archive</kind>
         <file>rtsv7M4_T_le_v4SPD16_eabi.lib</file>
         <name>strlen.c.obj</name>
      </input_file>
      <input_file id="fl-e6">
         <path>/Applications/ti/ccs1120/ccs/tools/compiler/ti-cgt-arm_20.2.6.LTS/lib/</path>
         <kind>archive</kind>
         <file>rtsv7M4_T_le_v4SPD16_eabi.lib</file>
         <name>errno.c.obj</name>
      </input_file>
      <input_file id="fl-e7">
         <path>/Applications/ti/ccs1120/ccs/tools/compiler/ti-cgt-arm_20.2.6.LTS/lib/</path>
         <kind>archive</kind>
         <file>rtsv7M4_T_le_v4SPD16_eabi.lib</file>
         <name>s_frexp.c.obj</name>
      </input_file>
      <input_file id="fl-e8">
         <path>/Applications/ti/ccs1120/ccs/tools/compiler/ti-cgt-arm_20.2.6.LTS/lib/</path>
         <kind>archive</kind>
         <file>rtsv7M4_T_le_v4SPD16_eabi.lib</file>
         <name>s_scalbn.c.obj</name>
      </input_file>
      <input_file id="fl-e9">
         <path>/Applications/ti/ccs1120/ccs/tools/compiler/ti-cgt-arm_20.2.6.LTS/lib/</path>
         <kind>archive</kind>
         <file>rtsv7M4_T_le_v4SPD16_eabi.lib</file>
         <name>s_copysign.c.obj</name>
      </input_file>
      <input_file id="fl-ea">
         <path>/Applications/ti/ccs1120/ccs/tools/compiler/ti-cgt-arm_20.2.6.LTS/lib/</path>
         <kind>archive</kind>
         <file>rtsv7M4_T_le_v4SPD16_eabi.lib</file>
         <name>wcslen.c.obj</name>
      </input_file>
      <input_file id="fl-eb">
         <path>/Applications/ti/ccs1120/ccs/tools/compiler/ti-cgt-arm_20.2.6.LTS/lib/</path>
         <kind>archive</kind>
         <file>rtsv7M4_T_le_v4SPD16_eabi.lib</file>
         <name>div0.asm.obj</name>
      </input_file>
   </input_file_list>
   <object_component_list>
      <object_component id="oc-26">
         <name>.intvecs:retain</name>
         <load_address>0x0</load_address>
         <run_address>0x0</run_address>
         <size>0xe4</size>
         <input_file_ref idref="fl-3"/>
      </object_component>
      <object_component id="oc-197">
         <name>.text:__TI_printfi</name>
         <load_address>0xe4</load_address>
         <run_address>0xe4</run_address>
         <size>0xa4e</size>
         <input_file_ref idref="fl-d2"/>
      </object_component>
      <object_component id="oc-6d">
         <name>.text:Default_Handler</name>
         <load_address>0xb32</load_address>
         <run_address>0xb32</run_address>
         <size>0x2</size>
         <input_file_ref idref="fl-3"/>
      </object_component>
      <object_component id="oc-24d">
         <name>.text:_pconv_a</name>
         <load_address>0xb34</load_address>
         <run_address>0xb34</run_address>
         <size>0x270</size>
         <input_file_ref idref="fl-d2"/>
      </object_component>
      <object_component id="oc-23b">
         <name>.text:_pconv_g</name>
         <load_address>0xda4</load_address>
         <run_address>0xda4</run_address>
         <size>0x1d0</size>
         <input_file_ref idref="fl-d2"/>
      </object_component>
      <object_component id="oc-2cb">
         <name>.text</name>
         <load_address>0xf74</load_address>
         <run_address>0xf74</run_address>
         <size>0x1b6</size>
         <input_file_ref idref="fl-d3"/>
      </object_component>
      <object_component id="oc-33b">
         <name>.text</name>
         <load_address>0x112a</load_address>
         <run_address>0x112a</run_address>
         <size>0x2</size>
         <input_file_ref idref="fl-eb"/>
      </object_component>
      <object_component id="oc-247">
         <name>.text:_pconv_e</name>
         <load_address>0x112c</load_address>
         <run_address>0x112c</run_address>
         <size>0x13c</size>
         <input_file_ref idref="fl-d2"/>
      </object_component>
      <object_component id="oc-2b1">
         <name>.text</name>
         <load_address>0x1268</load_address>
         <run_address>0x1268</run_address>
         <size>0x136</size>
         <input_file_ref idref="fl-d5"/>
      </object_component>
      <object_component id="oc-2dd">
         <name>.text:fcvt</name>
         <load_address>0x13a0</load_address>
         <run_address>0x13a0</run_address>
         <size>0x124</size>
         <input_file_ref idref="fl-d2"/>
      </object_component>
      <object_component id="oc-d6">
         <name>.text:UART_initModule</name>
         <load_address>0x14c4</load_address>
         <run_address>0x14c4</run_address>
         <size>0x11c</size>
         <input_file_ref idref="fl-12"/>
      </object_component>
      <object_component id="oc-99">
         <name>.text:main</name>
         <load_address>0x15e0</load_address>
         <run_address>0x15e0</run_address>
         <size>0x114</size>
         <input_file_ref idref="fl-1"/>
      </object_component>
      <object_component id="oc-2f1">
         <name>.text:scalbn</name>
         <load_address>0x16f4</load_address>
         <run_address>0x16f4</run_address>
         <size>0x110</size>
         <input_file_ref idref="fl-e8"/>
      </object_component>
      <object_component id="oc-10b">
         <name>.text</name>
         <load_address>0x1804</load_address>
         <run_address>0x1804</run_address>
         <size>0xfc</size>
         <input_file_ref idref="fl-ca"/>
      </object_component>
      <object_component id="oc-230">
         <name>.text:_ltostr</name>
         <load_address>0x1900</load_address>
         <run_address>0x1900</run_address>
         <size>0xb1</size>
         <input_file_ref idref="fl-d2"/>
      </object_component>
      <object_component id="oc-37">
         <name>.text</name>
         <load_address>0x19b2</load_address>
         <run_address>0x19b2</run_address>
         <size>0x9c</size>
         <input_file_ref idref="fl-cd"/>
      </object_component>
      <object_component id="oc-2aa">
         <name>.text</name>
         <load_address>0x1a4e</load_address>
         <run_address>0x1a4e</run_address>
         <size>0x96</size>
         <input_file_ref idref="fl-d9"/>
      </object_component>
      <object_component id="oc-ca">
         <name>.text:GPIO_setAsPeripheralModuleFunctionInputPin</name>
         <load_address>0x1ae4</load_address>
         <run_address>0x1ae4</run_address>
         <size>0x88</size>
         <input_file_ref idref="fl-f"/>
      </object_component>
      <object_component id="oc-236">
         <name>.text:__aeabi_cdcmple</name>
         <load_address>0x1b6c</load_address>
         <run_address>0x1b6c</run_address>
         <size>0x86</size>
         <input_file_ref idref="fl-d4"/>
      </object_component>
      <object_component id="oc-2b6">
         <name>.text:__aeabi_cdrcmple</name>
         <load_address>0x1bf2</load_address>
         <run_address>0x1bf2</run_address>
         <size>0x86</size>
         <input_file_ref idref="fl-d4"/>
      </object_component>
      <object_component id="oc-e2">
         <name>.text:Interrupt_enableInterrupt</name>
         <load_address>0x1c78</load_address>
         <run_address>0x1c78</run_address>
         <size>0x80</size>
         <input_file_ref idref="fl-10"/>
      </object_component>
      <object_component id="oc-8d">
         <name>.text</name>
         <load_address>0x1cf8</load_address>
         <run_address>0x1cf8</run_address>
         <size>0x7a</size>
         <input_file_ref idref="fl-d8"/>
      </object_component>
      <object_component id="oc-ab">
         <name>.text:SystemInit</name>
         <load_address>0x1d74</load_address>
         <run_address>0x1d74</run_address>
         <size>0x78</size>
         <input_file_ref idref="fl-2"/>
      </object_component>
      <object_component id="oc-121">
         <name>.text:getDebouncedSwitchState</name>
         <load_address>0x1dec</load_address>
         <run_address>0x1dec</run_address>
         <size>0x70</size>
         <input_file_ref idref="fl-1"/>
      </object_component>
      <object_component id="oc-2d6">
         <name>.text:_mcpy</name>
         <load_address>0x1e5c</load_address>
         <run_address>0x1e5c</run_address>
         <size>0x6e</size>
         <input_file_ref idref="fl-d2"/>
      </object_component>
      <object_component id="oc-110">
         <name>.text</name>
         <load_address>0x1eca</load_address>
         <run_address>0x1eca</run_address>
         <size>0x6e</size>
         <input_file_ref idref="fl-cb"/>
      </object_component>
      <object_component id="oc-17">
         <name>.text:decompress:lzss:__TI_decompress_lzss</name>
         <load_address>0x1f38</load_address>
         <run_address>0x1f38</run_address>
         <size>0x68</size>
         <input_file_ref idref="fl-d0"/>
      </object_component>
      <object_component id="oc-2eb">
         <name>.text:frexp</name>
         <load_address>0x1fa0</load_address>
         <run_address>0x1fa0</run_address>
         <size>0x64</size>
         <input_file_ref idref="fl-e7"/>
      </object_component>
      <object_component id="oc-f4">
         <name>.text:GPIO_setAsInputPinWithPullUpResistor</name>
         <load_address>0x2004</load_address>
         <run_address>0x2004</run_address>
         <size>0x58</size>
         <input_file_ref idref="fl-f"/>
      </object_component>
      <object_component id="oc-241">
         <name>.text:_pconv_f</name>
         <load_address>0x205c</load_address>
         <run_address>0x205c</run_address>
         <size>0x56</size>
         <input_file_ref idref="fl-d2"/>
      </object_component>
      <object_component id="oc-2c0">
         <name>.text:__TI_ltoa</name>
         <load_address>0x20b2</load_address>
         <run_address>0x20b2</run_address>
         <size>0x54</size>
         <input_file_ref idref="fl-df"/>
      </object_component>
      <object_component id="oc-2d0">
         <name>.text:_ecpy</name>
         <load_address>0x2106</load_address>
         <run_address>0x2106</run_address>
         <size>0x52</size>
         <input_file_ref idref="fl-d2"/>
      </object_component>
      <object_component id="oc-22a">
         <name>.text:atoi</name>
         <load_address>0x2158</load_address>
         <run_address>0x2158</run_address>
         <size>0x4c</size>
         <input_file_ref idref="fl-e1"/>
      </object_component>
      <object_component id="oc-100">
         <name>.text:putString</name>
         <load_address>0x21a4</load_address>
         <run_address>0x21a4</run_address>
         <size>0x48</size>
         <input_file_ref idref="fl-1"/>
      </object_component>
      <object_component id="oc-2bb">
         <name>.text</name>
         <load_address>0x21ec</load_address>
         <run_address>0x21ec</run_address>
         <size>0x48</size>
         <input_file_ref idref="fl-d6"/>
      </object_component>
      <object_component id="oc-140">
         <name>.text:__TI_auto_init_nobinit_nopinit:__TI_auto_init_nobinit_nopinit</name>
         <load_address>0x2234</load_address>
         <run_address>0x2234</run_address>
         <size>0x44</size>
         <input_file_ref idref="fl-da"/>
      </object_component>
      <object_component id="oc-ee">
         <name>.text:GPIO_setAsOutputPin</name>
         <load_address>0x2278</load_address>
         <run_address>0x2278</run_address>
         <size>0x40</size>
         <input_file_ref idref="fl-f"/>
      </object_component>
      <object_component id="oc-115">
         <name>.text:delaysecs</name>
         <load_address>0x22b8</load_address>
         <run_address>0x22b8</run_address>
         <size>0x40</size>
         <input_file_ref idref="fl-1"/>
      </object_component>
      <object_component id="oc-fa">
         <name>.text:sprintf</name>
         <load_address>0x22f8</load_address>
         <run_address>0x22f8</run_address>
         <size>0x40</size>
         <input_file_ref idref="fl-c9"/>
      </object_component>
      <object_component id="oc-2e3">
         <name>.text:_fcpy</name>
         <load_address>0x2338</load_address>
         <run_address>0x2338</run_address>
         <size>0x3e</size>
         <input_file_ref idref="fl-d2"/>
      </object_component>
      <object_component id="oc-106">
         <name>.text</name>
         <load_address>0x2376</load_address>
         <run_address>0x2376</run_address>
         <size>0x38</size>
         <input_file_ref idref="fl-cc"/>
      </object_component>
      <object_component id="oc-d0">
         <name>.text:CS_setDCOCenteredFrequency</name>
         <load_address>0x23b0</load_address>
         <run_address>0x23b0</run_address>
         <size>0x34</size>
         <input_file_ref idref="fl-e"/>
      </object_component>
      <object_component id="oc-1b0">
         <name>.text:UART_transmitData</name>
         <load_address>0x23e4</load_address>
         <run_address>0x23e4</run_address>
         <size>0x34</size>
         <input_file_ref idref="fl-12"/>
      </object_component>
      <object_component id="oc-55">
         <name>.text:_c_int00_noargs:_c_int00_noargs</name>
         <load_address>0x2418</load_address>
         <run_address>0x2418</run_address>
         <size>0x34</size>
         <input_file_ref idref="fl-d1"/>
      </object_component>
      <object_component id="oc-276">
         <name>.text:GPIO_getInputPinValue</name>
         <load_address>0x244c</load_address>
         <run_address>0x244c</run_address>
         <size>0x30</size>
         <input_file_ref idref="fl-f"/>
      </object_component>
      <object_component id="oc-dc">
         <name>.text:UART_enableInterrupt</name>
         <load_address>0x247c</load_address>
         <run_address>0x247c</run_address>
         <size>0x30</size>
         <input_file_ref idref="fl-12"/>
      </object_component>
      <object_component id="oc-2c6">
         <name>.text</name>
         <load_address>0x24ac</load_address>
         <run_address>0x24ac</run_address>
         <size>0x2e</size>
         <input_file_ref idref="fl-d7"/>
      </object_component>
      <object_component id="oc-11b">
         <name>.text:GPIO_toggleOutputOnPin</name>
         <load_address>0x24dc</load_address>
         <run_address>0x24dc</run_address>
         <size>0x28</size>
         <input_file_ref idref="fl-f"/>
      </object_component>
      <object_component id="oc-253">
         <name>.text:memccpy</name>
         <load_address>0x2504</load_address>
         <run_address>0x2504</run_address>
         <size>0x1c</size>
         <input_file_ref idref="fl-e3"/>
      </object_component>
      <object_component id="oc-353">
         <name>.text:copysign</name>
         <load_address>0x2520</load_address>
         <run_address>0x2520</run_address>
         <size>0x1a</size>
         <input_file_ref idref="fl-e9"/>
      </object_component>
      <object_component id="oc-19d">
         <name>.text:_outs</name>
         <load_address>0x253a</load_address>
         <run_address>0x253a</run_address>
         <size>0x18</size>
         <input_file_ref idref="fl-c9"/>
      </object_component>
      <object_component id="oc-2f7">
         <name>.text:strchr</name>
         <load_address>0x2552</load_address>
         <run_address>0x2552</run_address>
         <size>0x16</size>
         <input_file_ref idref="fl-e4"/>
      </object_component>
      <object_component id="oc-1c1">
         <name>.text:getSwitchState</name>
         <load_address>0x2568</load_address>
         <run_address>0x2568</run_address>
         <size>0x14</size>
         <input_file_ref idref="fl-1"/>
      </object_component>
      <object_component id="oc-224">
         <name>.text:strlen</name>
         <load_address>0x257c</load_address>
         <run_address>0x257c</run_address>
         <size>0x14</size>
         <input_file_ref idref="fl-e5"/>
      </object_component>
      <object_component id="oc-259">
         <name>.text:wcslen</name>
         <load_address>0x2590</load_address>
         <run_address>0x2590</run_address>
         <size>0x12</size>
         <input_file_ref idref="fl-ea"/>
      </object_component>
      <object_component id="oc-e8">
         <name>.text:Interrupt_enableMaster</name>
         <load_address>0x25a2</load_address>
         <run_address>0x25a2</run_address>
         <size>0x10</size>
         <input_file_ref idref="fl-10"/>
      </object_component>
      <object_component id="oc-1d">
         <name>.text:decompress:none:__TI_decompress_none</name>
         <load_address>0x25b2</load_address>
         <run_address>0x25b2</run_address>
         <size>0xe</size>
         <input_file_ref idref="fl-cf"/>
      </object_component>
      <object_component id="oc-18e">
         <name>.text:CPU_cpsie</name>
         <load_address>0x25c0</load_address>
         <run_address>0x25c0</run_address>
         <size>0xc</size>
         <input_file_ref idref="fl-13"/>
      </object_component>
      <object_component id="oc-67">
         <name>.text:Reset_Handler</name>
         <load_address>0x25cc</load_address>
         <run_address>0x25cc</run_address>
         <size>0xc</size>
         <input_file_ref idref="fl-3"/>
      </object_component>
      <object_component id="oc-1a3">
         <name>.text:_outc</name>
         <load_address>0x25d8</load_address>
         <run_address>0x25d8</run_address>
         <size>0xa</size>
         <input_file_ref idref="fl-c9"/>
      </object_component>
      <object_component id="oc-25f">
         <name>.text:__aeabi_errno_addr</name>
         <load_address>0x25e4</load_address>
         <run_address>0x25e4</run_address>
         <size>0x8</size>
         <input_file_ref idref="fl-e6"/>
      </object_component>
      <object_component id="oc-93">
         <name>.text:_system_pre_init</name>
         <load_address>0x25ec</load_address>
         <run_address>0x25ec</run_address>
         <size>0x4</size>
         <input_file_ref idref="fl-db"/>
      </object_component>
      <object_component id="oc-134">
         <name>.text:abort:abort</name>
         <load_address>0x25f0</load_address>
         <run_address>0x25f0</run_address>
         <size>0x4</size>
         <input_file_ref idref="fl-dd"/>
      </object_component>
      <object_component id="oc-2a5">
         <name>.const:.string:_ctypes_</name>
         <load_address>0x25f4</load_address>
         <run_address>0x25f4</run_address>
         <size>0x101</size>
         <input_file_ref idref="fl-e2"/>
      </object_component>
      <object_component id="oc-178">
         <name>.const:GPIO_PORT_TO_BASE</name>
         <load_address>0x26f8</load_address>
         <run_address>0x26f8</run_address>
         <size>0x30</size>
         <input_file_ref idref="fl-f"/>
      </object_component>
      <object_component id="oc-127">
         <name>.const:uartConfig</name>
         <load_address>0x2728</load_address>
         <run_address>0x2728</run_address>
         <size>0x28</size>
         <input_file_ref idref="fl-1"/>
      </object_component>
      <object_component id="oc-18a">
         <name>.const:g_pulEnRegs</name>
         <load_address>0x2750</load_address>
         <run_address>0x2750</run_address>
         <size>0x8</size>
         <input_file_ref idref="fl-10"/>
      </object_component>
      <object_component id="oc-3b1">
         <name>.cinit..data.load</name>
         <load_address>0x2758</load_address>
         <run_address>0x2758</run_address>
         <size>0x8</size>
      </object_component>
      <object_component id="oc-3af">
         <name>__TI_handler_table</name>
         <load_address>0x2760</load_address>
         <run_address>0x2760</run_address>
         <size>0x8</size>
      </object_component>
      <object_component id="oc-3b0">
         <name>__TI_cinit_table</name>
         <load_address>0x2768</load_address>
         <run_address>0x2768</run_address>
         <size>0x8</size>
      </object_component>
      <object_component id="oc-383">
         <name>.binit</name>
         <load_address>0x0</load_address>
         <run_address>0x0</run_address>
         <size>0x0</size>
      </object_component>
      <object_component id="oc-12a">
         <name>.data</name>
         <load_address>0x20000000</load_address>
         <run_address>0x20000000</run_address>
         <size>0x4</size>
         <input_file_ref idref="fl-1"/>
      </object_component>
      <object_component id="oc-307">
         <name>.data</name>
         <load_address>0x20000004</load_address>
         <run_address>0x20000004</run_address>
         <size>0x4</size>
         <input_file_ref idref="fl-e6"/>
      </object_component>
      <object_component id="oc-29">
         <name>.stack</name>
         <uninitialized>true</uninitialized>
         <run_address>0x2000fe00</run_address>
         <size>0x4</size>
         <input_file_ref idref="fl-d1"/>
      </object_component>
      <object_component id="oc-3b3">
         <name>.stack</name>
         <uninitialized>true</uninitialized>
         <run_address>0x2000fe00</run_address>
         <size>0x0</size>
      </object_component>
      <object_component id="oc-133">
         <name>.debug_info</name>
         <load_address>0x0</load_address>
         <run_address>0x0</run_address>
         <size>0x8ab</size>
         <input_file_ref idref="fl-1"/>
      </object_component>
      <object_component id="oc-12b">
         <name>.debug_info</name>
         <load_address>0x8ab</load_address>
         <run_address>0x8ab</run_address>
         <size>0xdb</size>
         <input_file_ref idref="fl-1"/>
      </object_component>
      <object_component id="oc-128">
         <name>.debug_info</name>
         <load_address>0x986</load_address>
         <run_address>0x986</run_address>
         <size>0xdb</size>
         <input_file_ref idref="fl-1"/>
      </object_component>
      <object_component id="oc-124">
         <name>.debug_info</name>
         <load_address>0xa61</load_address>
         <run_address>0xa61</run_address>
         <size>0x1ea</size>
         <input_file_ref idref="fl-1"/>
      </object_component>
      <object_component id="oc-1c3">
         <name>.debug_info</name>
         <load_address>0xc4b</load_address>
         <run_address>0xc4b</run_address>
         <size>0x12d</size>
         <input_file_ref idref="fl-1"/>
      </object_component>
      <object_component id="oc-117">
         <name>.debug_info</name>
         <load_address>0xd78</load_address>
         <run_address>0xd78</run_address>
         <size>0x133</size>
         <input_file_ref idref="fl-1"/>
      </object_component>
      <object_component id="oc-102">
         <name>.debug_info</name>
         <load_address>0xeab</load_address>
         <run_address>0xeab</run_address>
         <size>0x186</size>
         <input_file_ref idref="fl-1"/>
      </object_component>
      <object_component id="oc-9b">
         <name>.debug_info</name>
         <load_address>0x1031</load_address>
         <run_address>0x1031</run_address>
         <size>0x31e</size>
         <input_file_ref idref="fl-1"/>
      </object_component>
      <object_component id="oc-b5">
         <name>.debug_info</name>
         <load_address>0x134f</load_address>
         <run_address>0x134f</run_address>
         <size>0x26b</size>
         <input_file_ref idref="fl-1"/>
      </object_component>
      <object_component id="oc-1d3">
         <name>.debug_info</name>
         <load_address>0x15ba</load_address>
         <run_address>0x15ba</run_address>
         <size>0x1028</size>
         <input_file_ref idref="fl-1"/>
      </object_component>
      <object_component id="oc-1ce">
         <name>.debug_info</name>
         <load_address>0x25e2</load_address>
         <run_address>0x25e2</run_address>
         <size>0x37e2</size>
         <input_file_ref idref="fl-1"/>
      </object_component>
      <object_component id="oc-12e">
         <name>.debug_info</name>
         <load_address>0x5dc4</load_address>
         <run_address>0x5dc4</run_address>
         <size>0x8b</size>
         <input_file_ref idref="fl-1"/>
      </object_component>
      <object_component id="oc-173">
         <name>.debug_info</name>
         <load_address>0x5e4f</load_address>
         <run_address>0x5e4f</run_address>
         <size>0x2a4</size>
         <input_file_ref idref="fl-1"/>
      </object_component>
      <object_component id="oc-1dd">
         <name>.debug_info</name>
         <load_address>0x60f3</load_address>
         <run_address>0x60f3</run_address>
         <size>0xef</size>
         <input_file_ref idref="fl-1"/>
      </object_component>
      <object_component id="oc-1b7">
         <name>.debug_info</name>
         <load_address>0x61e2</load_address>
         <run_address>0x61e2</run_address>
         <size>0xbb</size>
         <input_file_ref idref="fl-1"/>
      </object_component>
      <object_component id="oc-1ab">
         <name>.debug_info</name>
         <load_address>0x629d</load_address>
         <run_address>0x629d</run_address>
         <size>0x2c</size>
         <input_file_ref idref="fl-1"/>
      </object_component>
      <object_component id="oc-1d8">
         <name>.debug_info</name>
         <load_address>0x62c9</load_address>
         <run_address>0x62c9</run_address>
         <size>0x102</size>
         <input_file_ref idref="fl-1"/>
      </object_component>
      <object_component id="oc-ac">
         <name>.debug_info</name>
         <load_address>0x63cb</load_address>
         <run_address>0x63cb</run_address>
         <size>0x132</size>
         <input_file_ref idref="fl-2"/>
      </object_component>
      <object_component id="oc-32">
         <name>.debug_info</name>
         <load_address>0x64fd</load_address>
         <run_address>0x64fd</run_address>
         <size>0x84</size>
         <input_file_ref idref="fl-2"/>
      </object_component>
      <object_component id="oc-75">
         <name>.debug_info</name>
         <load_address>0x6581</load_address>
         <run_address>0x6581</run_address>
         <size>0x2d2</size>
         <input_file_ref idref="fl-3"/>
      </object_component>
      <object_component id="oc-27">
         <name>.debug_info</name>
         <load_address>0x6853</load_address>
         <run_address>0x6853</run_address>
         <size>0xfe</size>
         <input_file_ref idref="fl-3"/>
      </object_component>
      <object_component id="oc-68">
         <name>.debug_info</name>
         <load_address>0x6951</load_address>
         <run_address>0x6951</run_address>
         <size>0x161</size>
         <input_file_ref idref="fl-3"/>
      </object_component>
      <object_component id="oc-6e">
         <name>.debug_info</name>
         <load_address>0x6ab2</load_address>
         <run_address>0x6ab2</run_address>
         <size>0x149</size>
         <input_file_ref idref="fl-3"/>
      </object_component>
      <object_component id="oc-2a0">
         <name>.debug_info</name>
         <load_address>0x6bfb</load_address>
         <run_address>0x6bfb</run_address>
         <size>0x807</size>
         <input_file_ref idref="fl-e"/>
      </object_component>
      <object_component id="oc-d2">
         <name>.debug_info</name>
         <load_address>0x7402</load_address>
         <run_address>0x7402</run_address>
         <size>0x1e5</size>
         <input_file_ref idref="fl-e"/>
      </object_component>
      <object_component id="oc-20c">
         <name>.debug_info</name>
         <load_address>0x75e7</load_address>
         <run_address>0x75e7</run_address>
         <size>0x431a</size>
         <input_file_ref idref="fl-e"/>
      </object_component>
      <object_component id="oc-32f">
         <name>.debug_info</name>
         <load_address>0xb901</load_address>
         <run_address>0xb901</run_address>
         <size>0x1b5</size>
         <input_file_ref idref="fl-e"/>
      </object_component>
      <object_component id="oc-216">
         <name>.debug_info</name>
         <load_address>0xbab6</load_address>
         <run_address>0xbab6</run_address>
         <size>0x26b</size>
         <input_file_ref idref="fl-e"/>
      </object_component>
      <object_component id="oc-211">
         <name>.debug_info</name>
         <load_address>0xbd21</load_address>
         <run_address>0xbd21</run_address>
         <size>0x1028</size>
         <input_file_ref idref="fl-e"/>
      </object_component>
      <object_component id="oc-205">
         <name>.debug_info</name>
         <load_address>0xcd49</load_address>
         <run_address>0xcd49</run_address>
         <size>0x297</size>
         <input_file_ref idref="fl-e"/>
      </object_component>
      <object_component id="oc-17c">
         <name>.debug_info</name>
         <load_address>0xcfe0</load_address>
         <run_address>0xcfe0</run_address>
         <size>0xef</size>
         <input_file_ref idref="fl-e"/>
      </object_component>
      <object_component id="oc-181">
         <name>.debug_info</name>
         <load_address>0xd0cf</load_address>
         <run_address>0xd0cf</run_address>
         <size>0xbb</size>
         <input_file_ref idref="fl-e"/>
      </object_component>
      <object_component id="oc-204">
         <name>.debug_info</name>
         <load_address>0xd18a</load_address>
         <run_address>0xd18a</run_address>
         <size>0x701</size>
         <input_file_ref idref="fl-f"/>
      </object_component>
      <object_component id="oc-179">
         <name>.debug_info</name>
         <load_address>0xd88b</load_address>
         <run_address>0xd88b</run_address>
         <size>0x135</size>
         <input_file_ref idref="fl-f"/>
      </object_component>
      <object_component id="oc-ef">
         <name>.debug_info</name>
         <load_address>0xd9c0</load_address>
         <run_address>0xd9c0</run_address>
         <size>0x252</size>
         <input_file_ref idref="fl-f"/>
      </object_component>
      <object_component id="oc-cb">
         <name>.debug_info</name>
         <load_address>0xdc12</load_address>
         <run_address>0xdc12</run_address>
         <size>0x2a3</size>
         <input_file_ref idref="fl-f"/>
      </object_component>
      <object_component id="oc-11c">
         <name>.debug_info</name>
         <load_address>0xdeb5</load_address>
         <run_address>0xdeb5</run_address>
         <size>0x258</size>
         <input_file_ref idref="fl-f"/>
      </object_component>
      <object_component id="oc-f5">
         <name>.debug_info</name>
         <load_address>0xe10d</load_address>
         <run_address>0xe10d</run_address>
         <size>0x274</size>
         <input_file_ref idref="fl-f"/>
      </object_component>
      <object_component id="oc-277">
         <name>.debug_info</name>
         <load_address>0xe381</load_address>
         <run_address>0xe381</run_address>
         <size>0x27e</size>
         <input_file_ref idref="fl-f"/>
      </object_component>
      <object_component id="oc-222">
         <name>.debug_info</name>
         <load_address>0xe5ff</load_address>
         <run_address>0xe5ff</run_address>
         <size>0x68f</size>
         <input_file_ref idref="fl-10"/>
      </object_component>
      <object_component id="oc-18b">
         <name>.debug_info</name>
         <load_address>0xec8e</load_address>
         <run_address>0xec8e</run_address>
         <size>0x12e</size>
         <input_file_ref idref="fl-10"/>
      </object_component>
      <object_component id="oc-ec">
         <name>.debug_info</name>
         <load_address>0xedbc</load_address>
         <run_address>0xedbc</run_address>
         <size>0x1d5</size>
         <input_file_ref idref="fl-10"/>
      </object_component>
      <object_component id="oc-e6">
         <name>.debug_info</name>
         <load_address>0xef91</load_address>
         <run_address>0xef91</run_address>
         <size>0x219</size>
         <input_file_ref idref="fl-10"/>
      </object_component>
      <object_component id="oc-188">
         <name>.debug_info</name>
         <load_address>0xf1aa</load_address>
         <run_address>0xf1aa</run_address>
         <size>0x6eb</size>
         <input_file_ref idref="fl-12"/>
      </object_component>
      <object_component id="oc-da">
         <name>.debug_info</name>
         <load_address>0xf895</load_address>
         <run_address>0xf895</run_address>
         <size>0x234</size>
         <input_file_ref idref="fl-12"/>
      </object_component>
      <object_component id="oc-1b4">
         <name>.debug_info</name>
         <load_address>0xfac9</load_address>
         <run_address>0xfac9</run_address>
         <size>0x236</size>
         <input_file_ref idref="fl-12"/>
      </object_component>
      <object_component id="oc-e0">
         <name>.debug_info</name>
         <load_address>0xfcff</load_address>
         <run_address>0xfcff</run_address>
         <size>0x235</size>
         <input_file_ref idref="fl-12"/>
      </object_component>
      <object_component id="oc-21b">
         <name>.debug_info</name>
         <load_address>0xff34</load_address>
         <run_address>0xff34</run_address>
         <size>0x102</size>
         <input_file_ref idref="fl-12"/>
      </object_component>
      <object_component id="oc-18f">
         <name>.debug_info</name>
         <load_address>0x10036</load_address>
         <run_address>0x10036</run_address>
         <size>0x19a</size>
         <input_file_ref idref="fl-13"/>
      </object_component>
      <object_component id="oc-1aa">
         <name>.debug_info</name>
         <load_address>0x101d0</load_address>
         <run_address>0x101d0</run_address>
         <size>0x333</size>
         <input_file_ref idref="fl-c9"/>
      </object_component>
      <object_component id="oc-fb">
         <name>.debug_info</name>
         <load_address>0x10503</load_address>
         <run_address>0x10503</run_address>
         <size>0x1d1</size>
         <input_file_ref idref="fl-c9"/>
      </object_component>
      <object_component id="oc-19e">
         <name>.debug_info</name>
         <load_address>0x106d4</load_address>
         <run_address>0x106d4</run_address>
         <size>0x18d</size>
         <input_file_ref idref="fl-c9"/>
      </object_component>
      <object_component id="oc-1a4">
         <name>.debug_info</name>
         <load_address>0x10861</load_address>
         <run_address>0x10861</run_address>
         <size>0x16d</size>
         <input_file_ref idref="fl-c9"/>
      </object_component>
      <object_component id="oc-30e">
         <name>.debug_info</name>
         <load_address>0x109ce</load_address>
         <run_address>0x109ce</run_address>
         <size>0x2c</size>
         <input_file_ref idref="fl-c9"/>
      </object_component>
      <object_component id="oc-10e">
         <name>.debug_info</name>
         <load_address>0x109fa</load_address>
         <run_address>0x109fa</run_address>
         <size>0x13a</size>
         <input_file_ref idref="fl-ca"/>
      </object_component>
      <object_component id="oc-113">
         <name>.debug_info</name>
         <load_address>0x10b34</load_address>
         <run_address>0x10b34</run_address>
         <size>0x13e</size>
         <input_file_ref idref="fl-cb"/>
      </object_component>
      <object_component id="oc-107">
         <name>.debug_info</name>
         <load_address>0x10c72</load_address>
         <run_address>0x10c72</run_address>
         <size>0x12c</size>
         <input_file_ref idref="fl-cc"/>
      </object_component>
      <object_component id="oc-38">
         <name>.debug_info</name>
         <load_address>0x10d9e</load_address>
         <run_address>0x10d9e</run_address>
         <size>0x119</size>
         <input_file_ref idref="fl-cd"/>
      </object_component>
      <object_component id="oc-c1">
         <name>.debug_info</name>
         <load_address>0x10eb7</load_address>
         <run_address>0x10eb7</run_address>
         <size>0x2c</size>
         <input_file_ref idref="fl-ce"/>
      </object_component>
      <object_component id="oc-42">
         <name>.debug_info</name>
         <load_address>0x10ee3</load_address>
         <run_address>0x10ee3</run_address>
         <size>0x2a8</size>
         <input_file_ref idref="fl-cf"/>
      </object_component>
      <object_component id="oc-1e">
         <name>.debug_info</name>
         <load_address>0x1118b</load_address>
         <run_address>0x1118b</run_address>
         <size>0x1ea</size>
         <input_file_ref idref="fl-cf"/>
      </object_component>
      <object_component id="oc-3d">
         <name>.debug_info</name>
         <load_address>0x11375</load_address>
         <run_address>0x11375</run_address>
         <size>0x46</size>
         <input_file_ref idref="fl-cf"/>
      </object_component>
      <object_component id="oc-7f">
         <name>.debug_info</name>
         <load_address>0x113bb</load_address>
         <run_address>0x113bb</run_address>
         <size>0x2c</size>
         <input_file_ref idref="fl-cf"/>
      </object_component>
      <object_component id="oc-7d">
         <name>.debug_info</name>
         <load_address>0x113e7</load_address>
         <run_address>0x113e7</run_address>
         <size>0x29e</size>
         <input_file_ref idref="fl-d0"/>
      </object_component>
      <object_component id="oc-18">
         <name>.debug_info</name>
         <load_address>0x11685</load_address>
         <run_address>0x11685</run_address>
         <size>0x250</size>
         <input_file_ref idref="fl-d0"/>
      </object_component>
      <object_component id="oc-2d">
         <name>.debug_info</name>
         <load_address>0x118d5</load_address>
         <run_address>0x118d5</run_address>
         <size>0x60</size>
         <input_file_ref idref="fl-d0"/>
      </object_component>
      <object_component id="oc-ba">
         <name>.debug_info</name>
         <load_address>0x11935</load_address>
         <run_address>0x11935</run_address>
         <size>0x46</size>
         <input_file_ref idref="fl-d0"/>
      </object_component>
      <object_component id="oc-78">
         <name>.debug_info</name>
         <load_address>0x1197b</load_address>
         <run_address>0x1197b</run_address>
         <size>0x39</size>
         <input_file_ref idref="fl-d0"/>
      </object_component>
      <object_component id="oc-2a">
         <name>.debug_info</name>
         <load_address>0x119b4</load_address>
         <run_address>0x119b4</run_address>
         <size>0x10b</size>
         <input_file_ref idref="fl-d1"/>
      </object_component>
      <object_component id="oc-56">
         <name>.debug_info</name>
         <load_address>0x11abf</load_address>
         <run_address>0x11abf</run_address>
         <size>0x1a9</size>
         <input_file_ref idref="fl-d1"/>
      </object_component>
      <object_component id="oc-266">
         <name>.debug_info</name>
         <load_address>0x11c68</load_address>
         <run_address>0x11c68</run_address>
         <size>0x590</size>
         <input_file_ref idref="fl-d2"/>
      </object_component>
      <object_component id="oc-232">
         <name>.debug_info</name>
         <load_address>0x121f8</load_address>
         <run_address>0x121f8</run_address>
         <size>0x21e</size>
         <input_file_ref idref="fl-d2"/>
      </object_component>
      <object_component id="oc-2d2">
         <name>.debug_info</name>
         <load_address>0x12416</load_address>
         <run_address>0x12416</run_address>
         <size>0x1b3</size>
         <input_file_ref idref="fl-d2"/>
      </object_component>
      <object_component id="oc-2d8">
         <name>.debug_info</name>
         <load_address>0x125c9</load_address>
         <run_address>0x125c9</run_address>
         <size>0x21b</size>
         <input_file_ref idref="fl-d2"/>
      </object_component>
      <object_component id="oc-23d">
         <name>.debug_info</name>
         <load_address>0x127e4</load_address>
         <run_address>0x127e4</run_address>
         <size>0x3c0</size>
         <input_file_ref idref="fl-d2"/>
      </object_component>
      <object_component id="oc-2df">
         <name>.debug_info</name>
         <load_address>0x12ba4</load_address>
         <run_address>0x12ba4</run_address>
         <size>0x30a</size>
         <input_file_ref idref="fl-d2"/>
      </object_component>
      <object_component id="oc-2e5">
         <name>.debug_info</name>
         <load_address>0x12eae</load_address>
         <run_address>0x12eae</run_address>
         <size>0x215</size>
         <input_file_ref idref="fl-d2"/>
      </object_component>
      <object_component id="oc-242">
         <name>.debug_info</name>
         <load_address>0x130c3</load_address>
         <run_address>0x130c3</run_address>
         <size>0x215</size>
         <input_file_ref idref="fl-d2"/>
      </object_component>
      <object_component id="oc-248">
         <name>.debug_info</name>
         <load_address>0x132d8</load_address>
         <run_address>0x132d8</run_address>
         <size>0x304</size>
         <input_file_ref idref="fl-d2"/>
      </object_component>
      <object_component id="oc-24e">
         <name>.debug_info</name>
         <load_address>0x135dc</load_address>
         <run_address>0x135dc</run_address>
         <size>0x4b5</size>
         <input_file_ref idref="fl-d2"/>
      </object_component>
      <object_component id="oc-198">
         <name>.debug_info</name>
         <load_address>0x13a91</load_address>
         <run_address>0x13a91</run_address>
         <size>0x5f4</size>
         <input_file_ref idref="fl-d2"/>
      </object_component>
      <object_component id="oc-267">
         <name>.debug_info</name>
         <load_address>0x14085</load_address>
         <run_address>0x14085</run_address>
         <size>0x86</size>
         <input_file_ref idref="fl-d2"/>
      </object_component>
      <object_component id="oc-313">
         <name>.debug_info</name>
         <load_address>0x1410b</load_address>
         <run_address>0x1410b</run_address>
         <size>0x39</size>
         <input_file_ref idref="fl-d2"/>
      </object_component>
      <object_component id="oc-36a">
         <name>.debug_info</name>
         <load_address>0x14144</load_address>
         <run_address>0x14144</run_address>
         <size>0xb6</size>
         <input_file_ref idref="fl-d2"/>
      </object_component>
      <object_component id="oc-318">
         <name>.debug_info</name>
         <load_address>0x141fa</load_address>
         <run_address>0x141fa</run_address>
         <size>0x46</size>
         <input_file_ref idref="fl-d2"/>
      </object_component>
      <object_component id="oc-26c">
         <name>.debug_info</name>
         <load_address>0x14240</load_address>
         <run_address>0x14240</run_address>
         <size>0x46</size>
         <input_file_ref idref="fl-d2"/>
      </object_component>
      <object_component id="oc-2cc">
         <name>.debug_info</name>
         <load_address>0x14286</load_address>
         <run_address>0x14286</run_address>
         <size>0x14c</size>
         <input_file_ref idref="fl-d3"/>
      </object_component>
      <object_component id="oc-237">
         <name>.debug_info</name>
         <load_address>0x143d2</load_address>
         <run_address>0x143d2</run_address>
         <size>0x128</size>
         <input_file_ref idref="fl-d4"/>
      </object_component>
      <object_component id="oc-2b7">
         <name>.debug_info</name>
         <load_address>0x144fa</load_address>
         <run_address>0x144fa</run_address>
         <size>0x12a</size>
         <input_file_ref idref="fl-d4"/>
      </object_component>
      <object_component id="oc-2b2">
         <name>.debug_info</name>
         <load_address>0x14624</load_address>
         <run_address>0x14624</run_address>
         <size>0x13a</size>
         <input_file_ref idref="fl-d5"/>
      </object_component>
      <object_component id="oc-2bc">
         <name>.debug_info</name>
         <load_address>0x1475e</load_address>
         <run_address>0x1475e</run_address>
         <size>0x12e</size>
         <input_file_ref idref="fl-d6"/>
      </object_component>
      <object_component id="oc-2c7">
         <name>.debug_info</name>
         <load_address>0x1488c</load_address>
         <run_address>0x1488c</run_address>
         <size>0x12c</size>
         <input_file_ref idref="fl-d7"/>
      </object_component>
      <object_component id="oc-8e">
         <name>.debug_info</name>
         <load_address>0x149b8</load_address>
         <run_address>0x149b8</run_address>
         <size>0x147</size>
         <input_file_ref idref="fl-d8"/>
      </object_component>
      <object_component id="oc-2ab">
         <name>.debug_info</name>
         <load_address>0x14aff</load_address>
         <run_address>0x14aff</run_address>
         <size>0x134</size>
         <input_file_ref idref="fl-d9"/>
      </object_component>
      <object_component id="oc-1ed">
         <name>.debug_info</name>
         <load_address>0x14c33</load_address>
         <run_address>0x14c33</run_address>
         <size>0x4b3</size>
         <input_file_ref idref="fl-da"/>
      </object_component>
      <object_component id="oc-144">
         <name>.debug_info</name>
         <load_address>0x150e6</load_address>
         <run_address>0x150e6</run_address>
         <size>0x1a6</size>
         <input_file_ref idref="fl-da"/>
      </object_component>
      <object_component id="oc-28d">
         <name>.debug_info</name>
         <load_address>0x1528c</load_address>
         <run_address>0x1528c</run_address>
         <size>0x39</size>
         <input_file_ref idref="fl-da"/>
      </object_component>
      <object_component id="oc-321">
         <name>.debug_info</name>
         <load_address>0x152c5</load_address>
         <run_address>0x152c5</run_address>
         <size>0x39</size>
         <input_file_ref idref="fl-da"/>
      </object_component>
      <object_component id="oc-292">
         <name>.debug_info</name>
         <load_address>0x152fe</load_address>
         <run_address>0x152fe</run_address>
         <size>0x39</size>
         <input_file_ref idref="fl-da"/>
      </object_component>
      <object_component id="oc-297">
         <name>.debug_info</name>
         <load_address>0x15337</load_address>
         <run_address>0x15337</run_address>
         <size>0xcd</size>
         <input_file_ref idref="fl-da"/>
      </object_component>
      <object_component id="oc-96">
         <name>.debug_info</name>
         <load_address>0x15404</load_address>
         <run_address>0x15404</run_address>
         <size>0x153</size>
         <input_file_ref idref="fl-db"/>
      </object_component>
      <object_component id="oc-135">
         <name>.debug_info</name>
         <load_address>0x15557</load_address>
         <run_address>0x15557</run_address>
         <size>0x122</size>
         <input_file_ref idref="fl-dd"/>
      </object_component>
      <object_component id="oc-345">
         <name>.debug_info</name>
         <load_address>0x15679</load_address>
         <run_address>0x15679</run_address>
         <size>0x29c</size>
         <input_file_ref idref="fl-df"/>
      </object_component>
      <object_component id="oc-2c1">
         <name>.debug_info</name>
         <load_address>0x15915</load_address>
         <run_address>0x15915</run_address>
         <size>0x1da</size>
         <input_file_ref idref="fl-df"/>
      </object_component>
      <object_component id="oc-2a9">
         <name>.debug_info</name>
         <load_address>0x15aef</load_address>
         <run_address>0x15aef</run_address>
         <size>0x2b9</size>
         <input_file_ref idref="fl-e1"/>
      </object_component>
      <object_component id="oc-22b">
         <name>.debug_info</name>
         <load_address>0x15da8</load_address>
         <run_address>0x15da8</run_address>
         <size>0x17c</size>
         <input_file_ref idref="fl-e1"/>
      </object_component>
      <object_component id="oc-338">
         <name>.debug_info</name>
         <load_address>0x15f24</load_address>
         <run_address>0x15f24</run_address>
         <size>0xf9</size>
         <input_file_ref idref="fl-e2"/>
      </object_component>
      <object_component id="oc-2a6">
         <name>.debug_info</name>
         <load_address>0x1601d</load_address>
         <run_address>0x1601d</run_address>
         <size>0x105</size>
         <input_file_ref idref="fl-e2"/>
      </object_component>
      <object_component id="oc-2ff">
         <name>.debug_info</name>
         <load_address>0x16122</load_address>
         <run_address>0x16122</run_address>
         <size>0x2a7</size>
         <input_file_ref idref="fl-e3"/>
      </object_component>
      <object_component id="oc-254">
         <name>.debug_info</name>
         <load_address>0x163c9</load_address>
         <run_address>0x163c9</run_address>
         <size>0x1b8</size>
         <input_file_ref idref="fl-e3"/>
      </object_component>
      <object_component id="oc-35c">
         <name>.debug_info</name>
         <load_address>0x16581</load_address>
         <run_address>0x16581</run_address>
         <size>0x29a</size>
         <input_file_ref idref="fl-e4"/>
      </object_component>
      <object_component id="oc-2f9">
         <name>.debug_info</name>
         <load_address>0x1681b</load_address>
         <run_address>0x1681b</run_address>
         <size>0x262</size>
         <input_file_ref idref="fl-e4"/>
      </object_component>
      <object_component id="oc-2a4">
         <name>.debug_info</name>
         <load_address>0x16a7d</load_address>
         <run_address>0x16a7d</run_address>
         <size>0x28f</size>
         <input_file_ref idref="fl-e5"/>
      </object_component>
      <object_component id="oc-225">
         <name>.debug_info</name>
         <load_address>0x16d0c</load_address>
         <run_address>0x16d0c</run_address>
         <size>0x245</size>
         <input_file_ref idref="fl-e5"/>
      </object_component>
      <object_component id="oc-30b">
         <name>.debug_info</name>
         <load_address>0x16f51</load_address>
         <run_address>0x16f51</run_address>
         <size>0x289</size>
         <input_file_ref idref="fl-e6"/>
      </object_component>
      <object_component id="oc-308">
         <name>.debug_info</name>
         <load_address>0x171da</load_address>
         <run_address>0x171da</run_address>
         <size>0x10e</size>
         <input_file_ref idref="fl-e6"/>
      </object_component>
      <object_component id="oc-260">
         <name>.debug_info</name>
         <load_address>0x172e8</load_address>
         <run_address>0x172e8</run_address>
         <size>0x14e</size>
         <input_file_ref idref="fl-e6"/>
      </object_component>
      <object_component id="oc-34d">
         <name>.debug_info</name>
         <load_address>0x17436</load_address>
         <run_address>0x17436</run_address>
         <size>0x295</size>
         <input_file_ref idref="fl-e7"/>
      </object_component>
      <object_component id="oc-2ec">
         <name>.debug_info</name>
         <load_address>0x176cb</load_address>
         <run_address>0x176cb</run_address>
         <size>0x195</size>
         <input_file_ref idref="fl-e7"/>
      </object_component>
      <object_component id="oc-376">
         <name>.debug_info</name>
         <load_address>0x17860</load_address>
         <run_address>0x17860</run_address>
         <size>0x39</size>
         <input_file_ref idref="fl-e7"/>
      </object_component>
      <object_component id="oc-34e">
         <name>.debug_info</name>
         <load_address>0x17899</load_address>
         <run_address>0x17899</run_address>
         <size>0x2c</size>
         <input_file_ref idref="fl-e7"/>
      </object_component>
      <object_component id="oc-35a">
         <name>.debug_info</name>
         <load_address>0x178c5</load_address>
         <run_address>0x178c5</run_address>
         <size>0x2f8</size>
         <input_file_ref idref="fl-e8"/>
      </object_component>
      <object_component id="oc-2f3">
         <name>.debug_info</name>
         <load_address>0x17bbd</load_address>
         <run_address>0x17bbd</run_address>
         <size>0x225</size>
         <input_file_ref idref="fl-e8"/>
      </object_component>
      <object_component id="oc-357">
         <name>.debug_info</name>
         <load_address>0x17de2</load_address>
         <run_address>0x17de2</run_address>
         <size>0x161</size>
         <input_file_ref idref="fl-e9"/>
      </object_component>
      <object_component id="oc-306">
         <name>.debug_info</name>
         <load_address>0x17f43</load_address>
         <run_address>0x17f43</run_address>
         <size>0x28f</size>
         <input_file_ref idref="fl-ea"/>
      </object_component>
      <object_component id="oc-25b">
         <name>.debug_info</name>
         <load_address>0x181d2</load_address>
         <run_address>0x181d2</run_address>
         <size>0x15a</size>
         <input_file_ref idref="fl-ea"/>
      </object_component>
      <object_component id="oc-35f">
         <name>.debug_info</name>
         <load_address>0x1832c</load_address>
         <run_address>0x1832c</run_address>
         <size>0x46</size>
         <input_file_ref idref="fl-ea"/>
      </object_component>
      <object_component id="oc-301">
         <name>.debug_info</name>
         <load_address>0x18372</load_address>
         <run_address>0x18372</run_address>
         <size>0x39</size>
         <input_file_ref idref="fl-ea"/>
      </object_component>
      <object_component id="oc-33e">
         <name>.debug_info</name>
         <load_address>0x183ab</load_address>
         <run_address>0x183ab</run_address>
         <size>0x115</size>
         <input_file_ref idref="fl-eb"/>
      </object_component>
      <object_component id="oc-3b4">
         <name>.debug_info</name>
         <load_address>0x184c0</load_address>
         <run_address>0x184c0</run_address>
         <size>0xa6</size>
      </object_component>
      <object_component id="oc-1cd">
         <name>.debug_line</name>
         <load_address>0x0</load_address>
         <run_address>0x0</run_address>
         <size>0x20c</size>
         <input_file_ref idref="fl-1"/>
      </object_component>
      <object_component id="oc-1cb">
         <name>.debug_line</name>
         <load_address>0x20c</load_address>
         <run_address>0x20c</run_address>
         <size>0x2d</size>
         <input_file_ref idref="fl-1"/>
      </object_component>
      <object_component id="oc-1c9">
         <name>.debug_line</name>
         <load_address>0x239</load_address>
         <run_address>0x239</run_address>
         <size>0x2d</size>
         <input_file_ref idref="fl-1"/>
      </object_component>
      <object_component id="oc-126">
         <name>.debug_line</name>
         <load_address>0x266</load_address>
         <run_address>0x266</run_address>
         <size>0x71</size>
         <input_file_ref idref="fl-1"/>
      </object_component>
      <object_component id="oc-1c6">
         <name>.debug_line</name>
         <load_address>0x2d7</load_address>
         <run_address>0x2d7</run_address>
         <size>0x49</size>
         <input_file_ref idref="fl-1"/>
      </object_component>
      <object_component id="oc-11a">
         <name>.debug_line</name>
         <load_address>0x320</load_address>
         <run_address>0x320</run_address>
         <size>0x4e</size>
         <input_file_ref idref="fl-1"/>
      </object_component>
      <object_component id="oc-105">
         <name>.debug_line</name>
         <load_address>0x36e</load_address>
         <run_address>0x36e</run_address>
         <size>0x55</size>
         <input_file_ref idref="fl-1"/>
      </object_component>
      <object_component id="oc-9e">
         <name>.debug_line</name>
         <load_address>0x3c3</load_address>
         <run_address>0x3c3</run_address>
         <size>0x6d</size>
         <input_file_ref idref="fl-1"/>
      </object_component>
      <object_component id="oc-b8">
         <name>.debug_line</name>
         <load_address>0x430</load_address>
         <run_address>0x430</run_address>
         <size>0x7a</size>
         <input_file_ref idref="fl-1"/>
      </object_component>
      <object_component id="oc-1d6">
         <name>.debug_line</name>
         <load_address>0x4aa</load_address>
         <run_address>0x4aa</run_address>
         <size>0x83</size>
         <input_file_ref idref="fl-1"/>
      </object_component>
      <object_component id="oc-1d1">
         <name>.debug_line</name>
         <load_address>0x52d</load_address>
         <run_address>0x52d</run_address>
         <size>0x86</size>
         <input_file_ref idref="fl-1"/>
      </object_component>
      <object_component id="oc-131">
         <name>.debug_line</name>
         <load_address>0x5b3</load_address>
         <run_address>0x5b3</run_address>
         <size>0x20</size>
         <input_file_ref idref="fl-1"/>
      </object_component>
      <object_component id="oc-176">
         <name>.debug_line</name>
         <load_address>0x5d3</load_address>
         <run_address>0x5d3</run_address>
         <size>0x7e</size>
         <input_file_ref idref="fl-1"/>
      </object_component>
      <object_component id="oc-1e0">
         <name>.debug_line</name>
         <load_address>0x651</load_address>
         <run_address>0x651</run_address>
         <size>0x7a</size>
         <input_file_ref idref="fl-1"/>
      </object_component>
      <object_component id="oc-1ba">
         <name>.debug_line</name>
         <load_address>0x6cb</load_address>
         <run_address>0x6cb</run_address>
         <size>0x7b</size>
         <input_file_ref idref="fl-1"/>
      </object_component>
      <object_component id="oc-1ae">
         <name>.debug_line</name>
         <load_address>0x746</load_address>
         <run_address>0x746</run_address>
         <size>0x76</size>
         <input_file_ref idref="fl-1"/>
      </object_component>
      <object_component id="oc-1db">
         <name>.debug_line</name>
         <load_address>0x7bc</load_address>
         <run_address>0x7bc</run_address>
         <size>0x85</size>
         <input_file_ref idref="fl-1"/>
      </object_component>
      <object_component id="oc-af">
         <name>.debug_line</name>
         <load_address>0x841</load_address>
         <run_address>0x841</run_address>
         <size>0x66</size>
         <input_file_ref idref="fl-2"/>
      </object_component>
      <object_component id="oc-35">
         <name>.debug_line</name>
         <load_address>0x8a7</load_address>
         <run_address>0x8a7</run_address>
         <size>0x20</size>
         <input_file_ref idref="fl-2"/>
      </object_component>
      <object_component id="oc-b4">
         <name>.debug_line</name>
         <load_address>0x8c7</load_address>
         <run_address>0x8c7</run_address>
         <size>0x44</size>
         <input_file_ref idref="fl-3"/>
      </object_component>
      <object_component id="oc-74">
         <name>.debug_line</name>
         <load_address>0x90b</load_address>
         <run_address>0x90b</run_address>
         <size>0x44</size>
         <input_file_ref idref="fl-3"/>
      </object_component>
      <object_component id="oc-6b">
         <name>.debug_line</name>
         <load_address>0x94f</load_address>
         <run_address>0x94f</run_address>
         <size>0x5d</size>
         <input_file_ref idref="fl-3"/>
      </object_component>
      <object_component id="oc-71">
         <name>.debug_line</name>
         <load_address>0x9ac</load_address>
         <run_address>0x9ac</run_address>
         <size>0x59</size>
         <input_file_ref idref="fl-3"/>
      </object_component>
      <object_component id="oc-32e">
         <name>.debug_line</name>
         <load_address>0xa05</load_address>
         <run_address>0xa05</run_address>
         <size>0x8b</size>
         <input_file_ref idref="fl-e"/>
      </object_component>
      <object_component id="oc-d1">
         <name>.debug_line</name>
         <load_address>0xa90</load_address>
         <run_address>0xa90</run_address>
         <size>0x69</size>
         <input_file_ref idref="fl-e"/>
      </object_component>
      <object_component id="oc-20f">
         <name>.debug_line</name>
         <load_address>0xaf9</load_address>
         <run_address>0xaf9</run_address>
         <size>0x51</size>
         <input_file_ref idref="fl-e"/>
      </object_component>
      <object_component id="oc-332">
         <name>.debug_line</name>
         <load_address>0xb4a</load_address>
         <run_address>0xb4a</run_address>
         <size>0x55</size>
         <input_file_ref idref="fl-e"/>
      </object_component>
      <object_component id="oc-219">
         <name>.debug_line</name>
         <load_address>0xb9f</load_address>
         <run_address>0xb9f</run_address>
         <size>0x51</size>
         <input_file_ref idref="fl-e"/>
      </object_component>
      <object_component id="oc-214">
         <name>.debug_line</name>
         <load_address>0xbf0</load_address>
         <run_address>0xbf0</run_address>
         <size>0x4f</size>
         <input_file_ref idref="fl-e"/>
      </object_component>
      <object_component id="oc-208">
         <name>.debug_line</name>
         <load_address>0xc3f</load_address>
         <run_address>0xc3f</run_address>
         <size>0x55</size>
         <input_file_ref idref="fl-e"/>
      </object_component>
      <object_component id="oc-17f">
         <name>.debug_line</name>
         <load_address>0xc94</load_address>
         <run_address>0xc94</run_address>
         <size>0x51</size>
         <input_file_ref idref="fl-e"/>
      </object_component>
      <object_component id="oc-184">
         <name>.debug_line</name>
         <load_address>0xce5</load_address>
         <run_address>0xce5</run_address>
         <size>0x52</size>
         <input_file_ref idref="fl-e"/>
      </object_component>
      <object_component id="oc-29f">
         <name>.debug_line</name>
         <load_address>0xd37</load_address>
         <run_address>0xd37</run_address>
         <size>0x56</size>
         <input_file_ref idref="fl-f"/>
      </object_component>
      <object_component id="oc-203">
         <name>.debug_line</name>
         <load_address>0xd8d</load_address>
         <run_address>0xd8d</run_address>
         <size>0x51</size>
         <input_file_ref idref="fl-f"/>
      </object_component>
      <object_component id="oc-f3">
         <name>.debug_line</name>
         <load_address>0xdde</load_address>
         <run_address>0xdde</run_address>
         <size>0x6e</size>
         <input_file_ref idref="fl-f"/>
      </object_component>
      <object_component id="oc-ce">
         <name>.debug_line</name>
         <load_address>0xe4c</load_address>
         <run_address>0xe4c</run_address>
         <size>0x78</size>
         <input_file_ref idref="fl-f"/>
      </object_component>
      <object_component id="oc-11f">
         <name>.debug_line</name>
         <load_address>0xec4</load_address>
         <run_address>0xec4</run_address>
         <size>0x6c</size>
         <input_file_ref idref="fl-f"/>
      </object_component>
      <object_component id="oc-f8">
         <name>.debug_line</name>
         <load_address>0xf30</load_address>
         <run_address>0xf30</run_address>
         <size>0x70</size>
         <input_file_ref idref="fl-f"/>
      </object_component>
      <object_component id="oc-27a">
         <name>.debug_line</name>
         <load_address>0xfa0</load_address>
         <run_address>0xfa0</run_address>
         <size>0x73</size>
         <input_file_ref idref="fl-f"/>
      </object_component>
      <object_component id="oc-2a2">
         <name>.debug_line</name>
         <load_address>0x1013</load_address>
         <run_address>0x1013</run_address>
         <size>0x50</size>
         <input_file_ref idref="fl-10"/>
      </object_component>
      <object_component id="oc-221">
         <name>.debug_line</name>
         <load_address>0x1063</load_address>
         <run_address>0x1063</run_address>
         <size>0x56</size>
         <input_file_ref idref="fl-10"/>
      </object_component>
      <object_component id="oc-e9">
         <name>.debug_line</name>
         <load_address>0x10b9</load_address>
         <run_address>0x10b9</run_address>
         <size>0x6e</size>
         <input_file_ref idref="fl-10"/>
      </object_component>
      <object_component id="oc-e3">
         <name>.debug_line</name>
         <load_address>0x1127</load_address>
         <run_address>0x1127</run_address>
         <size>0x95</size>
         <input_file_ref idref="fl-10"/>
      </object_component>
      <object_component id="oc-20b">
         <name>.debug_line</name>
         <load_address>0x11bc</load_address>
         <run_address>0x11bc</run_address>
         <size>0x56</size>
         <input_file_ref idref="fl-12"/>
      </object_component>
      <object_component id="oc-d8">
         <name>.debug_line</name>
         <load_address>0x1212</load_address>
         <run_address>0x1212</run_address>
         <size>0x9f</size>
         <input_file_ref idref="fl-12"/>
      </object_component>
      <object_component id="oc-1b2">
         <name>.debug_line</name>
         <load_address>0x12b1</load_address>
         <run_address>0x12b1</run_address>
         <size>0x72</size>
         <input_file_ref idref="fl-12"/>
      </object_component>
      <object_component id="oc-de">
         <name>.debug_line</name>
         <load_address>0x1323</load_address>
         <run_address>0x1323</run_address>
         <size>0x6c</size>
         <input_file_ref idref="fl-12"/>
      </object_component>
      <object_component id="oc-21e">
         <name>.debug_line</name>
         <load_address>0x138f</load_address>
         <run_address>0x138f</run_address>
         <size>0x51</size>
         <input_file_ref idref="fl-12"/>
      </object_component>
      <object_component id="oc-192">
         <name>.debug_line</name>
         <load_address>0x13e0</load_address>
         <run_address>0x13e0</run_address>
         <size>0x69</size>
         <input_file_ref idref="fl-13"/>
      </object_component>
      <object_component id="oc-274">
         <name>.debug_line</name>
         <load_address>0x1449</load_address>
         <run_address>0x1449</run_address>
         <size>0x2d</size>
         <input_file_ref idref="fl-c9"/>
      </object_component>
      <object_component id="oc-fe">
         <name>.debug_line</name>
         <load_address>0x1476</load_address>
         <run_address>0x1476</run_address>
         <size>0x4b</size>
         <input_file_ref idref="fl-c9"/>
      </object_component>
      <object_component id="oc-1a1">
         <name>.debug_line</name>
         <load_address>0x14c1</load_address>
         <run_address>0x14c1</run_address>
         <size>0x4b</size>
         <input_file_ref idref="fl-c9"/>
      </object_component>
      <object_component id="oc-1a7">
         <name>.debug_line</name>
         <load_address>0x150c</load_address>
         <run_address>0x150c</run_address>
         <size>0x3f</size>
         <input_file_ref idref="fl-c9"/>
      </object_component>
      <object_component id="oc-311">
         <name>.debug_line</name>
         <load_address>0x154b</load_address>
         <run_address>0x154b</run_address>
         <size>0x91</size>
         <input_file_ref idref="fl-c9"/>
      </object_component>
      <object_component id="oc-10c">
         <name>.debug_line</name>
         <load_address>0x15dc</load_address>
         <run_address>0x15dc</run_address>
         <size>0x8e</size>
         <input_file_ref idref="fl-ca"/>
      </object_component>
      <object_component id="oc-112">
         <name>.debug_line</name>
         <load_address>0x166a</load_address>
         <run_address>0x166a</run_address>
         <size>0x67</size>
         <input_file_ref idref="fl-cb"/>
      </object_component>
      <object_component id="oc-10a">
         <name>.debug_line</name>
         <load_address>0x16d1</load_address>
         <run_address>0x16d1</run_address>
         <size>0x57</size>
         <input_file_ref idref="fl-cc"/>
      </object_component>
      <object_component id="oc-3b">
         <name>.debug_line</name>
         <load_address>0x1728</load_address>
         <run_address>0x1728</run_address>
         <size>0x88</size>
         <input_file_ref idref="fl-cd"/>
      </object_component>
      <object_component id="oc-c4">
         <name>.debug_line</name>
         <load_address>0x17b0</load_address>
         <run_address>0x17b0</run_address>
         <size>0x92</size>
         <input_file_ref idref="fl-ce"/>
      </object_component>
      <object_component id="oc-85">
         <name>.debug_line</name>
         <load_address>0x1842</load_address>
         <run_address>0x1842</run_address>
         <size>0x20</size>
         <input_file_ref idref="fl-cf"/>
      </object_component>
      <object_component id="oc-21">
         <name>.debug_line</name>
         <load_address>0x1862</load_address>
         <run_address>0x1862</run_address>
         <size>0x55</size>
         <input_file_ref idref="fl-cf"/>
      </object_component>
      <object_component id="oc-40">
         <name>.debug_line</name>
         <load_address>0x18b7</load_address>
         <run_address>0x18b7</run_address>
         <size>0x3a</size>
         <input_file_ref idref="fl-cf"/>
      </object_component>
      <object_component id="oc-82">
         <name>.debug_line</name>
         <load_address>0x18f1</load_address>
         <run_address>0x18f1</run_address>
[...]
            <compression>lzss</compression>
         </cprec>
      </cptbl>
   </cptbl_list>
   <handler_table>
      <handler_table_name>__TI_handler_table</handler_table_name>
      <handler>
         <index>0x0</index>
         <name>__TI_decompress_lzss</name>
      </handler>
      <handler>
         <index>0x1</index>
         <name>__TI_decompress_none</name>
      </handler>
   </handler_table>
   <symbol_table>
      <symbol id="sm-1">
         <name>WDTCTL_SYM</name>
         <value>0x4000480c</value>
      </symbol>
      <symbol id="sm-2">
         <name>__start___llvm_prf_cnts</name>
         <value>0x20000000</value>
      </symbol>
      <symbol id="sm-3">
         <name>__stop___llvm_prf_cnts</name>
         <value>0x20000000</value>
      </symbol>
      <symbol id="sm-4">
         <name>__TI_CINIT_Base</name>
         <value>0x2768</value>
      </symbol>
      <symbol id="sm-5">
         <name>__TI_CINIT_Limit</name>
         <value>0x2770</value>
      </symbol>
      <symbol id="sm-6">
         <name>__TI_Handler_Table_Base</name>
         <value>0x2760</value>
      </symbol>
      <symbol id="sm-7">
         <name>__TI_Handler_Table_Limit</name>
         <value>0x2768</value>
      </symbol>
      <symbol id="sm-8">
         <name>binit</name>
         <value>0xffffffff</value>
      </symbol>
      <symbol id="sm-9">
         <name>__binit__</name>
         <value>0xffffffff</value>
      </symbol>
      <symbol id="sm-a">
         <name>__STACK_SIZE</name>
         <value>0x200</value>
      </symbol>
      <symbol id="sm-b">
         <name>__STACK_END</name>
         <value>0x20010000</value>
      </symbol>
      <symbol id="sm-c">
         <name>__c_args__</name>
         <value>0xffffffff</value>
      </symbol>
      <symbol id="sm-d">
         <name>__TI_pprof_out_hndl</name>
         <value>0xffffffff</value>
      </symbol>
      <symbol id="sm-e">
         <name>__TI_prof_data_start</name>
         <value>0xffffffff</value>
      </symbol>
      <symbol id="sm-f">
         <name>__TI_prof_data_size</name>
         <value>0xffffffff</value>
      </symbol>
      <symbol id="sm-b1">
         <name>uartConfig</name>
         <value>0x2728</value>
         <object_component_ref idref="oc-127"/>
      </symbol>
      <symbol id="sm-b2">
         <name>getSwitchState</name>
         <value>0x2569</value>
         <object_component_ref idref="oc-1c1"/>
      </symbol>
      <symbol id="sm-b3">
         <name>main</name>
         <value>0x15e1</value>
         <object_component_ref idref="oc-99"/>
      </symbol>
      <symbol id="sm-b4">
         <name>putString</name>
         <value>0x21a5</value>
         <object_component_ref idref="oc-100"/>
      </symbol>
      <symbol id="sm-b5">
         <name>getDebouncedSwitchState</name>
         <value>0x1ded</value>
         <object_component_ref idref="oc-121"/>
      </symbol>
      <symbol id="sm-b6">
         <name>led_period</name>
         <value>0x20000000</value>
         <object_component_ref idref="oc-12a"/>
      </symbol>
      <symbol id="sm-b7">
         <name>delaysecs</name>
         <value>0x22b9</value>
         <object_component_ref idref="oc-115"/>
      </symbol>
      <symbol id="sm-cf">
         <name>SystemInit</name>
         <value>0x1d75</value>
         <object_component_ref idref="oc-ab"/>
      </symbol>
      <symbol id="sm-eb">
         <name>Reset_Handler</name>
         <value>0x25cd</value>
         <object_component_ref idref="oc-67"/>
      </symbol>
      <symbol id="sm-ec">
         <name>Default_Handler</name>
         <value>0xb33</value>
         <object_component_ref idref="oc-6d"/>
      </symbol>
      <symbol id="sm-ed">
         <name>interruptVectors</name>
         <value>0x0</value>
         <object_component_ref idref="oc-26"/>
      </symbol>
      <symbol id="sm-121">
         <name>CS_setDCOCenteredFrequency</name>
         <value>0x23b1</value>
         <object_component_ref idref="oc-d0"/>
      </symbol>
      <symbol id="sm-166">
         <name>GPIO_setAsInputPinWithPullUpResistor</name>
         <value>0x2005</value>
         <object_component_ref idref="oc-f4"/>
      </symbol>
      <symbol id="sm-167">
         <name>GPIO_setAsOutputPin</name>
         <value>0x2279</value>
         <object_component_ref idref="oc-ee"/>
      </symbol>
      <symbol id="sm-168">
         <name>GPIO_toggleOutputOnPin</name>
         <value>0x24dd</value>
         <object_component_ref idref="oc-11b"/>
      </symbol>
      <symbol id="sm-169">
         <name>GPIO_getInputPinValue</name>
         <value>0x244d</value>
         <object_component_ref idref="oc-276"/>
      </symbol>
      <symbol id="sm-16a">
         <name>GPIO_setAsPeripheralModuleFunctionInputPin</name>
         <value>0x1ae5</value>
         <object_component_ref idref="oc-ca"/>
      </symbol>
      <symbol id="sm-190">
         <name>Interrupt_enableMaster</name>
         <value>0x25a3</value>
         <object_component_ref idref="oc-e8"/>
      </symbol>
      <symbol id="sm-191">
         <name>Interrupt_enableInterrupt</name>
         <value>0x1c79</value>
         <object_component_ref idref="oc-e2"/>
      </symbol>
      <symbol id="sm-1ca">
         <name>UART_enableInterrupt</name>
         <value>0x247d</value>
         <object_component_ref idref="oc-dc"/>
      </symbol>
      <symbol id="sm-1cb">
         <name>UART_transmitData</name>
         <value>0x23e5</value>
         <object_component_ref idref="oc-1b0"/>
      </symbol>
      <symbol id="sm-1cc">
         <name>UART_initModule</name>
         <value>0x14c5</value>
         <object_component_ref idref="oc-d6"/>
      </symbol>
      <symbol id="sm-1d6">
         <name>CPU_cpsie</name>
         <value>0x25c1</value>
         <object_component_ref idref="oc-18e"/>
      </symbol>
      <symbol id="sm-1fd">
         <name>sprintf</name>
         <value>0x22f9</value>
         <object_component_ref idref="oc-fa"/>
      </symbol>
      <symbol id="sm-208">
         <name>__aeabi_dmul</name>
         <value>0x1805</value>
         <object_component_ref idref="oc-10b"/>
      </symbol>
      <symbol id="sm-214">
         <name>__aeabi_d2f</name>
         <value>0x1ecb</value>
         <object_component_ref idref="oc-110"/>
      </symbol>
      <symbol id="sm-21f">
         <name>__aeabi_f2d</name>
         <value>0x2377</value>
         <object_component_ref idref="oc-106"/>
      </symbol>
      <symbol id="sm-23a">
         <name>memcpy</name>
         <value>0x19b3</value>
         <object_component_ref idref="oc-37"/>
      </symbol>
      <symbol id="sm-23b">
         <name>__aeabi_memcpy</name>
         <value>0x19b3</value>
         <object_component_ref idref="oc-37"/>
      </symbol>
      <symbol id="sm-23c">
         <name>__aeabi_memcpy8</name>
         <value>0x19b3</value>
         <object_component_ref idref="oc-37"/>
      </symbol>
      <symbol id="sm-23d">
         <name>__aeabi_memcpy4</name>
         <value>0x19b3</value>
         <object_component_ref idref="oc-37"/>
      </symbol>
      <symbol id="sm-25a">
         <name>__TI_decompress_none</name>
         <value>0x25b3</value>
         <object_component_ref idref="oc-1d"/>
      </symbol>
      <symbol id="sm-27d">
         <name>__TI_decompress_lzss</name>
         <value>0x1f39</value>
         <object_component_ref idref="oc-17"/>
      </symbol>
      <symbol id="sm-290">
         <name>__stack</name>
         <value>0x2000fe00</value>
         <object_component_ref idref="oc-29"/>
      </symbol>
      <symbol id="sm-291">
         <name>_c_int00_noargs</name>
         <value>0x2419</value>
         <object_component_ref idref="oc-55"/>
      </symbol>
      <symbol id="sm-3f6">
         <name>__TI_printfi</name>
         <value>0xe5</value>
         <object_component_ref idref="oc-197"/>
      </symbol>
      <symbol id="sm-40d">
         <name>__aeabi_dsub</name>
         <value>0xf75</value>
         <object_component_ref idref="oc-2cb"/>
      </symbol>
      <symbol id="sm-40e">
         <name>__aeabi_dadd</name>
         <value>0xf7f</value>
         <object_component_ref idref="oc-2cb"/>
      </symbol>
      <symbol id="sm-430">
         <name>__aeabi_cdcmpeq</name>
         <value>0x1b6d</value>
         <object_component_ref idref="oc-236"/>
      </symbol>
      <symbol id="sm-431">
         <name>__aeabi_cdcmple</name>
         <value>0x1b6d</value>
         <object_component_ref idref="oc-236"/>
      </symbol>
      <symbol id="sm-432">
         <name>__aeabi_cdrcmple</name>
         <value>0x1bf3</value>
         <object_component_ref idref="oc-2b6"/>
      </symbol>
      <symbol id="sm-446">
         <name>__aeabi_ddiv</name>
         <value>0x1269</value>
         <object_component_ref idref="oc-2b1"/>
      </symbol>
      <symbol id="sm-450">
         <name>__aeabi_d2iz</name>
         <value>0x21ed</value>
         <object_component_ref idref="oc-2bb"/>
      </symbol>
      <symbol id="sm-45a">
         <name>__aeabi_i2d</name>
         <value>0x24ad</value>
         <object_component_ref idref="oc-2c6"/>
      </symbol>
      <symbol id="sm-469">
         <name>__aeabi_memset</name>
         <value>0x1cfb</value>
         <object_component_ref idref="oc-8d"/>
      </symbol>
      <symbol id="sm-46a">
         <name>memset</name>
         <value>0x1d01</value>
         <object_component_ref idref="oc-8d"/>
      </symbol>
      <symbol id="sm-46b">
         <name>__aeabi_memset8</name>
         <value>0x1cfb</value>
         <object_component_ref idref="oc-8d"/>
      </symbol>
      <symbol id="sm-46c">
         <name>__aeabi_memset4</name>
         <value>0x1cfb</value>
         <object_component_ref idref="oc-8d"/>
      </symbol>
      <symbol id="sm-46d">
         <name>__aeabi_memclr8</name>
         <value>0x1cf9</value>
         <object_component_ref idref="oc-8d"/>
      </symbol>
      <symbol id="sm-46e">
         <name>__aeabi_memclr4</name>
         <value>0x1cf9</value>
         <object_component_ref idref="oc-8d"/>
      </symbol>
      <symbol id="sm-46f">
         <name>__aeabi_memclr</name>
         <value>0x1cf9</value>
         <object_component_ref idref="oc-8d"/>
      </symbol>
      <symbol id="sm-47c">
         <name>__aeabi_uldivmod</name>
         <value>0x1a4f</value>
         <object_component_ref idref="oc-2aa"/>
      </symbol>
      <symbol id="sm-4a4">
         <name>__TI_auto_init_nobinit_nopinit</name>
         <value>0x2235</value>
         <object_component_ref idref="oc-140"/>
      </symbol>
      <symbol id="sm-4ae">
         <name>_system_pre_init</name>
         <value>0x25ed</value>
         <object_component_ref idref="oc-93"/>
      </symbol>
      <symbol id="sm-4ba">
         <name>C$$EXIT</name>
         <value>0x25f1</value>
         <object_component_ref idref="oc-134"/>
      </symbol>
      <symbol id="sm-4bb">
         <name>abort</name>
         <value>0x25f1</value>
         <object_component_ref idref="oc-134"/>
      </symbol>
      <symbol id="sm-4cb">
         <name>__TI_ltoa</name>
         <value>0x20b3</value>
         <object_component_ref idref="oc-2c0"/>
      </symbol>
      <symbol id="sm-4e2">
         <name>atoi</name>
         <value>0x2159</value>
         <object_component_ref idref="oc-22a"/>
      </symbol>
      <symbol id="sm-4ed">
         <name>_ctypes_</name>
         <value>0x25f4</value>
         <object_component_ref idref="oc-2a5"/>
      </symbol>
      <symbol id="sm-4fd">
         <name>memccpy</name>
         <value>0x2505</value>
         <object_component_ref idref="oc-253"/>
      </symbol>
      <symbol id="sm-50d">
         <name>strchr</name>
         <value>0x2553</value>
         <object_component_ref idref="oc-2f7"/>
      </symbol>
      <symbol id="sm-51b">
         <name>strlen</name>
         <value>0x257d</value>
         <object_component_ref idref="oc-224"/>
      </symbol>
      <symbol id="sm-531">
         <name>__aeabi_errno_addr</name>
         <value>0x25e5</value>
         <object_component_ref idref="oc-25f"/>
      </symbol>
      <symbol id="sm-532">
         <name>errno</name>
         <value>0x20000004</value>
         <object_component_ref idref="oc-307"/>
      </symbol>
      <symbol id="sm-552">
         <name>frexpl</name>
         <value>0x1fa1</value>
         <object_component_ref idref="oc-2eb"/>
      </symbol>
      <symbol id="sm-553">
         <name>frexp</name>
         <value>0x1fa1</value>
         <object_component_ref idref="oc-2eb"/>
      </symbol>
      <symbol id="sm-570">
         <name>scalbn</name>
         <value>0x16f5</value>
         <object_component_ref idref="oc-2f1"/>
      </symbol>
      <symbol id="sm-571">
         <name>scalbnl</name>
         <value>0x16f5</value>
         <object_component_ref idref="oc-2f1"/>
      </symbol>
      <symbol id="sm-572">
         <name>ldexpl</name>
         <value>0x16f5</value>
         <object_component_ref idref="oc-2f1"/>
      </symbol>
      <symbol id="sm-573">
         <name>ldexp</name>
         <value>0x16f5</value>
         <object_component_ref idref="oc-2f1"/>
      </symbol>
      <symbol id="sm-57d">
         <name>copysign</name>
         <value>0x2521</value>
         <object_component_ref idref="oc-353"/>
      </symbol>
      <symbol id="sm-57e">
         <name>copysignl</name>
         <value>0x2521</value>
         <object_component_ref idref="oc-353"/>
      </symbol>
      <symbol id="sm-597">
         <name>wcslen</name>
         <value>0x2591</value>
         <object_component_ref idref="oc-259"/>
      </symbol>
      <symbol id="sm-5a1">
         <name>__aeabi_idiv0</name>
         <value>0x112b</value>
         <object_component_ref idref="oc-33b"/>
      </symbol>
      <symbol id="sm-5a2">
         <name>__aeabi_ldiv0</name>
         <value>0x112b</value>
         <object_component_ref idref="oc-33b"/>
      </symbol>
      <symbol id="sm-5a3">
         <name>__TI_static_base__</name>
         <value>0x0</value>
      </symbol>
      <symbol id="sm-5a6">
         <name>__mpu_init</name>
         <value>0x0</value>
      </symbol>
      <symbol id="sm-5a7">
         <name>_system_post_cinit</name>
         <value>0x0</value>
      </symbol>
      <symbol id="sm-5a8">
         <name>NMI_Handler</name>
         <value>0xb33</value>
      </symbol>
      <symbol id="sm-5a9">
         <name>HardFault_Handler</name>
         <value>0xb33</value>
      </symbol>
      <symbol id="sm-5aa">
         <name>MemManage_Handler</name>
         <value>0xb33</value>
      </symbol>
      <symbol id="sm-5ab">
         <name>BusFault_Handler</name>
         <value>0xb33</value>
      </symbol>
      <symbol id="sm-5ac">
         <name>UsageFault_Handler</name>
         <value>0xb33</value>
      </symbol>
      <symbol id="sm-5ad">
         <name>SVC_Handler</name>
         <value>0xb33</value>
      </symbol>
      <symbol id="sm-5ae">
         <name>DebugMon_Handler</name>
         <value>0xb33</value>
      </symbol>
      <symbol id="sm-5af">
         <name>PendSV_Handler</name>
         <value>0xb33</value>
      </symbol>
      <symbol id="sm-5b0">
         <name>SysTick_Handler</name>
         <value>0xb33</value>
      </symbol>
      <symbol id="sm-5b1">
         <name>PSS_IRQHandler</name>
         <value>0xb33</value>
      </symbol>
      <symbol id="sm-5b2">
         <name>CS_IRQHandler</name>
         <value>0xb33</value>
      </symbol>
      <symbol id="sm-5b3">
         <name>PCM_IRQHandler</name>
         <value>0xb33</value>
      </symbol>
      <symbol id="sm-5b4">
         <name>WDT_A_IRQHandler</name>
         <value>0xb33</value>
      </symbol>
      <symbol id="sm-5b5">
         <name>FPU_IRQHandler</name>
         <value>0xb33</value>
      </symbol>
      <symbol id="sm-5b6">
         <name>FLCTL_IRQHandler</name>
         <value>0xb33</value>
      </symbol>
      <symbol id="sm-5b7">
         <name>COMP_E0_IRQHandler</name>
         <value>0xb33</value>
      </symbol>
      <symbol id="sm-5b8">
         <name>COMP_E1_IRQHandler</name>
         <value>0xb33</value>
      </symbol>
      <symbol id="sm-5b9">
         <name>TA0_0_IRQHandler</name>
         <value>0xb33</value>
      </symbol>
      <symbol id="sm-5ba">
         <name>TA0_N_IRQHandler</name>
         <value>0xb33</value>
      </symbol>
      <symbol id="sm-5bb">
         <name>TA1_0_IRQHandler</name>
         <value>0xb33</value>
      </symbol>
      <symbol id="sm-5bc">
         <name>TA1_N_IRQHandler</name>
         <value>0xb33</value>
      </symbol>
      <symbol id="sm-5bd">
         <name>TA2_0_IRQHandler</name>
         <value>0xb33</value>
      </symbol>
      <symbol id="sm-5be">
         <name>TA2_N_IRQHandler</name>
         <value>0xb33</value>
      </symbol>
      <symbol id="sm-5bf">
         <name>TA3_0_IRQHandler</name>
         <value>0xb33</value>
      </symbol>
      <symbol id="sm-5c0">
         <name>TA3_N_IRQHandler</name>
         <value>0xb33</value>
      </symbol>
      <symbol id="sm-5c1">
         <name>EUSCIA0_IRQHandler</name>
         <value>0xb33</value>
      </symbol>
      <symbol id="sm-5c2">
         <name>EUSCIA1_IRQHandler</name>
         <value>0xb33</value>
      </symbol>
      <symbol id="sm-5c3">
         <name>EUSCIA2_IRQHandler</name>
         <value>0xb33</value>
      </symbol>
      <symbol id="sm-5c4">
         <name>EUSCIA3_IRQHandler</name>
         <value>0xb33</value>
      </symbol>
      <symbol id="sm-5c5">
         <name>EUSCIB0_IRQHandler</name>
         <value>0xb33</value>
      </symbol>
      <symbol id="sm-5c6">
         <name>EUSCIB1_IRQHandler</name>
         <value>0xb33</value>
      </symbol>
      <symbol id="sm-5c7">
         <name>EUSCIB2_IRQHandler</name>
         <value>0xb33</value>
      </symbol>
      <symbol id="sm-5c8">
         <name>EUSCIB3_IRQHandler</name>
         <value>0xb33</value>
      </symbol>
      <symbol id="sm-5c9">
         <name>ADC14_IRQHandler</name>
         <value>0xb33</value>
      </symbol>
      <symbol id="sm-5ca">
         <name>T32_INT1_IRQHandler</name>
         <value>0xb33</value>
      </symbol>
      <symbol id="sm-5cb">
         <name>T32_INT2_IRQHandler</name>
         <value>0xb33</value>
      </symbol>
      <symbol id="sm-5cc">
         <name>T32_INTC_IRQHandler</name>
         <value>0xb33</value>
      </symbol>
      <symbol id="sm-5cd">
         <name>AES256_IRQHandler</name>
         <value>0xb33</value>
      </symbol>
      <symbol id="sm-5ce">
         <name>RTC_C_IRQHandler</name>
         <value>0xb33</value>
      </symbol>
      <symbol id="sm-5cf">
         <name>DMA_ERR_IRQHandler</name>
         <value>0xb33</value>
      </symbol>
      <symbol id="sm-5d0">
         <name>DMA_INT3_IRQHandler</name>
         <value>0xb33</value>
      </symbol>
      <symbol id="sm-5d1">
         <name>DMA_INT2_IRQHandler</name>
         <value>0xb33</value>
      </symbol>
      <symbol id="sm-5d2">
         <name>DMA_INT1_IRQHandler</name>
         <value>0xb33</value>
      </symbol>
      <symbol id="sm-5d3">
         <name>DMA_INT0_IRQHandler</name>
         <value>0xb33</value>
      </symbol>
      <symbol id="sm-5d4">
         <name>PORT1_IRQHandler</name>
         <value>0xb33</value>
      </symbol>
      <symbol id="sm-5d5">
         <name>PORT2_IRQHandler</name>
         <value>0xb33</value>
      </symbol>
      <symbol id="sm-5d6">
         <name>PORT3_IRQHandler</name>
         <value>0xb33</value>
      </symbol>
      <symbol id="sm-5d7">
         <name>PORT4_IRQHandler</name>
         <value>0xb33</value>
      </symbol>
      <symbol id="sm-5d8">
         <name>PORT5_IRQHandler</name>
         <value>0xb33</value>
      </symbol>
      <symbol id="sm-5d9">
         <name>PORT6_IRQHandler</name>
         <value>0xb33</value>
      </symbol>
   </symbol_table>
   <title>Link successful</title>
</link_info>
