******************************************************************************
                  TI ARM Linker Unix v20.2.6                   
******************************************************************************
>> Linked Wed Jul  6 20:04:16 2022

OUTPUT FILE NAME:   <Lab3Part1G09.out>
ENTRY POINT SYMBOL: "_c_int00_noargs"  address: 00002419


MEMORY CONFIGURATION

         name            origin    length      used     unused   attr    fill
----------------------  --------  ---------  --------  --------  ----  --------
  MAIN                  00000000   00040000  00002770  0003d890  R  X
  INFO                  00200000   00004000  00000000  00004000  R  X
  SRAM_CODE             01000000   00010000  00000208  0000fdf8  RW X
  SRAM_DATA             20000000   00010000  00000208  0000fdf8  RW  


SEGMENT ALLOCATION MAP

run origin  load origin   length   init length attrs members
----------  ----------- ---------- ----------- ----- -------
00000000    00000000    00002770   00002770    r-x
  00000000    00000000    000000e4   000000e4    r-- .intvecs
  000000e4    000000e4    00002510   00002510    r-x .text
  000025f4    000025f4    00000164   00000164    r-- .const
  00002758    00002758    00000018   00000018    r-- .cinit
20000000    20000000    00000008   00000000    rw-
  20000000    20000000    00000008   00000000    rw- .data
2000fe00    2000fe00    00000200   00000000    rw-
  2000fe00    2000fe00    00000200   00000000    rw- .stack


SECTION ALLOCATION MAP

 output                                  attributes/
section   page    origin      length       input sections
--------  ----  ----------  ----------   ----------------
.intvecs   0    00000000    000000e4     
                  00000000    000000e4     startup_msp432p401r_ccs.obj (.intvecs:retain)

.text      0    000000e4    00002510     
                  000000e4    00000a4e     rtsv7M4_T_le_v4SPD16_eabi.lib : _printfi.c.obj (.text:__TI_printfi)
                  00000b32    00000002     startup_msp432p401r_ccs.obj (.text:Default_Handler)
                  00000b34    00000270     rtsv7M4_T_le_v4SPD16_eabi.lib : _printfi.c.obj (.text:_pconv_a)
                  00000da4    000001d0                                   : _printfi.c.obj (.text:_pconv_g)
                  00000f74    000001b6                                   : fd_add_t2.asm.obj (.text)
                  0000112a    00000002                                   : div0.asm.obj (.text)
                  0000112c    0000013c                                   : _printfi.c.obj (.text:_pconv_e)
                  00001268    00000136                                   : fd_div_t2.asm.obj (.text)
                  0000139e    00000002     --HOLE-- [fill = 0]
                  000013a0    00000124                                   : _printfi.c.obj (.text:fcvt)
                  000014c4    0000011c     msp432p4xx_driverlib.lib : uart.o (.text:UART_initModule)
                  000015e0    00000114     main.obj (.text:main)
                  000016f4    00000110     rtsv7M4_T_le_v4SPD16_eabi.lib : s_scalbn.c.obj (.text:scalbn)
                  00001804    000000fc                                   : fd_mul_t2.asm.obj (.text)
                  00001900    000000b1                                   : _printfi.c.obj (.text:_ltostr)
                  000019b1    00000001     --HOLE-- [fill = 0]
                  000019b2    0000009c                                   : memcpy_t2.asm.obj (.text)
                  00001a4e    00000096                                   : ull_div_t2.asm.obj (.text)
                  00001ae4    00000088     msp432p4xx_driverlib.lib : gpio.o (.text:GPIO_setAsPeripheralModuleFunctionInputPin)
                  00001b6c    00000086     rtsv7M4_T_le_v4SPD16_eabi.lib : fd_cmp_t2.asm.obj (.text:__aeabi_cdcmple)
                  00001bf2    00000086                                   : fd_cmp_t2.asm.obj (.text:__aeabi_cdrcmple)
                  00001c78    00000080     msp432p4xx_driverlib.lib : interrupt.o (.text:Interrupt_enableInterrupt)
                  00001cf8    0000007a     rtsv7M4_T_le_v4SPD16_eabi.lib : memset_t2.asm.obj (.text)
                  00001d72    00000002     --HOLE-- [fill = 0]
                  00001d74    00000078     system_msp432p401r.obj (.text:SystemInit)
                  00001dec    00000070     main.obj (.text:getDebouncedSwitchState)
                  00001e5c    0000006e     rtsv7M4_T_le_v4SPD16_eabi.lib : _printfi.c.obj (.text:_mcpy)
                  00001eca    0000006e                                   : fd_tos_t2.asm.obj (.text)
                  00001f38    00000068                                   : copy_decompress_lzss.c.obj (.text:decompress:lzss:__TI_decompress_lzss)
                  00001fa0    00000064                                   : s_frexp.c.obj (.text:frexp)
                  00002004    00000058     msp432p4xx_driverlib.lib : gpio.o (.text:GPIO_setAsInputPinWithPullUpResistor)
                  0000205c    00000056     rtsv7M4_T_le_v4SPD16_eabi.lib : _printfi.c.obj (.text:_pconv_f)
                  000020b2    00000054                                   : _ltoa.c.obj (.text:__TI_ltoa)
                  00002106    00000052                                   : _printfi.c.obj (.text:_ecpy)
                  00002158    0000004c                                   : atoi.c.obj (.text:atoi)
                  000021a4    00000048     main.obj (.text:putString)
                  000021ec    00000048     rtsv7M4_T_le_v4SPD16_eabi.lib : fd_toi_t2.asm.obj (.text)
                  00002234    00000044                                   : autoinit.c.obj (.text:__TI_auto_init_nobinit_nopinit:__TI_auto_init_nobinit_nopinit)
                  00002278    00000040     msp432p4xx_driverlib.lib : gpio.o (.text:GPIO_setAsOutputPin)
                  000022b8    00000040     main.obj (.text:delaysecs)
                  000022f8    00000040     rtsv7M4_T_le_v4SPD16_eabi.lib : sprintf.c.obj (.text:sprintf)
                  00002338    0000003e                                   : _printfi.c.obj (.text:_fcpy)
                  00002376    00000038                                   : fs_tod_t2.asm.obj (.text)
                  000023ae    00000002     --HOLE-- [fill = 0]
                  000023b0    00000034     msp432p4xx_driverlib.lib : cs.o (.text:CS_setDCOCenteredFrequency)
                  000023e4    00000034                              : uart.o (.text:UART_transmitData)
                  00002418    00000034     rtsv7M4_T_le_v4SPD16_eabi.lib : boot_cortex_m.c.obj (.text:_c_int00_noargs:_c_int00_noargs)
                  0000244c    00000030     msp432p4xx_driverlib.lib : gpio.o (.text:GPIO_getInputPinValue)
                  0000247c    00000030                              : uart.o (.text:UART_enableInterrupt)
                  000024ac    0000002e     rtsv7M4_T_le_v4SPD16_eabi.lib : i_tofd_t2.asm.obj (.text)
                  000024da    00000002     --HOLE-- [fill = 0]
                  000024dc    00000028     msp432p4xx_driverlib.lib : gpio.o (.text:GPIO_toggleOutputOnPin)
                  00002504    0000001c     rtsv7M4_T_le_v4SPD16_eabi.lib : memccpy.c.obj (.text:memccpy)
                  00002520    0000001a                                   : s_copysign.c.obj (.text:copysign)
                  0000253a    00000018                                   : sprintf.c.obj (.text:_outs)
                  00002552    00000016                                   : strchr.c.obj (.text:strchr)
                  00002568    00000014     main.obj (.text:getSwitchState)
                  0000257c    00000014     rtsv7M4_T_le_v4SPD16_eabi.lib : strlen.c.obj (.text:strlen)
                  00002590    00000012                                   : wcslen.c.obj (.text:wcslen)
                  000025a2    00000010     msp432p4xx_driverlib.lib : interrupt.o (.text:Interrupt_enableMaster)
                  000025b2    0000000e     rtsv7M4_T_le_v4SPD16_eabi.lib : copy_decompress_none.c.obj (.text:decompress:none:__TI_decompress_none)
                  000025c0    0000000c     msp432p4xx_driverlib.lib : cpu.o (.text:CPU_cpsie)
                  000025cc    0000000c     startup_msp432p401r_ccs.obj (.text:Reset_Handler)
                  000025d8    0000000a     rtsv7M4_T_le_v4SPD16_eabi.lib : sprintf.c.obj (.text:_outc)
                  000025e2    00000002     --HOLE-- [fill = 0]
                  000025e4    00000008                                   : errno.c.obj (.text:__aeabi_errno_addr)
                  000025ec    00000004                                   : pre_init.c.obj (.text:_system_pre_init)
                  000025f0    00000004                                   : exit.c.obj (.text:abort:abort)

.const     0    000025f4    00000164     
                  000025f4    00000101     rtsv7M4_T_le_v4SPD16_eabi.lib : ctype.c.obj (.const:.string:_ctypes_)
                  000026f5    00000003     --HOLE-- [fill = 0]
                  000026f8    00000030     msp432p4xx_driverlib.lib : gpio.o (.const:GPIO_PORT_TO_BASE)
                  00002728    00000028     main.obj (.const:uartConfig)
                  00002750    00000008     msp432p4xx_driverlib.lib : interrupt.o (.const:g_pulEnRegs)

.cinit     0    00002758    00000018     
                  00002758    00000008     (.cinit..data.load) [load image, compression = lzss]
                  00002760    00000008     (__TI_handler_table)
                  00002768    00000008     (__TI_cinit_table)

.init_array 
*          0    00000000    00000000     UNINITIALIZED

.binit     0    00000000    00000000     

.data      0    20000000    00000008     UNINITIALIZED
                  20000000    00000004     main.obj (.data)
                  20000004    00000004     rtsv7M4_T_le_v4SPD16_eabi.lib : errno.c.obj (.data)

.stack     0    2000fe00    00000200     UNINITIALIZED
                  2000fe00    00000004     rtsv7M4_T_le_v4SPD16_eabi.lib : boot_cortex_m.c.obj (.stack)
                  2000fe04    000001fc     --HOLE--

__llvm_prf_cnts 
*          0    20000000    00000000     UNINITIALIZED

MODULE SUMMARY

       Module                        code   ro data   rw data
       ------                        ----   -------   -------
    ./
       main.obj                      544    40        8      
       system_msp432p401r.obj        120    0         0      
    +--+-----------------------------+------+---------+---------+
       Total:                        664    40        8      
                                                             
    ./ccs/
       startup_msp432p401r_ccs.obj   14     228       0      
    +--+-----------------------------+------+---------+---------+
       Total:                        14     228       0      
                                                             
    /Applications/ti/ccs1120/ccs/tools/compiler/ti-cgt-arm_20.2.6.LTS/lib/rtsv7M4_T_le_v4SPD16_eabi.lib
       _printfi.c.obj                4851   0         0      
       fd_add_t2.asm.obj             438    0         0      
       fd_div_t2.asm.obj             310    0         0      
       s_scalbn.c.obj                272    0         0      
       fd_cmp_t2.asm.obj             268    0         0      
       ctype.c.obj                   0      257       0      
       fd_mul_t2.asm.obj             252    0         0      
       memcpy_t2.asm.obj             156    0         0      
       ull_div_t2.asm.obj            150    0         0      
       memset_t2.asm.obj             122    0         0      
       fd_tos_t2.asm.obj             110    0         0      
       copy_decompress_lzss.c.obj    104    0         0      
       s_frexp.c.obj                 100    0         0      
       sprintf.c.obj                 98     0         0      
       _ltoa.c.obj                   84     0         0      
       atoi.c.obj                    76     0         0      
       fd_toi_t2.asm.obj             72     0         0      
       autoinit.c.obj                68     0         0      
       fs_tod_t2.asm.obj             56     0         0      
       boot_cortex_m.c.obj           52     0         0      
       i_tofd_t2.asm.obj             46     0         0      
       memccpy.c.obj                 28     0         0      
       s_copysign.c.obj              26     0         0      
       strchr.c.obj                  22     0         0      
       strlen.c.obj                  20     0         0      
       wcslen.c.obj                  18     0         0      
       errno.c.obj                   8      0         8      
       copy_decompress_none.c.obj    14     0         0      
       exit.c.obj                    4      0         0      
       pre_init.c.obj                4      0         0      
       div0.asm.obj                  2      0         0      
    +--+-----------------------------+------+---------+---------+
       Total:                        7831   257       8      
                                                             
    /Applications/ti/simplelink_msp432p4_sdk_3_40_01_02/source/ti/devices/msp432p4xx/driverlib/ccs/msp432p4xx_driverlib.lib
       gpio.o                        376    48        0      
       uart.o                        384    0         0      
       interrupt.o                   144    8         0      
       cs.o                          52     0         0      
       cpu.o                         12     0         0      
    +--+-----------------------------+------+---------+---------+
       Total:                        968    56        0      
                                                             
       Stack:                        0      0         1024   
       Linker Generated:             0      24        0      
    +--+-----------------------------+------+---------+---------+
       Grand Total:                  9477   605       1040   


LINKER GENERATED COPY TABLES

__TI_cinit_table @ 00002768 records: 1, size/record: 8, table size: 8
	.data: load addr=00002758, load size=00000008 bytes, run addr=20000000, run size=00000008 bytes, compression=lzss


LINKER GENERATED HANDLER TABLE

__TI_handler_table @ 00002760 records: 2, size/record: 4, table size: 8
	index: 0, handler: __TI_decompress_lzss
	index: 1, handler: __TI_decompress_none


GLOBAL SYMBOLS: SORTED ALPHABETICALLY BY Name 

address   name                                      
-------   ----                                      
00000b33  ADC14_IRQHandler                          
00000b33  AES256_IRQHandler                         
00000b33  BusFault_Handler                          
000025f1  C$$EXIT                                   
00000b33  COMP_E0_IRQHandler                        
00000b33  COMP_E1_IRQHandler                        
000025c1  CPU_cpsie                                 
00000b33  CS_IRQHandler                             
000023b1  CS_setDCOCenteredFrequency                
00000b33  DMA_ERR_IRQHandler                        
00000b33  DMA_INT0_IRQHandler                       
00000b33  DMA_INT1_IRQHandler                       
00000b33  DMA_INT2_IRQHandler                       
00000b33  DMA_INT3_IRQHandler                       
00000b33  DebugMon_Handler                          
00000b33  Default_Handler                           
00000b33  EUSCIA0_IRQHandler                        
00000b33  EUSCIA1_IRQHandler                        
00000b33  EUSCIA2_IRQHandler                        
00000b33  EUSCIA3_IRQHandler                        
00000b33  EUSCIB0_IRQHandler                        
00000b33  EUSCIB1_IRQHandler                        
00000b33  EUSCIB2_IRQHandler                        
00000b33  EUSCIB3_IRQHandler                        
00000b33  FLCTL_IRQHandler                          
00000b33  FPU_IRQHandler                            
0000244d  GPIO_getInputPinValue                     
00002005  GPIO_setAsInputPinWithPullUpResistor      
00002279  GPIO_setAsOutputPin                       
00001ae5  GPIO_setAsPeripheralModuleFunctionInputPin
000024dd  GPIO_toggleOutputOnPin                    
00000b33  HardFault_Handler                         
00001c79  Interrupt_enableInterrupt                 
000025a3  Interrupt_enableMaster                    
00000b33  MemManage_Handler                         
00000b33  NMI_Handler                               
00000b33  PCM_IRQHandler                            
00000b33  PORT1_IRQHandler                          
00000b33  PORT2_IRQHandler                          
00000b33  PORT3_IRQHandler                          
00000b33  PORT4_IRQHandler                          
00000b33  PORT5_IRQHandler                          
00000b33  PORT6_IRQHandler                          
00000b33  PSS_IRQHandler                            
00000b33  PendSV_Handler                            
00000b33  RTC_C_IRQHandler                          
000025cd  Reset_Handler                             
00000b33  SVC_Handler                               
00000b33  SysTick_Handler                           
00001d75  SystemInit                                
00000b33  T32_INT1_IRQHandler                       
00000b33  T32_INT2_IRQHandler                       
00000b33  T32_INTC_IRQHandler                       
00000b33  TA0_0_IRQHandler                          
00000b33  TA0_N_IRQHandler                          
00000b33  TA1_0_IRQHandler                          
00000b33  TA1_N_IRQHandler                          
00000b33  TA2_0_IRQHandler                          
00000b33  TA2_N_IRQHandler                          
00000b33  TA3_0_IRQHandler                          
00000b33  TA3_N_IRQHandler                          
0000247d  UART_enableInterrupt                      
000014c5  UART_initModule                           
000023e5  UART_transmitData                         
00000b33  UsageFault_Handler                        
4000480c  WDTCTL_SYM                                
00000b33  WDT_A_IRQHandler                          
20010000  __STACK_END                               
00000200  __STACK_SIZE                              
00002768  __TI_CINIT_Base                           
00002770  __TI_CINIT_Limit                          
00002760  __TI_Handler_Table_Base                   
00002768  __TI_Handler_Table_Limit                  
00002235  __TI_auto_init_nobinit_nopinit            
00001f39  __TI_decompress_lzss                      
000025b3  __TI_decompress_none                      
000020b3  __TI_ltoa                                 
ffffffff  __TI_pprof_out_hndl                       
000000e5  __TI_printfi                              
ffffffff  __TI_prof_data_size                       
ffffffff  __TI_prof_data_start                      
00000000  __TI_static_base__                        
00001b6d  __aeabi_cdcmpeq                           
00001b6d  __aeabi_cdcmple                           
00001bf3  __aeabi_cdrcmple                          
00001ecb  __aeabi_d2f                               
000021ed  __aeabi_d2iz                              
00000f7f  __aeabi_dadd                              
00001269  __aeabi_ddiv                              
00001805  __aeabi_dmul                              
00000f75  __aeabi_dsub                              
000025e5  __aeabi_errno_addr                        
00002377  __aeabi_f2d                               
000024ad  __aeabi_i2d                               
0000112b  __aeabi_idiv0                             
0000112b  __aeabi_ldiv0                             
00001cf9  __aeabi_memclr                            
00001cf9  __aeabi_memclr4                           
00001cf9  __aeabi_memclr8                           
000019b3  __aeabi_memcpy                            
000019b3  __aeabi_memcpy4                           
000019b3  __aeabi_memcpy8                           
00001cfb  __aeabi_memset                            
00001cfb  __aeabi_memset4                           
00001cfb  __aeabi_memset8                           
00001a4f  __aeabi_uldivmod                          
ffffffff  __binit__                                 
ffffffff  __c_args__                                
UNDEFED   __mpu_init                                
2000fe00  __stack                                   
20000000  __start___llvm_prf_cnts                   
20000000  __stop___llvm_prf_cnts                    
00002419  _c_int00_noargs                           
000025f4  _ctypes_                                  
UNDEFED   _system_post_cinit                        
000025ed  _system_pre_init                          
000025f1  abort                                     
00002159  atoi                                      
ffffffff  binit                                     
00002521  copysign                                  
00002521  copysignl                                 
000022b9  delaysecs                                 
20000004  errno                                     
00001fa1  frexp                                     
00001fa1  frexpl                                    
00001ded  getDebouncedSwitchState                   
00002569  getSwitchState                            
00000000  interruptVectors                          
000016f5  ldexp                                     
000016f5  ldexpl                                    
20000000  led_period                                
000015e1  main                                      
00002505  memccpy                                   
000019b3  memcpy                                    
00001d01  memset                                    
000021a5  putString                                 
000016f5  scalbn                                    
000016f5  scalbnl                                   
000022f9  sprintf                                   
00002553  strchr                                    
0000257d  strlen                                    
00002728  uartConfig                                
00002591  wcslen                                    


GLOBAL SYMBOLS: SORTED BY Symbol Address 

address   name                                      
-------   ----                                      
00000000  __TI_static_base__                        
00000000  interruptVectors                          
000000e5  __TI_printfi                              
00000200  __STACK_SIZE                              
00000b33  ADC14_IRQHandler                          
00000b33  AES256_IRQHandler                         
00000b33  BusFault_Handler                          
00000b33  COMP_E0_IRQHandler                        
00000b33  COMP_E1_IRQHandler                        
00000b33  CS_IRQHandler                             
00000b33  DMA_ERR_IRQHandler                        
00000b33  DMA_INT0_IRQHandler                       
00000b33  DMA_INT1_IRQHandler                       
00000b33  DMA_INT2_IRQHandler                       
00000b33  DMA_INT3_IRQHandler                       
00000b33  DebugMon_Handler                          
00000b33  Default_Handler                           
00000b33  EUSCIA0_IRQHandler                        
00000b33  EUSCIA1_IRQHandler                        
00000b33  EUSCIA2_IRQHandler                        
00000b33  EUSCIA3_IRQHandler                        
00000b33  EUSCIB0_IRQHandler                        
00000b33  EUSCIB1_IRQHandler                        
00000b33  EUSCIB2_IRQHandler                        
00000b33  EUSCIB3_IRQHandler                        
00000b33  FLCTL_IRQHandler                          
00000b33  FPU_IRQHandler                            
00000b33  HardFault_Handler                         
00000b33  MemManage_Handler                         
00000b33  NMI_Handler                               
00000b33  PCM_IRQHandler                            
00000b33  PORT1_IRQHandler                          
00000b33  PORT2_IRQHandler                          
00000b33  PORT3_IRQHandler                          
00000b33  PORT4_IRQHandler                          
00000b33  PORT5_IRQHandler                          
00000b33  PORT6_IRQHandler                          
00000b33  PSS_IRQHandler                            
00000b33  PendSV_Handler                            
00000b33  RTC_C_IRQHandler                          
00000b33  SVC_Handler                               
00000b33  SysTick_Handler                           
00000b33  T32_INT1_IRQHandler                       
00000b33  T32_INT2_IRQHandler                       
00000b33  T32_INTC_IRQHandler                       
00000b33  TA0_0_IRQHandler                          
00000b33  TA0_N_IRQHandler                          
00000b33  TA1_0_IRQHandler                          
00000b33  TA1_N_IRQHandler                          
00000b33  TA2_0_IRQHandler                          
00000b33  TA2_N_IRQHandler                          
00000b33  TA3_0_IRQHandler                          
00000b33  TA3_N_IRQHandler                          
00000b33  UsageFault_Handler                        
00000b33  WDT_A_IRQHandler                          
00000f75  __aeabi_dsub                              
00000f7f  __aeabi_dadd                              
0000112b  __aeabi_idiv0                             
0000112b  __aeabi_ldiv0                             
00001269  __aeabi_ddiv                              
000014c5  UART_initModule                           
000015e1  main                                      
000016f5  ldexp                                     
000016f5  ldexpl                                    
000016f5  scalbn                                    
000016f5  scalbnl                                   
00001805  __aeabi_dmul                              
000019b3  __aeabi_memcpy                            
000019b3  __aeabi_memcpy4                           
000019b3  __aeabi_memcpy8                           
000019b3  memcpy                                    
00001a4f  __aeabi_uldivmod                          
00001ae5  GPIO_setAsPeripheralModuleFunctionInputPin
00001b6d  __aeabi_cdcmpeq                           
00001b6d  __aeabi_cdcmple                           
00001bf3  __aeabi_cdrcmple                          
00001c79  Interrupt_enableInterrupt                 
00001cf9  __aeabi_memclr                            
00001cf9  __aeabi_memclr4                           
00001cf9  __aeabi_memclr8                           
00001cfb  __aeabi_memset                            
00001cfb  __aeabi_memset4                           
00001cfb  __aeabi_memset8                           
00001d01  memset                                    
00001d75  SystemInit                                
00001ded  getDebouncedSwitchState                   
00001ecb  __aeabi_d2f                               
00001f39  __TI_decompress_lzss                      
00001fa1  frexp                                     
00001fa1  frexpl                                    
00002005  GPIO_setAsInputPinWithPullUpResistor      
000020b3  __TI_ltoa                                 
00002159  atoi                                      
000021a5  putString                                 
000021ed  __aeabi_d2iz                              
00002235  __TI_auto_init_nobinit_nopinit            
00002279  GPIO_setAsOutputPin                       
000022b9  delaysecs                                 
000022f9  sprintf                                   
00002377  __aeabi_f2d                               
000023b1  CS_setDCOCenteredFrequency                
000023e5  UART_transmitData                         
00002419  _c_int00_noargs                           
0000244d  GPIO_getInputPinValue                     
0000247d  UART_enableInterrupt                      
000024ad  __aeabi_i2d                               
000024dd  GPIO_toggleOutputOnPin                    
00002505  memccpy                                   
00002521  copysign                                  
00002521  copysignl                                 
00002553  strchr                                    
00002569  getSwitchState                            
0000257d  strlen                                    
00002591  wcslen                                    
000025a3  Interrupt_enableMaster                    
000025b3  __TI_decompress_none                      
000025c1  CPU_cpsie                                 
000025cd  Reset_Handler                             
000025e5  __aeabi_errno_addr                        
000025ed  _system_pre_init                          
000025f1  C$$EXIT                                   
000025f1  abort                                     
000025f4  _ctypes_                                  
00002728  uartConfig                                
00002760  __TI_Handler_Table_Base                   
00002768  __TI_CINIT_Base                           
00002768  __TI_Handler_Table_Limit                  
00002770  __TI_CINIT_Limit                          
20000000  __start___llvm_prf_cnts                   
20000000  __stop___llvm_prf_cnts                    
20000000  led_period                                
20000004  errno                                     
2000fe00  __stack                                   
20010000  __STACK_END                               
4000480c  WDTCTL_SYM                                
ffffffff  __TI_pprof_out_hndl                       
ffffffff  __TI_prof_data_size                       
ffffffff  __TI_prof_data_start                      
ffffffff  __binit__                                 
ffffffff  __c_args__                                
ffffffff  binit                                     
UNDEFED   __mpu_init                                
UNDEFED   _system_post_cinit                        

[143 symbols]
