******************************************************************************
                  TI ARM Linker PC v20.2.5                     
******************************************************************************
>> Linked Fri Jul  1 13:37:55 2022

OUTPUT FILE NAME:   <Lab2Part2G09.out>
ENTRY POINT SYMBOL: "_c_int00_noargs"  address: 000022d5


MEMORY CONFIGURATION

         name            origin    length      used     unused   attr    fill
----------------------  --------  ---------  --------  --------  ----  --------
  MAIN                  00000000   00040000  000026a4  0003d95c  R  X
  INFO                  00200000   00004000  00000000  00004000  R  X
  SRAM_CODE             01000000   00010000  00000287  0000fd79  RW X
  SRAM_DATA             20000000   00010000  00000287  0000fd79  RW  


SEGMENT ALLOCATION MAP

run origin  load origin   length   init length attrs members
----------  ----------- ---------- ----------- ----- -------
00000000    00000000    000026a8   000026a8    r-x
  00000000    00000000    000000e4   000000e4    r-- .intvecs
  000000e4    000000e4    0000242c   0000242c    r-x .text
  00002510    00002510    00000164   00000164    r-- .const
  00002678    00002678    00000030   00000030    r-- .cinit
20000000    20000000    00000089   00000000    rw-
  20000000    20000000    00000082   00000000    rw- .bss
  20000084    20000084    00000005   00000000    rw- .data
2000fe00    2000fe00    00000200   00000000    rw-
  2000fe00    2000fe00    00000200   00000000    rw- .stack


SECTION ALLOCATION MAP

 output                                  attributes/
section   page    origin      length       input sections
--------  ----  ----------  ----------   ----------------
.intvecs   0    00000000    000000e4     
                  00000000    000000e4     startup_msp432p401r_ccs.obj (.intvecs:retain)

.text      0    000000e4    0000242c     
                  000000e4    00000a4e     rtsv7M4_T_le_v4SPD16_eabi.lib : _printfi.c.obj (.text:__TI_printfi)
                  00000b32    00000002     startup_msp432p401r_ccs.obj (.text:Default_Handler)
                  00000b34    00000270     rtsv7M4_T_le_v4SPD16_eabi.lib : _printfi.c.obj (.text:_pconv_a)
                  00000da4    000001d0                                   : _printfi.c.obj (.text:_pconv_g)
                  00000f74    000001b6                                   : fd_add_t2.asm.obj (.text)
                  0000112a    00000002                                   : div0.asm.obj (.text)
                  0000112c    0000013c                                   : _printfi.c.obj (.text:_pconv_e)
                  00001268    00000136                                   : fd_div_t2.asm.obj (.text)
                  0000139e    00000002     --HOLE-- [fill = 0]
                  000013a0    00000124                                   : _printfi.c.obj (.text:fcvt)
                  000014c4    0000011c     msp432p4xx_driverlib.lib : uart.o (.text:UART_initModule)
                  000015e0    00000110     main.obj (.text:main)
                  000016f0    00000110     rtsv7M4_T_le_v4SPD16_eabi.lib : s_scalbn.c.obj (.text:scalbn)
                  00001800    000000fc                                   : fd_mul_t2.asm.obj (.text)
                  000018fc    000000b1                                   : _printfi.c.obj (.text:_ltostr)
                  000019ad    00000001     --HOLE-- [fill = 0]
                  000019ae    0000009c                                   : memcpy_t2.asm.obj (.text)
                  00001a4a    00000096                                   : ull_div_t2.asm.obj (.text)
                  00001ae0    00000088     msp432p4xx_driverlib.lib : gpio.o (.text:GPIO_setAsPeripheralModuleFunctionInputPin)
                  00001b68    00000086     rtsv7M4_T_le_v4SPD16_eabi.lib : fd_cmp_t2.asm.obj (.text:__aeabi_cdcmple)
                  00001bee    00000086                                   : fd_cmp_t2.asm.obj (.text:__aeabi_cdrcmple)
                  00001c74    00000080     msp432p4xx_driverlib.lib : interrupt.o (.text:Interrupt_enableInterrupt)
                  00001cf4    0000007a     rtsv7M4_T_le_v4SPD16_eabi.lib : memset_t2.asm.obj (.text)
                  00001d6e    00000002     --HOLE-- [fill = 0]
                  00001d70    00000078     system_msp432p401r.obj (.text:SystemInit)
                  00001de8    0000006e     rtsv7M4_T_le_v4SPD16_eabi.lib : _printfi.c.obj (.text:_mcpy)
                  00001e56    00000068                                   : copy_decompress_lzss.c.obj (.text:decompress:lzss:__TI_decompress_lzss)
                  00001ebe    00000064     msp432p4xx_driverlib.lib : uart.o (.text:UART_getEnabledInterruptStatus)
                  00001f22    00000002     --HOLE-- [fill = 0]
                  00001f24    00000064     rtsv7M4_T_le_v4SPD16_eabi.lib : s_frexp.c.obj (.text:frexp)
                  00001f88    00000056                                   : _printfi.c.obj (.text:_pconv_f)
                  00001fde    00000054                                   : _ltoa.c.obj (.text:__TI_ltoa)
                  00002032    00000052                                   : _printfi.c.obj (.text:_ecpy)
                  00002084    0000004c                                   : atoi.c.obj (.text:atoi)
                  000020d0    00000048     main.obj (.text:EUSCIA0_IRQHandler)
                  00002118    00000048     main.obj (.text:putString)
                  00002160    00000048     rtsv7M4_T_le_v4SPD16_eabi.lib : fd_toi_t2.asm.obj (.text)
                  000021a8    00000044                                   : autoinit.c.obj (.text:__TI_auto_init_nobinit_nopinit:__TI_auto_init_nobinit_nopinit)
                  000021ec    00000040                                   : sprintf.c.obj (.text:sprintf)
                  0000222c    0000003e                                   : _printfi.c.obj (.text:_fcpy)
                  0000226a    00000002     --HOLE-- [fill = 0]
                  0000226c    00000034     msp432p4xx_driverlib.lib : cs.o (.text:CS_setDCOCenteredFrequency)
                  000022a0    00000034                              : uart.o (.text:UART_transmitData)
                  000022d4    00000034     rtsv7M4_T_le_v4SPD16_eabi.lib : boot_cortex_m.c.obj (.text:_c_int00_noargs:_c_int00_noargs)
                  00002308    00000030     msp432p4xx_driverlib.lib : uart.o (.text:UART_enableInterrupt)
                  00002338    00000030                              : uart.o (.text:UART_receiveData)
                  00002368    0000002e     rtsv7M4_T_le_v4SPD16_eabi.lib : i_tofd_t2.asm.obj (.text)
                  00002396    00000002     --HOLE-- [fill = 0]
                  00002398    0000002c     main.obj (.text:delaysecs)
                  000023c4    00000028     msp432p4xx_driverlib.lib : gpio.o (.text:GPIO_toggleOutputOnPin)
                  000023ec    0000001c     rtsv7M4_T_le_v4SPD16_eabi.lib : copy_zero_init.c.obj (.text:decompress:ZI:__TI_zero_init_nomemset:__TI_zero_init_nomemset)
                  00002408    0000001c                                   : memccpy.c.obj (.text:memccpy)
                  00002424    0000001a                                   : s_copysign.c.obj (.text:copysign)
                  0000243e    00000018     msp432p4xx_driverlib.lib : uart.o (.text:UART_getInterruptStatus)
                  00002456    00000018     rtsv7M4_T_le_v4SPD16_eabi.lib : sprintf.c.obj (.text:_outs)
                  0000246e    00000016     msp432p4xx_driverlib.lib : uart.o (.text:UART_clearInterruptFlag)
                  00002484    00000016     rtsv7M4_T_le_v4SPD16_eabi.lib : strchr.c.obj (.text:strchr)
                  0000249a    00000014                                   : strlen.c.obj (.text:strlen)
                  000024ae    00000012                                   : wcslen.c.obj (.text:wcslen)
                  000024c0    00000010     msp432p4xx_driverlib.lib : interrupt.o (.text:Interrupt_enableMaster)
                  000024d0    0000000e     rtsv7M4_T_le_v4SPD16_eabi.lib : copy_decompress_none.c.obj (.text:decompress:none:__TI_decompress_none)
                  000024de    0000000c     msp432p4xx_driverlib.lib : cpu.o (.text:CPU_cpsie)
                  000024ea    0000000c     startup_msp432p401r_ccs.obj (.text:Reset_Handler)
                  000024f6    0000000a     rtsv7M4_T_le_v4SPD16_eabi.lib : sprintf.c.obj (.text:_outc)
                  00002500    00000008                                   : errno.c.obj (.text:__aeabi_errno_addr)
                  00002508    00000004                                   : pre_init.c.obj (.text:_system_pre_init)
                  0000250c    00000004                                   : exit.c.obj (.text:abort:abort)

.const     0    00002510    00000164     
                  00002510    00000101     rtsv7M4_T_le_v4SPD16_eabi.lib : ctype.c.obj (.const:.string:_ctypes_)
                  00002611    00000003     --HOLE-- [fill = 0]
                  00002614    00000030     msp432p4xx_driverlib.lib : gpio.o (.const:GPIO_PORT_TO_BASE)
                  00002644    00000028     main.obj (.const:uartConfig)
                  0000266c    00000008     msp432p4xx_driverlib.lib : interrupt.o (.const:g_pulEnRegs)

.cinit     0    00002678    00000030     
                  00002678    0000000c     (__TI_handler_table)
                  00002684    00000004     --HOLE-- [fill = 0]
                  00002688    00000008     (.cinit..bss.load) [load image, compression = zero_init]
                  00002690    00000008     (.cinit..data.load) [load image, compression = lzss]
                  00002698    00000010     (__TI_cinit_table)

.init_array 
*          0    00000000    00000000     UNINITIALIZED

.binit     0    00000000    00000000     

.bss       0    20000000    00000082     UNINITIALIZED
                  20000000    00000080     (.common:message)
                  20000080    00000002     (.common:newinterval)

.data      0    20000084    00000005     UNINITIALIZED
                  20000084    00000004     rtsv7M4_T_le_v4SPD16_eabi.lib : errno.c.obj (.data)
                  20000088    00000001     main.obj (.data)

.stack     0    2000fe00    00000200     UNINITIALIZED
                  2000fe00    00000004     rtsv7M4_T_le_v4SPD16_eabi.lib : boot_cortex_m.c.obj (.stack)
                  2000fe04    000001fc     --HOLE--

__llvm_prf_cnts 
*          0    20000000    00000000     UNINITIALIZED

MODULE SUMMARY

       Module                        code   ro data   rw data
       ------                        ----   -------   -------
    .\
       main.obj                      460    40        262    
       system_msp432p401r.obj        120    0         0      
    +--+-----------------------------+------+---------+---------+
       Total:                        580    40        262    
                                                             
    .\ccs\
       startup_msp432p401r_ccs.obj   14     228       0      
    +--+-----------------------------+------+---------+---------+
       Total:                        14     228       0      
                                                             
    C:/ti/simplelink_msp432p4_sdk_3_40_01_02/source/ti/devices/msp432p4xx/driverlib/ccs/msp432p4xx_driverlib.lib
       uart.o                        578    0         0      
       gpio.o                        176    48        0      
       interrupt.o                   144    8         0      
       cs.o                          52     0         0      
       cpu.o                         12     0         0      
    +--+-----------------------------+------+---------+---------+
       Total:                        962    56        0      
                                                             
    C:\ti\ccs1120\ccs\tools\compiler\ti-cgt-arm_20.2.5.LTS\lib\rtsv7M4_T_le_v4SPD16_eabi.lib
       _printfi.c.obj                4851   0         0      
       fd_add_t2.asm.obj             438    0         0      
       fd_div_t2.asm.obj             310    0         0      
       s_scalbn.c.obj                272    0         0      
       fd_cmp_t2.asm.obj             268    0         0      
       ctype.c.obj                   0      257       0      
       fd_mul_t2.asm.obj             252    0         0      
       memcpy_t2.asm.obj             156    0         0      
       ull_div_t2.asm.obj            150    0         0      
       memset_t2.asm.obj             122    0         0      
       copy_decompress_lzss.c.obj    104    0         0      
       s_frexp.c.obj                 100    0         0      
       sprintf.c.obj                 98     0         0      
       _ltoa.c.obj                   84     0         0      
       atoi.c.obj                    76     0         0      
       fd_toi_t2.asm.obj             72     0         0      
       autoinit.c.obj                68     0         0      
       boot_cortex_m.c.obj           52     0         0      
       i_tofd_t2.asm.obj             46     0         0      
       copy_zero_init.c.obj          28     0         0      
       memccpy.c.obj                 28     0         0      
       s_copysign.c.obj              26     0         0      
       strchr.c.obj                  22     0         0      
       strlen.c.obj                  20     0         0      
       wcslen.c.obj                  18     0         0      
       errno.c.obj                   8      0         8      
       copy_decompress_none.c.obj    14     0         0      
       exit.c.obj                    4      0         0      
       pre_init.c.obj                4      0         0      
       div0.asm.obj                  2      0         0      
    +--+-----------------------------+------+---------+---------+
       Total:                        7693   257       8      
                                                             
       Stack:                        0      0         1024   
       Linker Generated:             0      44        0      
    +--+-----------------------------+------+---------+---------+
       Grand Total:                  9249   625       1294   


LINKER GENERATED COPY TABLES

__TI_cinit_table @ 00002698 records: 2, size/record: 8, table size: 16
	.bss: load addr=00002688, load size=00000008 bytes, run addr=20000000, run size=00000082 bytes, compression=zero_init
	.data: load addr=00002690, load size=00000008 bytes, run addr=20000084, run size=00000005 bytes, compression=lzss


LINKER GENERATED HANDLER TABLE

__TI_handler_table @ 00002678 records: 3, size/record: 4, table size: 12
	index: 0, handler: __TI_decompress_lzss
	index: 1, handler: __TI_decompress_none
	index: 2, handler: __TI_zero_init


GLOBAL SYMBOLS: SORTED ALPHABETICALLY BY Name 

address   name                                      
-------   ----                                      
00000b33  ADC14_IRQHandler                          
00000b33  AES256_IRQHandler                         
00000b33  BusFault_Handler                          
0000250d  C$$EXIT                                   
00000b33  COMP_E0_IRQHandler                        
00000b33  COMP_E1_IRQHandler                        
000024df  CPU_cpsie                                 
00000b33  CS_IRQHandler                             
0000226d  CS_setDCOCenteredFrequency                
00000b33  DMA_ERR_IRQHandler                        
00000b33  DMA_INT0_IRQHandler                       
00000b33  DMA_INT1_IRQHandler                       
00000b33  DMA_INT2_IRQHandler                       
00000b33  DMA_INT3_IRQHandler                       
00000b33  DebugMon_Handler                          
00000b33  Default_Handler                           
000020d1  EUSCIA0_IRQHandler                        
000020d1  EUSCIA0_IRQHandler                        
00000b33  EUSCIA1_IRQHandler                        
00000b33  EUSCIA2_IRQHandler                        
00000b33  EUSCIA3_IRQHandler                        
00000b33  EUSCIB0_IRQHandler                        
00000b33  EUSCIB1_IRQHandler                        
00000b33  EUSCIB2_IRQHandler                        
00000b33  EUSCIB3_IRQHandler                        
00000b33  FLCTL_IRQHandler                          
00000b33  FPU_IRQHandler                            
00001ae1  GPIO_setAsPeripheralModuleFunctionInputPin
000023c5  GPIO_toggleOutputOnPin                    
00000b33  HardFault_Handler                         
00001c75  Interrupt_enableInterrupt                 
000024c1  Interrupt_enableMaster                    
00000b33  MemManage_Handler                         
00000b33  NMI_Handler                               
00000b33  PCM_IRQHandler                            
00000b33  PORT1_IRQHandler                          
00000b33  PORT2_IRQHandler                          
00000b33  PORT3_IRQHandler                          
00000b33  PORT4_IRQHandler                          
00000b33  PORT5_IRQHandler                          
00000b33  PORT6_IRQHandler                          
00000b33  PSS_IRQHandler                            
00000b33  PendSV_Handler                            
00000b33  RTC_C_IRQHandler                          
000024eb  Reset_Handler                             
00000b33  SVC_Handler                               
00000b33  SysTick_Handler                           
00001d71  SystemInit                                
00000b33  T32_INT1_IRQHandler                       
00000b33  T32_INT2_IRQHandler                       
00000b33  T32_INTC_IRQHandler                       
00000b33  TA0_0_IRQHandler                          
00000b33  TA0_N_IRQHandler                          
00000b33  TA1_0_IRQHandler                          
00000b33  TA1_N_IRQHandler                          
00000b33  TA2_0_IRQHandler                          
00000b33  TA2_N_IRQHandler                          
00000b33  TA3_0_IRQHandler                          
00000b33  TA3_N_IRQHandler                          
0000246f  UART_clearInterruptFlag                   
00002309  UART_enableInterrupt                      
00001ebf  UART_getEnabledInterruptStatus            
0000243f  UART_getInterruptStatus                   
000014c5  UART_initModule                           
00002339  UART_receiveData                          
000022a1  UART_transmitData                         
00000b33  UsageFault_Handler                        
4000480c  WDTCTL_SYM                                
00000b33  WDT_A_IRQHandler                          
20010000  __STACK_END                               
00000200  __STACK_SIZE                              
00002698  __TI_CINIT_Base                           
000026a8  __TI_CINIT_Limit                          
00002678  __TI_Handler_Table_Base                   
00002684  __TI_Handler_Table_Limit                  
000021a9  __TI_auto_init_nobinit_nopinit            
00001e57  __TI_decompress_lzss                      
000024d1  __TI_decompress_none                      
00001fdf  __TI_ltoa                                 
ffffffff  __TI_pprof_out_hndl                       
000000e5  __TI_printfi                              
ffffffff  __TI_prof_data_size                       
ffffffff  __TI_prof_data_start                      
00000000  __TI_static_base__                        
000023ed  __TI_zero_init_nomemset                   
00001b69  __aeabi_cdcmpeq                           
00001b69  __aeabi_cdcmple                           
00001bef  __aeabi_cdrcmple                          
00002161  __aeabi_d2iz                              
00000f7f  __aeabi_dadd                              
00001269  __aeabi_ddiv                              
00001801  __aeabi_dmul                              
00000f75  __aeabi_dsub                              
00002501  __aeabi_errno_addr                        
00002369  __aeabi_i2d                               
0000112b  __aeabi_idiv0                             
0000112b  __aeabi_ldiv0                             
00001cf5  __aeabi_memclr                            
00001cf5  __aeabi_memclr4                           
00001cf5  __aeabi_memclr8                           
000019af  __aeabi_memcpy                            
000019af  __aeabi_memcpy4                           
000019af  __aeabi_memcpy8                           
00001cf7  __aeabi_memset                            
00001cf7  __aeabi_memset4                           
00001cf7  __aeabi_memset8                           
00001a4b  __aeabi_uldivmod                          
ffffffff  __binit__                                 
ffffffff  __c_args__                                
UNDEFED   __mpu_init                                
2000fe00  __stack                                   
20000000  __start___llvm_prf_cnts                   
20000000  __stop___llvm_prf_cnts                    
000022d5  _c_int00_noargs                           
00002510  _ctypes_                                  
UNDEFED   _system_post_cinit                        
00002509  _system_pre_init                          
0000250d  abort                                     
00002085  atoi                                      
ffffffff  binit                                     
00002425  copysign                                  
00002425  copysignl                                 
00002399  delaysecs                                 
20000084  errno                                     
00001f25  frexp                                     
00001f25  frexpl                                    
00000000  interruptVectors                          
000016f1  ldexp                                     
000016f1  ldexpl                                    
000015e1  main                                      
00002409  memccpy                                   
000019af  memcpy                                    
00001cfd  memset                                    
20000000  message                                   
20000080  newinterval                               
20000088  oldinterval                               
00002119  putString                                 
000016f1  scalbn                                    
000016f1  scalbnl                                   
000021ed  sprintf                                   
00002485  strchr                                    
0000249b  strlen                                    
00002644  uartConfig                                
000024af  wcslen                                    


GLOBAL SYMBOLS: SORTED BY Symbol Address 

address   name                                      
-------   ----                                      
00000000  __TI_static_base__                        
00000000  interruptVectors                          
000000e5  __TI_printfi                              
00000200  __STACK_SIZE                              
00000b33  ADC14_IRQHandler                          
00000b33  AES256_IRQHandler                         
00000b33  BusFault_Handler                          
00000b33  COMP_E0_IRQHandler                        
00000b33  COMP_E1_IRQHandler                        
00000b33  CS_IRQHandler                             
00000b33  DMA_ERR_IRQHandler                        
00000b33  DMA_INT0_IRQHandler                       
00000b33  DMA_INT1_IRQHandler                       
00000b33  DMA_INT2_IRQHandler                       
00000b33  DMA_INT3_IRQHandler                       
00000b33  DebugMon_Handler                          
00000b33  Default_Handler                           
00000b33  EUSCIA1_IRQHandler                        
00000b33  EUSCIA2_IRQHandler                        
00000b33  EUSCIA3_IRQHandler                        
00000b33  EUSCIB0_IRQHandler                        
00000b33  EUSCIB1_IRQHandler                        
00000b33  EUSCIB2_IRQHandler                        
00000b33  EUSCIB3_IRQHandler                        
00000b33  FLCTL_IRQHandler                          
00000b33  FPU_IRQHandler                            
00000b33  HardFault_Handler                         
00000b33  MemManage_Handler                         
00000b33  NMI_Handler                               
00000b33  PCM_IRQHandler                            
00000b33  PORT1_IRQHandler                          
00000b33  PORT2_IRQHandler                          
00000b33  PORT3_IRQHandler                          
00000b33  PORT4_IRQHandler                          
00000b33  PORT5_IRQHandler                          
00000b33  PORT6_IRQHandler                          
00000b33  PSS_IRQHandler                            
00000b33  PendSV_Handler                            
00000b33  RTC_C_IRQHandler                          
00000b33  SVC_Handler                               
00000b33  SysTick_Handler                           
00000b33  T32_INT1_IRQHandler                       
00000b33  T32_INT2_IRQHandler                       
00000b33  T32_INTC_IRQHandler                       
00000b33  TA0_0_IRQHandler                          
00000b33  TA0_N_IRQHandler                          
00000b33  TA1_0_IRQHandler                          
00000b33  TA1_N_IRQHandler                          
00000b33  TA2_0_IRQHandler                          
00000b33  TA2_N_IRQHandler                          
00000b33  TA3_0_IRQHandler                          
00000b33  TA3_N_IRQHandler                          
00000b33  UsageFault_Handler                        
00000b33  WDT_A_IRQHandler                          
00000f75  __aeabi_dsub                              
00000f7f  __aeabi_dadd                              
0000112b  __aeabi_idiv0                             
0000112b  __aeabi_ldiv0                             
00001269  __aeabi_ddiv                              
000014c5  UART_initModule                           
000015e1  main                                      
000016f1  ldexp                                     
000016f1  ldexpl                                    
000016f1  scalbn                                    
000016f1  scalbnl                                   
00001801  __aeabi_dmul                              
000019af  __aeabi_memcpy                            
000019af  __aeabi_memcpy4                           
000019af  __aeabi_memcpy8                           
000019af  memcpy                                    
00001a4b  __aeabi_uldivmod                          
00001ae1  GPIO_setAsPeripheralModuleFunctionInputPin
00001b69  __aeabi_cdcmpeq                           
00001b69  __aeabi_cdcmple                           
00001bef  __aeabi_cdrcmple                          
00001c75  Interrupt_enableInterrupt                 
00001cf5  __aeabi_memclr                            
00001cf5  __aeabi_memclr4                           
00001cf5  __aeabi_memclr8                           
00001cf7  __aeabi_memset                            
00001cf7  __aeabi_memset4                           
00001cf7  __aeabi_memset8                           
00001cfd  memset                                    
00001d71  SystemInit                                
00001e57  __TI_decompress_lzss                      
00001ebf  UART_getEnabledInterruptStatus            
00001f25  frexp                                     
00001f25  frexpl                                    
00001fdf  __TI_ltoa                                 
00002085  atoi                                      
000020d1  EUSCIA0_IRQHandler                        
000020d1  EUSCIA0_IRQHandler                        
00002119  putString                                 
00002161  __aeabi_d2iz                              
000021a9  __TI_auto_init_nobinit_nopinit            
000021ed  sprintf                                   
0000226d  CS_setDCOCenteredFrequency                
000022a1  UART_transmitData                         
000022d5  _c_int00_noargs                           
00002309  UART_enableInterrupt                      
00002339  UART_receiveData                          
00002369  __aeabi_i2d                               
00002399  delaysecs                                 
000023c5  GPIO_toggleOutputOnPin                    
000023ed  __TI_zero_init_nomemset                   
00002409  memccpy                                   
00002425  copysign                                  
00002425  copysignl                                 
0000243f  UART_getInterruptStatus                   
0000246f  UART_clearInterruptFlag                   
00002485  strchr                                    
0000249b  strlen                                    
000024af  wcslen                                    
000024c1  Interrupt_enableMaster                    
000024d1  __TI_decompress_none                      
000024df  CPU_cpsie                                 
000024eb  Reset_Handler                             
00002501  __aeabi_errno_addr                        
00002509  _system_pre_init                          
0000250d  C$$EXIT                                   
0000250d  abort                                     
00002510  _ctypes_                                  
00002644  uartConfig                                
00002678  __TI_Handler_Table_Base                   
00002684  __TI_Handler_Table_Limit                  
00002698  __TI_CINIT_Base                           
000026a8  __TI_CINIT_Limit                          
20000000  __start___llvm_prf_cnts                   
20000000  __stop___llvm_prf_cnts                    
20000000  message                                   
20000080  newinterval                               
20000084  errno                                     
20000088  oldinterval                               
2000fe00  __stack                                   
20010000  __STACK_END                               
4000480c  WDTCTL_SYM                                
ffffffff  __TI_pprof_out_hndl                       
ffffffff  __TI_prof_data_size                       
ffffffff  __TI_prof_data_start                      
ffffffff  __binit__                                 
ffffffff  __c_args__                                
ffffffff  binit                                     
UNDEFED   __mpu_init                                
UNDEFED   _system_post_cinit                        

[144 symbols]
