******************************************************************************
                  TI ARM Linker PC v18.12.1                    
******************************************************************************
>> Linked Sat Jun 22 12:33:53 2019

OUTPUT FILE NAME:   <uart_functions_MSP_EXP432P401R_nortos_ccs.out>
ENTRY POINT SYMBOL: "_c_int00_noargs"  address: 000026bd


MEMORY CONFIGURATION

         name            origin    length      used     unused   attr    fill
----------------------  --------  ---------  --------  --------  ----  --------
  MAIN                  00000000   00040000  00002a50  0003d5b0  R  X
  INFO                  00200000   00004000  00000000  00004000  R  X
  SRAM_CODE             01000000   00010000  00000226  0000fdda  RW X
  SRAM_DATA             20000000   00010000  00000226  0000fdda  RW  


SEGMENT ALLOCATION MAP

run origin  load origin   length   init length attrs members
----------  ----------- ---------- ----------- ----- -------
00000000    00000000    00002a58   00002a58    r-x
  00000000    00000000    000000e4   000000e4    r-- .intvecs
  000000e4    000000e4    00002748   00002748    r-x .text
  00002830    00002830    000001f4   000001f4    r-- .const
  00002a28    00002a28    00000030   00000030    r-- .cinit
20000000    20000000    00000028   00000000    rw-
  20000000    20000000    00000022   00000000    rw- .bss
  20000024    20000024    00000004   00000000    rw- .data
2000fe00    2000fe00    00000200   00000000    rw-
  2000fe00    2000fe00    00000200   00000000    rw- .stack


SECTION ALLOCATION MAP

 output                                  attributes/
section   page    origin      length       input sections
--------  ----  ----------  ----------   ----------------
.intvecs   0    00000000    000000e4     
                  00000000    000000e4     startup_msp432p401r_ccs.obj (.intvecs:retain)

.text      0    000000e4    00002748     
                  000000e4    00000a4e     rtsv7M4_T_le_v4SPD16_eabi.lib : _printfi.c.obj (.text:__TI_printfi)
                  00000b32    00000002     startup_msp432p401r_ccs.obj (.text:Default_Handler)
                  00000b34    00000460     rtsv7M4_T_le_v4SPD16_eabi.lib : strtod.c.obj (.text:strtod)
                  00000f94    00000270                                   : _printfi.c.obj (.text:_pconv_a)
                  00001204    000001d0                                   : _printfi.c.obj (.text:_pconv_g)
                  000013d4    000001b6                                   : fd_add_t2.asm.obj (.text)
                  0000158a    00000002                                   : div0.asm.obj (.text)
                  0000158c    0000013c                                   : _printfi.c.obj (.text:_pconv_e)
                  000016c8    00000136                                   : fd_div_t2.asm.obj (.text)
                  000017fe    00000002     --HOLE-- [fill = 0]
                  00001800    00000124                                   : _printfi.c.obj (.text:fcvt)
                  00001924    00000110                                   : s_scalbn.c.obj (.text:scalbn)
                  00001a34    000000fc                                   : fd_mul_t2.asm.obj (.text)
                  00001b30    000000b1                                   : _printfi.c.obj (.text:_ltostr)
                  00001be1    00000003     --HOLE-- [fill = 0]
                  00001be4    0000009c                                   : s_modf.c.obj (.text:modf)
                  00001c80    0000009c                                   : memcpy_t2.asm.obj (.text)
                  00001d1c    00000096                                   : ull_div_t2.asm.obj (.text)
                  00001db2    00000086                                   : fd_cmp_t2.asm.obj (.text:__aeabi_cdcmple)
                  00001e38    00000086                                   : fd_cmp_t2.asm.obj (.text:__aeabi_cdrcmple)
                  00001ebe    00000002     --HOLE-- [fill = 0]
                  00001ec0    00000080     uart_functions.obj (.text:initUART)
                  00001f40    0000007a     rtsv7M4_T_le_v4SPD16_eabi.lib : memset_t2.asm.obj (.text)
                  00001fba    00000002     --HOLE-- [fill = 0]
                  00001fbc    00000078     system_msp432p401r.obj (.text:SystemInit)
                  00002034    00000078     uart_functions.obj (.text:writeFloat)
                  000020ac    00000074     uart_functions.obj (.text:EUSCIA0_IRQHandler)
                  00002120    0000006e     rtsv7M4_T_le_v4SPD16_eabi.lib : _printfi.c.obj (.text:_mcpy)
                  0000218e    0000006e                                   : fd_tos_t2.asm.obj (.text)
                  000021fc    0000006c     uart_functions.obj (.text:writeString)
                  00002268    00000068     rtsv7M4_T_le_v4SPD16_eabi.lib : copy_decompress_lzss.c.obj (.text:decompress:lzss:__TI_decompress_lzss)
                  000022d0    00000064                                   : s_frexp.c.obj (.text:frexp)
                  00002334    00000064     main.obj (.text:main)
                  00002398    00000064     uart_functions.obj (.text:readString)
                  000023fc    00000056     rtsv7M4_T_le_v4SPD16_eabi.lib : _printfi.c.obj (.text:_pconv_f)
                  00002452    00000054                                   : ltoa.c.obj (.text:ltoa)
                  000024a6    00000052                                   : _printfi.c.obj (.text:_ecpy)
                  000024f8    0000004c                                   : atoi.c.obj (.text:atoi)
                  00002544    00000048                                   : fd_toi_t2.asm.obj (.text)
                  0000258c    00000044                                   : autoinit.c.obj (.text:__TI_auto_init_nobinit_nopinit:__TI_auto_init_nobinit_nopinit)
                  000025d0    00000040                                   : sprintf.c.obj (.text:sprintf)
                  00002610    0000003e                                   : _printfi.c.obj (.text:_fcpy)
                  0000264e    00000038                                   : fs_tod_t2.asm.obj (.text)
                  00002686    00000002     --HOLE-- [fill = 0]
                  00002688    00000034     msp432p4xx_driverlib.lib : cs.o (.text:CS_setDCOCenteredFrequency)
                  000026bc    00000034     rtsv7M4_T_le_v4SPD16_eabi.lib : boot_cortex_m.c.obj (.text:_c_int00_noargs:_c_int00_noargs)
                  000026f0    0000002e                                   : i_tofd_t2.asm.obj (.text)
                  0000271e    0000002a     uart_functions.obj (.text:readFloat)
                  00002748    0000001c     rtsv7M4_T_le_v4SPD16_eabi.lib : memccpy.c.obj (.text:memccpy)
                  00002764    0000001a                                   : s_copysign.c.obj (.text:copysign)
                  0000277e    00000018                                   : sprintf.c.obj (.text:_outs)
                  00002796    00000016                                   : strchr.c.obj (.text:strchr)
                  000027ac    00000014                                   : strlen.c.obj (.text:strlen)
                  000027c0    00000012                                   : atof.c.obj (.text:atof)
                  000027d2    00000012                                   : copy_zero_init.c.obj (.text:decompress:ZI:__TI_zero_init_nomemset:__TI_zero_init_nomemset)
                  000027e4    00000012                                   : wcslen.c.obj (.text:wcslen)
                  000027f6    0000000e                                   : copy_decompress_none.c.obj (.text:decompress:none:__TI_decompress_none)
                  00002804    0000000c     startup_msp432p401r_ccs.obj (.text:Reset_Handler)
                  00002810    0000000a     rtsv7M4_T_le_v4SPD16_eabi.lib : sprintf.c.obj (.text:_outc)
                  0000281a    00000002     --HOLE-- [fill = 0]
                  0000281c    00000008                                   : errno.c.obj (.text:__aeabi_errno_addr)
                  00002824    00000004                                   : pre_init.c.obj (.text:_system_pre_init)
                  00002828    00000004                                   : exit.c.obj (.text:abort:abort)

.const     0    00002830    000001f4     
                  00002830    00000101     rtsv7M4_T_le_v4SPD16_eabi.lib : ctype.c.obj (.const:.string:_ctypes_)
                  00002931    00000007     --HOLE-- [fill = 0]
                  00002938    000000c8                                   : strtod.c.obj (.const:$O1$$)
                  00002a00    00000024     uart_functions.obj (.const:uartConfig)

.cinit     0    00002a28    00000030     
                  00002a28    0000000c     (__TI_handler_table)
                  00002a34    00000004     --HOLE-- [fill = 0]
                  00002a38    00000008     (.cinit..bss.load) [load image, compression = zero_init]
                  00002a40    00000007     (.cinit..data.load) [load image, compression = lzss]
                  00002a47    00000001     --HOLE-- [fill = 0]
                  00002a48    00000010     (__TI_cinit_table)

.init_array 
*          0    00000000    00000000     UNINITIALIZED

.binit     0    00000000    00000000     

.bss       0    20000000    00000022     UNINITIALIZED
                  20000000    00000022     (.common:ringBuffer)

.data      0    20000024    00000004     UNINITIALIZED
                  20000024    00000004     rtsv7M4_T_le_v4SPD16_eabi.lib : errno.c.obj (.data)

.stack     0    2000fe00    00000200     UNINITIALIZED
                  2000fe00    00000004     rtsv7M4_T_le_v4SPD16_eabi.lib : boot_cortex_m.c.obj (.stack)
                  2000fe04    000001fc     --HOLE--

MODULE SUMMARY

       Module                        code    ro data   rw data
       ------                        ----    -------   -------
    .\
       uart_functions.obj            614     36        68     
       system_msp432p401r.obj        120     0         0      
       main.obj                      100     0         0      
    +--+-----------------------------+-------+---------+---------+
       Total:                        834     36        68     
                                                              
    .\ccs\
       startup_msp432p401r_ccs.obj   14      228       0      
    +--+-----------------------------+-------+---------+---------+
       Total:                        14      228       0      
                                                              
    C:/ti/simplelink_msp432p4_sdk_3_10_00_08/source/ti/devices/msp432p4xx/driverlib/ccs/msp432p4xx_driverlib.lib
       cs.o                          52      0         0      
    +--+-----------------------------+-------+---------+---------+
       Total:                        52      0         0      
                                                              
    C:\ti\ccs901\ccs\tools\compiler\ti-cgt-arm_18.12.1.LTS\lib\rtsv7M4_T_le_v4SPD16_eabi.lib
       _printfi.c.obj                4851    0         0      
       strtod.c.obj                  1120    200       0      
       fd_add_t2.asm.obj             438     0         0      
       fd_div_t2.asm.obj             310     0         0      
       s_scalbn.c.obj                272     0         0      
       fd_cmp_t2.asm.obj             268     0         0      
       ctype.c.obj                   0       257       0      
       fd_mul_t2.asm.obj             252     0         0      
       memcpy_t2.asm.obj             156     0         0      
       s_modf.c.obj                  156     0         0      
       ull_div_t2.asm.obj            150     0         0      
       memset_t2.asm.obj             122     0         0      
       fd_tos_t2.asm.obj             110     0         0      
       copy_decompress_lzss.c.obj    104     0         0      
       s_frexp.c.obj                 100     0         0      
       sprintf.c.obj                 98      0         0      
       ltoa.c.obj                    84      0         0      
       atoi.c.obj                    76      0         0      
       fd_toi_t2.asm.obj             72      0         0      
       autoinit.c.obj                68      0         0      
       fs_tod_t2.asm.obj             56      0         0      
       boot_cortex_m.c.obj           52      0         0      
       i_tofd_t2.asm.obj             46      0         0      
       memccpy.c.obj                 28      0         0      
       s_copysign.c.obj              26      0         0      
       strchr.c.obj                  22      0         0      
       strlen.c.obj                  20      0         0      
       atof.c.obj                    18      0         0      
       copy_zero_init.c.obj          18      0         0      
       wcslen.c.obj                  18      0         0      
       errno.c.obj                   8       0         8      
       copy_decompress_none.c.obj    14      0         0      
       exit.c.obj                    4       0         0      
       pre_init.c.obj                4       0         0      
       div0.asm.obj                  2       0         0      
    +--+-----------------------------+-------+---------+---------+
       Total:                        9143    457       8      
                                                              
       Stack:                        0       0         1024   
       Linker Generated:             0       43        0      
    +--+-----------------------------+-------+---------+---------+
       Grand Total:                  10043   764       1100   


LINKER GENERATED COPY TABLES

__TI_cinit_table @ 00002a48 records: 2, size/record: 8, table size: 16
	.bss: load addr=00002a38, load size=00000008 bytes, run addr=20000000, run size=00000022 bytes, compression=zero_init
	.data: load addr=00002a40, load size=00000007 bytes, run addr=20000024, run size=00000004 bytes, compression=lzss


LINKER GENERATED HANDLER TABLE

__TI_handler_table @ 00002a28 records: 3, size/record: 4, table size: 12
	index: 0, handler: __TI_decompress_lzss
	index: 1, handler: __TI_decompress_none
	index: 2, handler: __TI_zero_init


GLOBAL SYMBOLS: SORTED ALPHABETICALLY BY Name 

address   name                          
-------   ----                          
00000b33  ADC14_IRQHandler              
00000b33  AES256_IRQHandler             
00000b33  BusFault_Handler              
00002829  C$$EXIT                       
00000b33  COMP_E0_IRQHandler            
00000b33  COMP_E1_IRQHandler            
00000b33  CS_IRQHandler                 
00002689  CS_setDCOCenteredFrequency    
00000b33  DMA_ERR_IRQHandler            
00000b33  DMA_INT0_IRQHandler           
00000b33  DMA_INT1_IRQHandler           
00000b33  DMA_INT2_IRQHandler           
00000b33  DMA_INT3_IRQHandler           
00000b33  DebugMon_Handler              
00000b33  Default_Handler               
000020ad  EUSCIA0_IRQHandler            
000020ad  EUSCIA0_IRQHandler            
00000b33  EUSCIA1_IRQHandler            
00000b33  EUSCIA2_IRQHandler            
00000b33  EUSCIA3_IRQHandler            
00000b33  EUSCIB0_IRQHandler            
00000b33  EUSCIB1_IRQHandler            
00000b33  EUSCIB2_IRQHandler            
00000b33  EUSCIB3_IRQHandler            
00000b33  FLCTL_IRQHandler              
00000b33  FPU_IRQHandler                
00000b33  HardFault_Handler             
00000b33  MemManage_Handler             
00000b33  NMI_Handler                   
00000b33  PCM_IRQHandler                
00000b33  PORT1_IRQHandler              
00000b33  PORT2_IRQHandler              
00000b33  PORT3_IRQHandler              
00000b33  PORT4_IRQHandler              
00000b33  PORT5_IRQHandler              
00000b33  PORT6_IRQHandler              
00000b33  PSS_IRQHandler                
00000b33  PendSV_Handler                
00000b33  RTC_C_IRQHandler              
00002805  Reset_Handler                 
00000b33  SVC_Handler                   
00000b33  SysTick_Handler               
00001fbd  SystemInit                    
00000b33  T32_INT1_IRQHandler           
00000b33  T32_INT2_IRQHandler           
00000b33  T32_INTC_IRQHandler           
00000b33  TA0_0_IRQHandler              
00000b33  TA0_N_IRQHandler              
00000b33  TA1_0_IRQHandler              
00000b33  TA1_N_IRQHandler              
00000b33  TA2_0_IRQHandler              
00000b33  TA2_N_IRQHandler              
00000b33  TA3_0_IRQHandler              
00000b33  TA3_N_IRQHandler              
00000b33  UsageFault_Handler            
4000480c  WDTCTL_SYM                    
00000b33  WDT_A_IRQHandler              
20010000  __STACK_END                   
00000200  __STACK_SIZE                  
00002a48  __TI_CINIT_Base               
00002a58  __TI_CINIT_Limit              
00002a28  __TI_Handler_Table_Base       
00002a34  __TI_Handler_Table_Limit      
0000258d  __TI_auto_init_nobinit_nopinit
00002269  __TI_decompress_lzss          
000027f7  __TI_decompress_none          
ffffffff  __TI_pprof_out_hndl           
000000e5  __TI_printfi                  
ffffffff  __TI_prof_data_size           
ffffffff  __TI_prof_data_start          
00000000  __TI_static_base__            
000027d3  __TI_zero_init_nomemset       
00001db3  __aeabi_cdcmpeq               
00001db3  __aeabi_cdcmple               
00001e39  __aeabi_cdrcmple              
0000218f  __aeabi_d2f                   
00002545  __aeabi_d2iz                  
000013df  __aeabi_dadd                  
000016c9  __aeabi_ddiv                  
00001a35  __aeabi_dmul                  
000013d5  __aeabi_dsub                  
0000281d  __aeabi_errno_addr            
0000264f  __aeabi_f2d                   
000026f1  __aeabi_i2d                   
0000158b  __aeabi_idiv0                 
0000158b  __aeabi_ldiv0                 
00001f41  __aeabi_memclr                
00001f41  __aeabi_memclr4               
00001f41  __aeabi_memclr8               
00001c81  __aeabi_memcpy                
00001c81  __aeabi_memcpy4               
00001c81  __aeabi_memcpy8               
00001f43  __aeabi_memset                
00001f43  __aeabi_memset4               
00001f43  __aeabi_memset8               
00001d1d  __aeabi_uldivmod              
ffffffff  __binit__                     
ffffffff  __c_args__                    
UNDEFED   __mpu_init                    
2000fe00  __stack                       
000026bd  _c_int00_noargs               
00002830  _ctypes_                      
UNDEFED   _system_post_cinit            
00002825  _system_pre_init              
00002829  abort                         
000027c1  atof                          
000024f9  atoi                          
ffffffff  binit                         
00002765  copysign                      
00002765  copysignl                     
20000024  errno                         
000022d1  frexp                         
000022d1  frexpl                        
00001ec1  initUART                      
00000000  interruptVectors              
00001925  ldexp                         
00001925  ldexpl                        
00002453  ltoa                          
00002335  main                          
00002749  memccpy                       
00001c81  memcpy                        
00001f49  memset                        
00001be5  modf                          
00001be5  modfl                         
0000271f  readFloat                     
00002399  readString                    
20000000  ringBuffer                    
00001925  scalbn                        
00001925  scalbnl                       
000025d1  sprintf                       
00002797  strchr                        
000027ad  strlen                        
00000b35  strtod                        
00000b35  strtold                       
00002a00  uartConfig                    
000027e5  wcslen                        
00002035  writeFloat                    
000021fd  writeString                   


GLOBAL SYMBOLS: SORTED BY Symbol Address 

address   name                          
-------   ----                          
00000000  __TI_static_base__            
00000000  interruptVectors              
000000e5  __TI_printfi                  
00000200  __STACK_SIZE                  
00000b33  ADC14_IRQHandler              
00000b33  AES256_IRQHandler             
00000b33  BusFault_Handler              
00000b33  COMP_E0_IRQHandler            
00000b33  COMP_E1_IRQHandler            
00000b33  CS_IRQHandler                 
00000b33  DMA_ERR_IRQHandler            
00000b33  DMA_INT0_IRQHandler           
00000b33  DMA_INT1_IRQHandler           
00000b33  DMA_INT2_IRQHandler           
00000b33  DMA_INT3_IRQHandler           
00000b33  DebugMon_Handler              
00000b33  Default_Handler               
00000b33  EUSCIA1_IRQHandler            
00000b33  EUSCIA2_IRQHandler            
00000b33  EUSCIA3_IRQHandler            
00000b33  EUSCIB0_IRQHandler            
00000b33  EUSCIB1_IRQHandler            
00000b33  EUSCIB2_IRQHandler            
00000b33  EUSCIB3_IRQHandler            
00000b33  FLCTL_IRQHandler              
00000b33  FPU_IRQHandler                
00000b33  HardFault_Handler             
00000b33  MemManage_Handler             
00000b33  NMI_Handler                   
00000b33  PCM_IRQHandler                
00000b33  PORT1_IRQHandler              
00000b33  PORT2_IRQHandler              
00000b33  PORT3_IRQHandler              
00000b33  PORT4_IRQHandler              
00000b33  PORT5_IRQHandler              
00000b33  PORT6_IRQHandler              
00000b33  PSS_IRQHandler                
00000b33  PendSV_Handler                
00000b33  RTC_C_IRQHandler              
00000b33  SVC_Handler                   
00000b33  SysTick_Handler               
00000b33  T32_INT1_IRQHandler           
00000b33  T32_INT2_IRQHandler           
00000b33  T32_INTC_IRQHandler           
00000b33  TA0_0_IRQHandler              
00000b33  TA0_N_IRQHandler              
00000b33  TA1_0_IRQHandler              
00000b33  TA1_N_IRQHandler              
00000b33  TA2_0_IRQHandler              
00000b33  TA2_N_IRQHandler              
00000b33  TA3_0_IRQHandler              
00000b33  TA3_N_IRQHandler              
00000b33  UsageFault_Handler            
00000b33  WDT_A_IRQHandler              
00000b35  strtod                        
00000b35  strtold                       
000013d5  __aeabi_dsub                  
000013df  __aeabi_dadd                  
0000158b  __aeabi_idiv0                 
0000158b  __aeabi_ldiv0                 
000016c9  __aeabi_ddiv                  
00001925  ldexp                         
00001925  ldexpl                        
00001925  scalbn                        
00001925  scalbnl                       
00001a35  __aeabi_dmul                  
00001be5  modf                          
00001be5  modfl                         
00001c81  __aeabi_memcpy                
00001c81  __aeabi_memcpy4               
00001c81  __aeabi_memcpy8               
00001c81  memcpy                        
00001d1d  __aeabi_uldivmod              
00001db3  __aeabi_cdcmpeq               
00001db3  __aeabi_cdcmple               
00001e39  __aeabi_cdrcmple              
00001ec1  initUART                      
00001f41  __aeabi_memclr                
00001f41  __aeabi_memclr4               
00001f41  __aeabi_memclr8               
00001f43  __aeabi_memset                
00001f43  __aeabi_memset4               
00001f43  __aeabi_memset8               
00001f49  memset                        
00001fbd  SystemInit                    
00002035  writeFloat                    
000020ad  EUSCIA0_IRQHandler            
000020ad  EUSCIA0_IRQHandler            
0000218f  __aeabi_d2f                   
000021fd  writeString                   
00002269  __TI_decompress_lzss          
000022d1  frexp                         
000022d1  frexpl                        
00002335  main                          
00002399  readString                    
00002453  ltoa                          
000024f9  atoi                          
00002545  __aeabi_d2iz                  
0000258d  __TI_auto_init_nobinit_nopinit
000025d1  sprintf                       
0000264f  __aeabi_f2d                   
00002689  CS_setDCOCenteredFrequency    
000026bd  _c_int00_noargs               
000026f1  __aeabi_i2d                   
0000271f  readFloat                     
00002749  memccpy                       
00002765  copysign                      
00002765  copysignl                     
00002797  strchr                        
000027ad  strlen                        
000027c1  atof                          
000027d3  __TI_zero_init_nomemset       
000027e5  wcslen                        
000027f7  __TI_decompress_none          
00002805  Reset_Handler                 
0000281d  __aeabi_errno_addr            
00002825  _system_pre_init              
00002829  C$$EXIT                       
00002829  abort                         
00002830  _ctypes_                      
00002a00  uartConfig                    
00002a28  __TI_Handler_Table_Base       
00002a34  __TI_Handler_Table_Limit      
00002a48  __TI_CINIT_Base               
00002a58  __TI_CINIT_Limit              
20000000  ringBuffer                    
20000024  errno                         
2000fe00  __stack                       
20010000  __STACK_END                   
4000480c  WDTCTL_SYM                    
ffffffff  __TI_pprof_out_hndl           
ffffffff  __TI_prof_data_size           
ffffffff  __TI_prof_data_start          
ffffffff  __binit__                     
ffffffff  __c_args__                    
ffffffff  binit                         
UNDEFED   __mpu_init                    
UNDEFED   _system_post_cinit            

[138 symbols]
