******************************************************************************
                  TI ARM Linker PC v18.12.1                    
******************************************************************************
>> Linked Sat Jun 22 08:53:32 2019

OUTPUT FILE NAME:   <uart_pc_echo_12mhz_brclk_MSP_EXP432P401R_nortos_ccs.out>
ENTRY POINT SYMBOL: "_c_int00_noinit_noargs"  address: 00000265


MEMORY CONFIGURATION

         name            origin    length      used     unused   attr    fill
----------------------  --------  ---------  --------  --------  ----  --------
  MAIN                  00000000   00040000  000002ca  0003fd36  R  X
  INFO                  00200000   00004000  00000000  00004000  R  X
  SRAM_CODE             01000000   00010000  00000200  0000fe00  RW X
  SRAM_DATA             20000000   00010000  00000200  0000fe00  RW  


SEGMENT ALLOCATION MAP

run origin  load origin   length   init length attrs members
----------  ----------- ---------- ----------- ----- -------
00000000    00000000    000002cc   000002cc    r-x
  00000000    00000000    000000e4   000000e4    r-- .intvecs
  000000e4    000000e4    000001c2   000001c2    r-x .text
  000002a8    000002a8    00000024   00000024    r-- .const
2000fe00    2000fe00    00000200   00000000    rw-
  2000fe00    2000fe00    00000200   00000000    rw- .stack


SECTION ALLOCATION MAP

 output                                  attributes/
section   page    origin      length       input sections
--------  ----  ----------  ----------   ----------------
.intvecs   0    00000000    000000e4     
                  00000000    000000e4     startup_msp432p401r_ccs.obj (.intvecs:retain)

.text      0    000000e4    000001c2     
                  000000e4    0000008c     uart_pc_echo_12mhz_brclk.obj (.text:main)
                  00000170    00000078     system_msp432p401r.obj (.text:SystemInit)
                  000001e8    00000048     uart_pc_echo_12mhz_brclk.obj (.text:EUSCIA0_IRQHandler)
                  00000230    00000034     msp432p4xx_driverlib.lib : cs.o (.text:CS_setDCOCenteredFrequency)
                  00000264    0000002c     rtsv7M4_T_le_v4SPD16_eabi.lib : boot_cortex_m.c.obj (.text:_c_int00_noinit_noargs:_c_int00_noinit_noargs)
                  00000290    0000000c     startup_msp432p401r_ccs.obj (.text:Reset_Handler)
                  0000029c    00000004     rtsv7M4_T_le_v4SPD16_eabi.lib : pre_init.c.obj (.text:_system_pre_init)
                  000002a0    00000004                                   : exit.c.obj (.text:abort:abort)
                  000002a4    00000002     startup_msp432p401r_ccs.obj (.text:Default_Handler)

.const     0    000002a8    00000024     
                  000002a8    00000024     uart_pc_echo_12mhz_brclk.obj (.const:uartConfig)

.cinit     0    00000000    00000000     UNINITIALIZED

.init_array 
*          0    00000000    00000000     UNINITIALIZED

.binit     0    00000000    00000000     

.stack     0    2000fe00    00000200     UNINITIALIZED
                  2000fe00    00000004     rtsv7M4_T_le_v4SPD16_eabi.lib : boot_cortex_m.c.obj (.stack)
                  2000fe04    000001fc     --HOLE--

MODULE SUMMARY

       Module                         code   ro data   rw data
       ------                         ----   -------   -------
    .\
       uart_pc_echo_12mhz_brclk.obj   212    36        0      
       system_msp432p401r.obj         120    0         0      
    +--+------------------------------+------+---------+---------+
       Total:                         332    36        0      
                                                              
    .\ccs\
       startup_msp432p401r_ccs.obj    14     228       0      
    +--+------------------------------+------+---------+---------+
       Total:                         14     228       0      
                                                              
    C:/ti/simplelink_msp432p4_sdk_3_10_00_08/source/ti/devices/msp432p4xx/driverlib/ccs/msp432p4xx_driverlib.lib
       cs.o                           52     0         0      
    +--+------------------------------+------+---------+---------+
       Total:                         52     0         0      
                                                              
    C:\ti\ccs901\ccs\tools\compiler\ti-cgt-arm_18.12.1.LTS\lib\rtsv7M4_T_le_v4SPD16_eabi.lib
       boot_cortex_m.c.obj            44     0         0      
       exit.c.obj                     4      0         0      
       pre_init.c.obj                 4      0         0      
    +--+------------------------------+------+---------+---------+
       Total:                         52     0         0      
                                                              
       Stack:                         0      0         1024   
    +--+------------------------------+------+---------+---------+
       Grand Total:                   450    264       1024   


GLOBAL SYMBOLS: SORTED ALPHABETICALLY BY Name 

address   name                      
-------   ----                      
000002a5  ADC14_IRQHandler          
000002a5  AES256_IRQHandler         
000002a5  BusFault_Handler          
000002a1  C$$EXIT                   
000002a5  COMP_E0_IRQHandler        
000002a5  COMP_E1_IRQHandler        
000002a5  CS_IRQHandler             
00000231  CS_setDCOCenteredFrequency
000002a5  DMA_ERR_IRQHandler        
000002a5  DMA_INT0_IRQHandler       
000002a5  DMA_INT1_IRQHandler       
000002a5  DMA_INT2_IRQHandler       
000002a5  DMA_INT3_IRQHandler       
000002a5  DebugMon_Handler          
000002a5  Default_Handler           
000001e9  EUSCIA0_IRQHandler        
000001e9  EUSCIA0_IRQHandler        
000002a5  EUSCIA1_IRQHandler        
000002a5  EUSCIA2_IRQHandler        
000002a5  EUSCIA3_IRQHandler        
000002a5  EUSCIB0_IRQHandler        
000002a5  EUSCIB1_IRQHandler        
000002a5  EUSCIB2_IRQHandler        
000002a5  EUSCIB3_IRQHandler        
000002a5  FLCTL_IRQHandler          
000002a5  FPU_IRQHandler            
000002a5  HardFault_Handler         
000002a5  MemManage_Handler         
000002a5  NMI_Handler               
000002a5  PCM_IRQHandler            
000002a5  PORT1_IRQHandler          
000002a5  PORT2_IRQHandler          
000002a5  PORT3_IRQHandler          
000002a5  PORT4_IRQHandler          
000002a5  PORT5_IRQHandler          
000002a5  PORT6_IRQHandler          
000002a5  PSS_IRQHandler            
000002a5  PendSV_Handler            
000002a5  RTC_C_IRQHandler          
00000291  Reset_Handler             
000002a5  SVC_Handler               
000002a5  SysTick_Handler           
00000171  SystemInit                
000002a5  T32_INT1_IRQHandler       
000002a5  T32_INT2_IRQHandler       
000002a5  T32_INTC_IRQHandler       
000002a5  TA0_0_IRQHandler          
000002a5  TA0_N_IRQHandler          
000002a5  TA1_0_IRQHandler          
000002a5  TA1_N_IRQHandler          
000002a5  TA2_0_IRQHandler          
000002a5  TA2_N_IRQHandler          
000002a5  TA3_0_IRQHandler          
000002a5  TA3_N_IRQHandler          
000002a5  UsageFault_Handler        
4000480c  WDTCTL_SYM                
000002a5  WDT_A_IRQHandler          
20010000  __STACK_END               
00000200  __STACK_SIZE              
ffffffff  __TI_pprof_out_hndl       
ffffffff  __TI_prof_data_size       
ffffffff  __TI_prof_data_start      
00000000  __TI_static_base__        
ffffffff  __binit__                 
ffffffff  __c_args__                
UNDEFED   __mpu_init                
2000fe00  __stack                   
00000265  _c_int00_noinit_noargs    
0000029d  _system_pre_init          
000002a1  abort                     
ffffffff  binit                     
00000000  interruptVectors          
000000e5  main                      
000002a8  uartConfig                


GLOBAL SYMBOLS: SORTED BY Symbol Address 

address   name                      
-------   ----                      
00000000  __TI_static_base__        
00000000  interruptVectors          
000000e5  main                      
00000171  SystemInit                
000001e9  EUSCIA0_IRQHandler        
000001e9  EUSCIA0_IRQHandler        
00000200  __STACK_SIZE              
00000231  CS_setDCOCenteredFrequency
00000265  _c_int00_noinit_noargs    
00000291  Reset_Handler             
0000029d  _system_pre_init          
000002a1  C$$EXIT                   
000002a1  abort                     
000002a5  ADC14_IRQHandler          
000002a5  AES256_IRQHandler         
000002a5  BusFault_Handler          
000002a5  COMP_E0_IRQHandler        
000002a5  COMP_E1_IRQHandler        
000002a5  CS_IRQHandler             
000002a5  DMA_ERR_IRQHandler        
000002a5  DMA_INT0_IRQHandler       
000002a5  DMA_INT1_IRQHandler       
000002a5  DMA_INT2_IRQHandler       
000002a5  DMA_INT3_IRQHandler       
000002a5  DebugMon_Handler          
000002a5  Default_Handler           
000002a5  EUSCIA1_IRQHandler        
000002a5  EUSCIA2_IRQHandler        
000002a5  EUSCIA3_IRQHandler        
000002a5  EUSCIB0_IRQHandler        
000002a5  EUSCIB1_IRQHandler        
000002a5  EUSCIB2_IRQHandler        
000002a5  EUSCIB3_IRQHandler        
000002a5  FLCTL_IRQHandler          
000002a5  FPU_IRQHandler            
000002a5  HardFault_Handler         
000002a5  MemManage_Handler         
000002a5  NMI_Handler               
000002a5  PCM_IRQHandler            
000002a5  PORT1_IRQHandler          
000002a5  PORT2_IRQHandler          
000002a5  PORT3_IRQHandler          
000002a5  PORT4_IRQHandler          
000002a5  PORT5_IRQHandler          
000002a5  PORT6_IRQHandler          
000002a5  PSS_IRQHandler            
000002a5  PendSV_Handler            
000002a5  RTC_C_IRQHandler          
000002a5  SVC_Handler               
000002a5  SysTick_Handler           
000002a5  T32_INT1_IRQHandler       
000002a5  T32_INT2_IRQHandler       
000002a5  T32_INTC_IRQHandler       
000002a5  TA0_0_IRQHandler          
000002a5  TA0_N_IRQHandler          
000002a5  TA1_0_IRQHandler          
000002a5  TA1_N_IRQHandler          
000002a5  TA2_0_IRQHandler          
000002a5  TA2_N_IRQHandler          
000002a5  TA3_0_IRQHandler          
000002a5  TA3_N_IRQHandler          
000002a5  UsageFault_Handler        
000002a5  WDT_A_IRQHandler          
000002a8  uartConfig                
2000fe00  __stack                   
20010000  __STACK_END               
4000480c  WDTCTL_SYM                
ffffffff  __TI_pprof_out_hndl       
ffffffff  __TI_prof_data_size       
ffffffff  __TI_prof_data_start      
ffffffff  __binit__                 
ffffffff  __c_args__                
ffffffff  binit                     
UNDEFED   __mpu_init                

[74 symbols]
