******************************************************************************
                  TI ARM Linker Unix v20.2.5                   
******************************************************************************
>> Linked Wed Jul  6 20:14:31 2022

OUTPUT FILE NAME:   <uart_functions_MSP_EXP432P401R_nortos_ccs.out>
ENTRY POINT SYMBOL: "_c_int00_noargs"  address: 00002835


MEMORY CONFIGURATION

         name            origin    length      used     unused   attr    fill
----------------------  --------  ---------  --------  --------  ----  --------
  MAIN                  00000000   00040000  00002bec  0003d414  R  X
  INFO                  00200000   00004000  00000000  00004000  R  X
  SRAM_CODE             01000000   00010000  00000226  0000fdda  RW X
  SRAM_DATA             20000000   00010000  00000226  0000fdda  RW  


SEGMENT ALLOCATION MAP

run origin  load origin   length   init length attrs members
----------  ----------- ---------- ----------- ----- -------
00000000    00000000    00002bf0   00002bf0    r-x
  00000000    00000000    000000e4   000000e4    r-- .intvecs
  000000e4    000000e4    000028e0   000028e0    r-x .text
  000029c8    000029c8    000001f8   000001f8    r-- .const
  00002bc0    00002bc0    00000030   00000030    r-- .cinit
20000000    20000000    00000028   00000000    rw-
  20000000    20000000    00000022   00000000    rw- .bss
  20000024    20000024    00000004   00000000    rw- .data
2000fe00    2000fe00    00000200   00000000    rw-
  2000fe00    2000fe00    00000200   00000000    rw- .stack


SECTION ALLOCATION MAP

 output                                  attributes/
section   page    origin      length       input sections
--------  ----  ----------  ----------   ----------------
.intvecs   0    00000000    000000e4     
                  00000000    000000e4     startup_msp432p401r_ccs.obj (.intvecs:retain)

.text      0    000000e4    000028e0     
                  000000e4    00000a4e     rtsv7M4_T_le_v4SPD16_eabi.lib : _printfi.c.obj (.text:__TI_printfi)
                  00000b32    00000002     startup_msp432p401r_ccs.obj (.text:Default_Handler)
                  00000b34    00000460     rtsv7M4_T_le_v4SPD16_eabi.lib : strtod.c.obj (.text:strtod)
                  00000f94    00000270                                   : _printfi.c.obj (.text:_pconv_a)
                  00001204    000001d0                                   : _printfi.c.obj (.text:_pconv_g)
                  000013d4    000001b6                                   : fd_add_t2.asm.obj (.text)
                  0000158a    00000002                                   : div0.asm.obj (.text)
                  0000158c    0000013c                                   : _printfi.c.obj (.text:_pconv_e)
                  000016c8    00000136                                   : fd_div_t2.asm.obj (.text)
                  000017fe    00000002     --HOLE-- [fill = 0]
                  00001800    00000124                                   : _printfi.c.obj (.text:fcvt)
                  00001924    0000011c     msp432p4xx_driverlib.lib : uart.o (.text:UART_initModule)
                  00001a40    00000110     rtsv7M4_T_le_v4SPD16_eabi.lib : s_scalbn.c.obj (.text:scalbn)
                  00001b50    000000fc                                   : fd_mul_t2.asm.obj (.text)
                  00001c4c    000000b1                                   : _printfi.c.obj (.text:_ltostr)
                  00001cfd    00000003     --HOLE-- [fill = 0]
                  00001d00    0000009c                                   : s_modf.c.obj (.text:modf)
                  00001d9c    0000009c                                   : memcpy_t2.asm.obj (.text)
                  00001e38    00000096                                   : ull_div_t2.asm.obj (.text)
                  00001ece    00000086                                   : fd_cmp_t2.asm.obj (.text:__aeabi_cdcmple)
                  00001f54    00000086                                   : fd_cmp_t2.asm.obj (.text:__aeabi_cdrcmple)
                  00001fda    00000002     --HOLE-- [fill = 0]
                  00001fdc    0000007c     uart_functions.obj (.text:initUART)
                  00002058    0000007a     rtsv7M4_T_le_v4SPD16_eabi.lib : memset_t2.asm.obj (.text)
                  000020d2    00000002     --HOLE-- [fill = 0]
                  000020d4    00000078     system_msp432p401r.obj (.text:SystemInit)
                  0000214c    00000078     uart_functions.obj (.text:writeFloat)
                  000021c4    00000070     uart_functions.obj (.text:EUSCIA0_IRQHandler)
                  00002234    0000006e     rtsv7M4_T_le_v4SPD16_eabi.lib : _printfi.c.obj (.text:_mcpy)
                  000022a2    0000006e                                   : fd_tos_t2.asm.obj (.text)
                  00002310    0000006c     uart_functions.obj (.text:writeString)
                  0000237c    00000068     rtsv7M4_T_le_v4SPD16_eabi.lib : copy_decompress_lzss.c.obj (.text:decompress:lzss:__TI_decompress_lzss)
                  000023e4    00000064     msp432p4xx_driverlib.lib : uart.o (.text:UART_getEnabledInterruptStatus)
                  00002448    00000064     rtsv7M4_T_le_v4SPD16_eabi.lib : s_frexp.c.obj (.text:frexp)
                  000024ac    00000064     main.obj (.text:main)
                  00002510    00000064     uart_functions.obj (.text:readString)
                  00002574    00000056     rtsv7M4_T_le_v4SPD16_eabi.lib : _printfi.c.obj (.text:_pconv_f)
                  000025ca    00000054                                   : _ltoa.c.obj (.text:__TI_ltoa)
                  0000261e    00000052                                   : _printfi.c.obj (.text:_ecpy)
                  00002670    0000004c                                   : atoi.c.obj (.text:atoi)
                  000026bc    00000048                                   : fd_toi_t2.asm.obj (.text)
                  00002704    00000044                                   : autoinit.c.obj (.text:__TI_auto_init_nobinit_nopinit:__TI_auto_init_nobinit_nopinit)
                  00002748    00000040                                   : sprintf.c.obj (.text:sprintf)
                  00002788    0000003e                                   : _printfi.c.obj (.text:_fcpy)
                  000027c6    00000038                                   : fs_tod_t2.asm.obj (.text)
                  000027fe    00000002     --HOLE-- [fill = 0]
                  00002800    00000034     msp432p4xx_driverlib.lib : cs.o (.text:CS_setDCOCenteredFrequency)
                  00002834    00000034     rtsv7M4_T_le_v4SPD16_eabi.lib : boot_cortex_m.c.obj (.text:_c_int00_noargs:_c_int00_noargs)
                  00002868    0000002e                                   : i_tofd_t2.asm.obj (.text)
                  00002896    0000002a     uart_functions.obj (.text:readFloat)
                  000028c0    0000001c     rtsv7M4_T_le_v4SPD16_eabi.lib : copy_zero_init.c.obj (.text:decompress:ZI:__TI_zero_init_nomemset:__TI_zero_init_nomemset)
                  000028dc    0000001c                                   : memccpy.c.obj (.text:memccpy)
                  000028f8    0000001a                                   : s_copysign.c.obj (.text:copysign)
                  00002912    00000018     msp432p4xx_driverlib.lib : uart.o (.text:UART_getInterruptStatus)
                  0000292a    00000018     rtsv7M4_T_le_v4SPD16_eabi.lib : sprintf.c.obj (.text:_outs)
                  00002942    00000016                                   : strchr.c.obj (.text:strchr)
                  00002958    00000014                                   : strlen.c.obj (.text:strlen)
                  0000296c    00000012                                   : atof.c.obj (.text:atof)
                  0000297e    00000012                                   : wcslen.c.obj (.text:wcslen)
                  00002990    0000000e                                   : copy_decompress_none.c.obj (.text:decompress:none:__TI_decompress_none)
                  0000299e    0000000c     startup_msp432p401r_ccs.obj (.text:Reset_Handler)
                  000029aa    0000000a     rtsv7M4_T_le_v4SPD16_eabi.lib : sprintf.c.obj (.text:_outc)
                  000029b4    00000008                                   : errno.c.obj (.text:__aeabi_errno_addr)
                  000029bc    00000004                                   : pre_init.c.obj (.text:_system_pre_init)
                  000029c0    00000004                                   : exit.c.obj (.text:abort:abort)

.const     0    000029c8    000001f8     
                  000029c8    00000101     rtsv7M4_T_le_v4SPD16_eabi.lib : ctype.c.obj (.const:.string:_ctypes_)
                  00002ac9    00000007     --HOLE-- [fill = 0]
                  00002ad0    000000c8                                   : strtod.c.obj (.const:$O1$$)
                  00002b98    00000028     uart_functions.obj (.const:uartConfig)

.cinit     0    00002bc0    00000030     
                  00002bc0    0000000c     (__TI_handler_table)
                  00002bcc    00000004     --HOLE-- [fill = 0]
                  00002bd0    00000008     (.cinit..bss.load) [load image, compression = zero_init]
                  00002bd8    00000007     (.cinit..data.load) [load image, compression = lzss]
                  00002bdf    00000001     --HOLE-- [fill = 0]
                  00002be0    00000010     (__TI_cinit_table)

.init_array 
*          0    00000000    00000000     UNINITIALIZED

.binit     0    00000000    00000000     

.bss       0    20000000    00000022     UNINITIALIZED
                  20000000    00000022     (.common:ringBuffer)

.data      0    20000024    00000004     UNINITIALIZED
                  20000024    00000004     rtsv7M4_T_le_v4SPD16_eabi.lib : errno.c.obj (.data)

.stack     0    2000fe00    00000200     UNINITIALIZED
                  2000fe00    00000004     rtsv7M4_T_le_v4SPD16_eabi.lib : boot_cortex_m.c.obj (.stack)
                  2000fe04    000001fc     --HOLE--

__llvm_prf_cnts 
*          0    20000000    00000000     UNINITIALIZED

MODULE SUMMARY

       Module                        code    ro data   rw data
       ------                        ----    -------   -------
    ./
       uart_functions.obj            606     40        68     
       system_msp432p401r.obj        120     0         0      
       main.obj                      100     0         0      
    +--+-----------------------------+-------+---------+---------+
       Total:                        826     40        68     
                                                              
    ./ccs/
       startup_msp432p401r_ccs.obj   14      228       0      
    +--+-----------------------------+-------+---------+---------+
       Total:                        14      228       0      
                                                              
    /Applications/ti/ccs1120/ccs/tools/compiler/ti-cgt-arm_20.2.5.LTS/lib/rtsv7M4_T_le_v4SPD16_eabi.lib
       _printfi.c.obj                4851    0         0      
       strtod.c.obj                  1120    200       0      
       fd_add_t2.asm.obj             438     0         0      
       fd_div_t2.asm.obj             310     0         0      
       s_scalbn.c.obj                272     0         0      
       fd_cmp_t2.asm.obj             268     0         0      
       ctype.c.obj                   0       257       0      
       fd_mul_t2.asm.obj             252     0         0      
       memcpy_t2.asm.obj             156     0         0      
       s_modf.c.obj                  156     0         0      
       ull_div_t2.asm.obj            150     0         0      
       memset_t2.asm.obj             122     0         0      
       fd_tos_t2.asm.obj             110     0         0      
       copy_decompress_lzss.c.obj    104     0         0      
       s_frexp.c.obj                 100     0         0      
       sprintf.c.obj                 98      0         0      
       _ltoa.c.obj                   84      0         0      
       atoi.c.obj                    76      0         0      
       fd_toi_t2.asm.obj             72      0         0      
       autoinit.c.obj                68      0         0      
       fs_tod_t2.asm.obj             56      0         0      
       boot_cortex_m.c.obj           52      0         0      
       i_tofd_t2.asm.obj             46      0         0      
       copy_zero_init.c.obj          28      0         0      
       memccpy.c.obj                 28      0         0      
       s_copysign.c.obj              26      0         0      
       strchr.c.obj                  22      0         0      
       strlen.c.obj                  20      0         0      
       atof.c.obj                    18      0         0      
       wcslen.c.obj                  18      0         0      
       errno.c.obj                   8       0         8      
       copy_decompress_none.c.obj    14      0         0      
       exit.c.obj                    4       0         0      
       pre_init.c.obj                4       0         0      
       div0.asm.obj                  2       0         0      
    +--+-----------------------------+-------+---------+---------+
       Total:                        9153    457       8      
                                                              
    /Applications/ti/simplelink_msp432p4_sdk_3_40_01_02/source/ti/devices/msp432p4xx/driverlib/ccs/msp432p4xx_driverlib.lib
       uart.o                        408     0         0      
       cs.o                          52      0         0      
    +--+-----------------------------+-------+---------+---------+
       Total:                        460     0         0      
                                                              
       Stack:                        0       0         1024   
       Linker Generated:             0       43        0      
    +--+-----------------------------+-------+---------+---------+
       Grand Total:                  10453   768       1100   


LINKER GENERATED COPY TABLES

__TI_cinit_table @ 00002be0 records: 2, size/record: 8, table size: 16
	.bss: load addr=00002bd0, load size=00000008 bytes, run addr=20000000, run size=00000022 bytes, compression=zero_init
	.data: load addr=00002bd8, load size=00000007 bytes, run addr=20000024, run size=00000004 bytes, compression=lzss


LINKER GENERATED HANDLER TABLE

__TI_handler_table @ 00002bc0 records: 3, size/record: 4, table size: 12
	index: 0, handler: __TI_decompress_lzss
	index: 1, handler: __TI_decompress_none
	index: 2, handler: __TI_zero_init


GLOBAL SYMBOLS: SORTED ALPHABETICALLY BY Name 

address   name                          
-------   ----                          
00000b33  ADC14_IRQHandler              
00000b33  AES256_IRQHandler             
00000b33  BusFault_Handler              
000029c1  C$$EXIT                       
00000b33  COMP_E0_IRQHandler            
00000b33  COMP_E1_IRQHandler            
00000b33  CS_IRQHandler                 
00002801  CS_setDCOCenteredFrequency    
00000b33  DMA_ERR_IRQHandler            
00000b33  DMA_INT0_IRQHandler           
00000b33  DMA_INT1_IRQHandler           
00000b33  DMA_INT2_IRQHandler           
00000b33  DMA_INT3_IRQHandler           
00000b33  DebugMon_Handler              
00000b33  Default_Handler               
000021c5  EUSCIA0_IRQHandler            
000021c5  EUSCIA0_IRQHandler            
00000b33  EUSCIA1_IRQHandler            
00000b33  EUSCIA2_IRQHandler            
00000b33  EUSCIA3_IRQHandler            
00000b33  EUSCIB0_IRQHandler            
00000b33  EUSCIB1_IRQHandler            
00000b33  EUSCIB2_IRQHandler            
00000b33  EUSCIB3_IRQHandler            
00000b33  FLCTL_IRQHandler              
00000b33  FPU_IRQHandler                
00000b33  HardFault_Handler             
00000b33  MemManage_Handler             
00000b33  NMI_Handler                   
00000b33  PCM_IRQHandler                
00000b33  PORT1_IRQHandler              
00000b33  PORT2_IRQHandler              
00000b33  PORT3_IRQHandler              
00000b33  PORT4_IRQHandler              
00000b33  PORT5_IRQHandler              
00000b33  PORT6_IRQHandler              
00000b33  PSS_IRQHandler                
00000b33  PendSV_Handler                
00000b33  RTC_C_IRQHandler              
0000299f  Reset_Handler                 
00000b33  SVC_Handler                   
00000b33  SysTick_Handler               
000020d5  SystemInit                    
00000b33  T32_INT1_IRQHandler           
00000b33  T32_INT2_IRQHandler           
00000b33  T32_INTC_IRQHandler           
00000b33  TA0_0_IRQHandler              
00000b33  TA0_N_IRQHandler              
00000b33  TA1_0_IRQHandler              
00000b33  TA1_N_IRQHandler              
00000b33  TA2_0_IRQHandler              
00000b33  TA2_N_IRQHandler              
00000b33  TA3_0_IRQHandler              
00000b33  TA3_N_IRQHandler              
000023e5  UART_getEnabledInterruptStatus
00002913  UART_getInterruptStatus       
00001925  UART_initModule               
00000b33  UsageFault_Handler            
4000480c  WDTCTL_SYM                    
00000b33  WDT_A_IRQHandler              
20010000  __STACK_END                   
00000200  __STACK_SIZE                  
00002be0  __TI_CINIT_Base               
00002bf0  __TI_CINIT_Limit              
00002bc0  __TI_Handler_Table_Base       
00002bcc  __TI_Handler_Table_Limit      
00002705  __TI_auto_init_nobinit_nopinit
0000237d  __TI_decompress_lzss          
00002991  __TI_decompress_none          
000025cb  __TI_ltoa                     
ffffffff  __TI_pprof_out_hndl           
000000e5  __TI_printfi                  
ffffffff  __TI_prof_data_size           
ffffffff  __TI_prof_data_start          
00000000  __TI_static_base__            
000028c1  __TI_zero_init_nomemset       
00001ecf  __aeabi_cdcmpeq               
00001ecf  __aeabi_cdcmple               
00001f55  __aeabi_cdrcmple              
000022a3  __aeabi_d2f                   
000026bd  __aeabi_d2iz                  
000013df  __aeabi_dadd                  
000016c9  __aeabi_ddiv                  
00001b51  __aeabi_dmul                  
000013d5  __aeabi_dsub                  
000029b5  __aeabi_errno_addr            
000027c7  __aeabi_f2d                   
00002869  __aeabi_i2d                   
0000158b  __aeabi_idiv0                 
0000158b  __aeabi_ldiv0                 
00002059  __aeabi_memclr                
00002059  __aeabi_memclr4               
00002059  __aeabi_memclr8               
00001d9d  __aeabi_memcpy                
00001d9d  __aeabi_memcpy4               
00001d9d  __aeabi_memcpy8               
0000205b  __aeabi_memset                
0000205b  __aeabi_memset4               
0000205b  __aeabi_memset8               
00001e39  __aeabi_uldivmod              
ffffffff  __binit__                     
ffffffff  __c_args__                    
UNDEFED   __mpu_init                    
2000fe00  __stack                       
20000000  __start___llvm_prf_cnts       
20000000  __stop___llvm_prf_cnts        
00002835  _c_int00_noargs               
000029c8  _ctypes_                      
UNDEFED   _system_post_cinit            
000029bd  _system_pre_init              
000029c1  abort                         
0000296d  atof                          
00002671  atoi                          
ffffffff  binit                         
000028f9  copysign                      
000028f9  copysignl                     
20000024  errno                         
00002449  frexp                         
00002449  frexpl                        
00001fdd  initUART                      
00000000  interruptVectors              
00001a41  ldexp                         
00001a41  ldexpl                        
000024ad  main                          
000028dd  memccpy                       
00001d9d  memcpy                        
00002061  memset                        
00001d01  modf                          
00001d01  modfl                         
00002897  readFloat                     
00002511  readString                    
20000000  ringBuffer                    
00001a41  scalbn                        
00001a41  scalbnl                       
00002749  sprintf                       
00002943  strchr                        
00002959  strlen                        
00000b35  strtod                        
00000b35  strtold                       
00002b98  uartConfig                    
0000297f  wcslen                        
0000214d  writeFloat                    
00002311  writeString                   


GLOBAL SYMBOLS: SORTED BY Symbol Address 

address   name                          
-------   ----                          
00000000  __TI_static_base__            
00000000  interruptVectors              
000000e5  __TI_printfi                  
00000200  __STACK_SIZE                  
00000b33  ADC14_IRQHandler              
00000b33  AES256_IRQHandler             
00000b33  BusFault_Handler              
00000b33  COMP_E0_IRQHandler            
00000b33  COMP_E1_IRQHandler            
00000b33  CS_IRQHandler                 
00000b33  DMA_ERR_IRQHandler            
00000b33  DMA_INT0_IRQHandler           
00000b33  DMA_INT1_IRQHandler           
00000b33  DMA_INT2_IRQHandler           
00000b33  DMA_INT3_IRQHandler           
00000b33  DebugMon_Handler              
00000b33  Default_Handler               
00000b33  EUSCIA1_IRQHandler            
00000b33  EUSCIA2_IRQHandler            
00000b33  EUSCIA3_IRQHandler            
00000b33  EUSCIB0_IRQHandler            
00000b33  EUSCIB1_IRQHandler            
00000b33  EUSCIB2_IRQHandler            
00000b33  EUSCIB3_IRQHandler            
00000b33  FLCTL_IRQHandler              
00000b33  FPU_IRQHandler                
00000b33  HardFault_Handler             
00000b33  MemManage_Handler             
00000b33  NMI_Handler                   
00000b33  PCM_IRQHandler                
00000b33  PORT1_IRQHandler              
00000b33  PORT2_IRQHandler              
00000b33  PORT3_IRQHandler              
00000b33  PORT4_IRQHandler              
00000b33  PORT5_IRQHandler              
00000b33  PORT6_IRQHandler              
00000b33  PSS_IRQHandler                
00000b33  PendSV_Handler                
00000b33  RTC_C_IRQHandler              
00000b33  SVC_Handler                   
00000b33  SysTick_Handler               
00000b33  T32_INT1_IRQHandler           
00000b33  T32_INT2_IRQHandler           
00000b33  T32_INTC_IRQHandler           
00000b33  TA0_0_IRQHandler              
00000b33  TA0_N_IRQHandler              
00000b33  TA1_0_IRQHandler              
00000b33  TA1_N_IRQHandler              
00000b33  TA2_0_IRQHandler              
00000b33  TA2_N_IRQHandler              
00000b33  TA3_0_IRQHandler              
00000b33  TA3_N_IRQHandler              
00000b33  UsageFault_Handler            
00000b33  WDT_A_IRQHandler              
00000b35  strtod                        
00000b35  strtold                       
000013d5  __aeabi_dsub                  
000013df  __aeabi_dadd                  
0000158b  __aeabi_idiv0                 
0000158b  __aeabi_ldiv0                 
000016c9  __aeabi_ddiv                  
00001925  UART_initModule               
00001a41  ldexp                         
00001a41  ldexpl                        
00001a41  scalbn                        
00001a41  scalbnl                       
00001b51  __aeabi_dmul                  
00001d01  modf                          
00001d01  modfl                         
00001d9d  __aeabi_memcpy                
00001d9d  __aeabi_memcpy4               
00001d9d  __aeabi_memcpy8               
00001d9d  memcpy                        
00001e39  __aeabi_uldivmod              
00001ecf  __aeabi_cdcmpeq               
00001ecf  __aeabi_cdcmple               
00001f55  __aeabi_cdrcmple              
00001fdd  initUART                      
00002059  __aeabi_memclr                
00002059  __aeabi_memclr4               
00002059  __aeabi_memclr8               
0000205b  __aeabi_memset                
0000205b  __aeabi_memset4               
0000205b  __aeabi_memset8               
00002061  memset                        
000020d5  SystemInit                    
0000214d  writeFloat                    
000021c5  EUSCIA0_IRQHandler            
000021c5  EUSCIA0_IRQHandler            
000022a3  __aeabi_d2f                   
00002311  writeString                   
0000237d  __TI_decompress_lzss          
000023e5  UART_getEnabledInterruptStatus
00002449  frexp                         
00002449  frexpl                        
000024ad  main                          
00002511  readString                    
000025cb  __TI_ltoa                     
00002671  atoi                          
000026bd  __aeabi_d2iz                  
00002705  __TI_auto_init_nobinit_nopinit
00002749  sprintf                       
000027c7  __aeabi_f2d                   
00002801  CS_setDCOCenteredFrequency    
00002835  _c_int00_noargs               
00002869  __aeabi_i2d                   
00002897  readFloat                     
000028c1  __TI_zero_init_nomemset       
000028dd  memccpy                       
000028f9  copysign                      
000028f9  copysignl                     
00002913  UART_getInterruptStatus       
00002943  strchr                        
00002959  strlen                        
0000296d  atof                          
0000297f  wcslen                        
00002991  __TI_decompress_none          
0000299f  Reset_Handler                 
000029b5  __aeabi_errno_addr            
000029bd  _system_pre_init              
000029c1  C$$EXIT                       
000029c1  abort                         
000029c8  _ctypes_                      
00002b98  uartConfig                    
00002bc0  __TI_Handler_Table_Base       
00002bcc  __TI_Handler_Table_Limit      
00002be0  __TI_CINIT_Base               
00002bf0  __TI_CINIT_Limit              
20000000  __start___llvm_prf_cnts       
20000000  __stop___llvm_prf_cnts        
20000000  ringBuffer                    
20000024  errno                         
2000fe00  __stack                       
20010000  __STACK_END                   
4000480c  WDTCTL_SYM                    
ffffffff  __TI_pprof_out_hndl           
ffffffff  __TI_prof_data_size           
ffffffff  __TI_prof_data_start          
ffffffff  __binit__                     
ffffffff  __c_args__                    
ffffffff  binit                         
UNDEFED   __mpu_init                    
UNDEFED   _system_post_cinit            

[143 symbols]
