******************************************************************************
                  TI ARM Linker PC v18.12.1                    
******************************************************************************
>> Linked Fri Jun 28 09:38:15 2019

OUTPUT FILE NAME:   <blinking_LED_on_MSP_EXP432P401R_nortos_ccs.out>
ENTRY POINT SYMBOL: "_c_int00_noinit_noargs"  address: 0000020d


MEMORY CONFIGURATION

         name            origin    length      used     unused   attr    fill
----------------------  --------  ---------  --------  --------  ----  --------
  MAIN                  00000000   00040000  000002ca  0003fd36  R  X
  INFO                  00200000   00004000  00000000  00004000  R  X
  SRAM_CODE             01000000   00010000  00000200  0000fe00  RW X
  SRAM_DATA             20000000   00010000  00000200  0000fe00  RW  


SEGMENT ALLOCATION MAP

run origin  load origin   length   init length attrs members
----------  ----------- ---------- ----------- ----- -------
00000000    00000000    000002cc   000002cc    r-x
  00000000    00000000    000000e4   000000e4    r-- .intvecs
  000000e4    000000e4    000001b6   000001b6    r-x .text
  0000029c    0000029c    00000030   00000030    r-- .const
2000fe00    2000fe00    00000200   00000000    rw-
  2000fe00    2000fe00    00000200   00000000    rw- .stack


SECTION ALLOCATION MAP

 output                                  attributes/
section   page    origin      length       input sections
--------  ----  ----------  ----------   ----------------
.intvecs   0    00000000    000000e4     
                  00000000    000000e4     startup_msp432p401r_ccs.obj (.intvecs:retain)

.text      0    000000e4    000001b6     
                  000000e4    00000078     system_msp432p401r.obj (.text:SystemInit)
                  0000015c    00000040     msp432p4xx_driverlib.lib : gpio.o (.text:GPIO_setAsOutputPin)
                  0000019c    0000003c     main.obj (.text:main)
                  000001d8    00000034     msp432p4xx_driverlib.lib : cs.o (.text:CS_setDCOCenteredFrequency)
                  0000020c    0000002c     rtsv7M4_T_le_v4SPD16_eabi.lib : boot_cortex_m.c.obj (.text:_c_int00_noinit_noargs:_c_int00_noinit_noargs)
                  00000238    00000028     msp432p4xx_driverlib.lib : gpio.o (.text:GPIO_toggleOutputOnPin)
                  00000260    00000024                              : wdt_a.o (.text:WDT_A_holdTimer)
                  00000284    0000000c     startup_msp432p401r_ccs.obj (.text:Reset_Handler)
                  00000290    00000004     rtsv7M4_T_le_v4SPD16_eabi.lib : pre_init.c.obj (.text:_system_pre_init)
                  00000294    00000004                                   : exit.c.obj (.text:abort:abort)
                  00000298    00000002     startup_msp432p401r_ccs.obj (.text:Default_Handler)

.const     0    0000029c    00000030     
                  0000029c    00000030     msp432p4xx_driverlib.lib : gpio.o (.const:GPIO_PORT_TO_BASE)

.cinit     0    00000000    00000000     UNINITIALIZED

.init_array 
*          0    00000000    00000000     UNINITIALIZED

.binit     0    00000000    00000000     

.stack     0    2000fe00    00000200     UNINITIALIZED
                  2000fe00    00000004     rtsv7M4_T_le_v4SPD16_eabi.lib : boot_cortex_m.c.obj (.stack)
                  2000fe04    000001fc     --HOLE--

MODULE SUMMARY

       Module                        code   ro data   rw data
       ------                        ----   -------   -------
    .\
       system_msp432p401r.obj        120    0         0      
       main.obj                      60     0         0      
    +--+-----------------------------+------+---------+---------+
       Total:                        180    0         0      
                                                             
    .\ccs\
       startup_msp432p401r_ccs.obj   14     228       0      
    +--+-----------------------------+------+---------+---------+
       Total:                        14     228       0      
                                                             
    C:/ti/simplelink_msp432p4_sdk_3_10_00_08/source/ti/devices/msp432p4xx/driverlib/ccs/msp432p4xx_driverlib.lib
       gpio.o                        104    48        0      
       cs.o                          52     0         0      
       wdt_a.o                       36     0         0      
    +--+-----------------------------+------+---------+---------+
       Total:                        192    48        0      
                                                             
    C:\ti\ccs901\ccs\tools\compiler\ti-cgt-arm_18.12.1.LTS\lib\rtsv7M4_T_le_v4SPD16_eabi.lib
       boot_cortex_m.c.obj           44     0         0      
       exit.c.obj                    4      0         0      
       pre_init.c.obj                4      0         0      
    +--+-----------------------------+------+---------+---------+
       Total:                        52     0         0      
                                                             
       Stack:                        0      0         1024   
    +--+-----------------------------+------+---------+---------+
       Grand Total:                  438    276       1024   


GLOBAL SYMBOLS: SORTED ALPHABETICALLY BY Name 

address   name                      
-------   ----                      
00000299  ADC14_IRQHandler          
00000299  AES256_IRQHandler         
00000299  BusFault_Handler          
00000295  C$$EXIT                   
00000299  COMP_E0_IRQHandler        
00000299  COMP_E1_IRQHandler        
00000299  CS_IRQHandler             
000001d9  CS_setDCOCenteredFrequency
00000299  DMA_ERR_IRQHandler        
00000299  DMA_INT0_IRQHandler       
00000299  DMA_INT1_IRQHandler       
00000299  DMA_INT2_IRQHandler       
00000299  DMA_INT3_IRQHandler       
00000299  DebugMon_Handler          
00000299  Default_Handler           
00000299  EUSCIA0_IRQHandler        
00000299  EUSCIA1_IRQHandler        
00000299  EUSCIA2_IRQHandler        
00000299  EUSCIA3_IRQHandler        
00000299  EUSCIB0_IRQHandler        
00000299  EUSCIB1_IRQHandler        
00000299  EUSCIB2_IRQHandler        
00000299  EUSCIB3_IRQHandler        
00000299  FLCTL_IRQHandler          
00000299  FPU_IRQHandler            
0000015d  GPIO_setAsOutputPin       
00000239  GPIO_toggleOutputOnPin    
00000299  HardFault_Handler         
00000299  MemManage_Handler         
00000299  NMI_Handler               
00000299  PCM_IRQHandler            
00000299  PORT1_IRQHandler          
00000299  PORT2_IRQHandler          
00000299  PORT3_IRQHandler          
00000299  PORT4_IRQHandler          
00000299  PORT5_IRQHandler          
00000299  PORT6_IRQHandler          
00000299  PSS_IRQHandler            
00000299  PendSV_Handler            
00000299  RTC_C_IRQHandler          
00000285  Reset_Handler             
00000299  SVC_Handler               
00000299  SysTick_Handler           
000000e5  SystemInit                
00000299  T32_INT1_IRQHandler       
00000299  T32_INT2_IRQHandler       
00000299  T32_INTC_IRQHandler       
00000299  TA0_0_IRQHandler          
00000299  TA0_N_IRQHandler          
00000299  TA1_0_IRQHandler          
00000299  TA1_N_IRQHandler          
00000299  TA2_0_IRQHandler          
00000299  TA2_N_IRQHandler          
00000299  TA3_0_IRQHandler          
00000299  TA3_N_IRQHandler          
00000299  UsageFault_Handler        
4000480c  WDTCTL_SYM                
00000299  WDT_A_IRQHandler          
00000261  WDT_A_holdTimer           
20010000  __STACK_END               
00000200  __STACK_SIZE              
ffffffff  __TI_pprof_out_hndl       
ffffffff  __TI_prof_data_size       
ffffffff  __TI_prof_data_start      
00000000  __TI_static_base__        
ffffffff  __binit__                 
ffffffff  __c_args__                
UNDEFED   __mpu_init                
2000fe00  __stack                   
0000020d  _c_int00_noinit_noargs    
00000291  _system_pre_init          
00000295  abort                     
ffffffff  binit                     
00000000  interruptVectors          
0000019d  main                      


GLOBAL SYMBOLS: SORTED BY Symbol Address 

address   name                      
-------   ----                      
00000000  __TI_static_base__        
00000000  interruptVectors          
000000e5  SystemInit                
0000015d  GPIO_setAsOutputPin       
0000019d  main                      
000001d9  CS_setDCOCenteredFrequency
00000200  __STACK_SIZE              
0000020d  _c_int00_noinit_noargs    
00000239  GPIO_toggleOutputOnPin    
00000261  WDT_A_holdTimer           
00000285  Reset_Handler             
00000291  _system_pre_init          
00000295  C$$EXIT                   
00000295  abort                     
00000299  ADC14_IRQHandler          
00000299  AES256_IRQHandler         
00000299  BusFault_Handler          
00000299  COMP_E0_IRQHandler        
00000299  COMP_E1_IRQHandler        
00000299  CS_IRQHandler             
00000299  DMA_ERR_IRQHandler        
00000299  DMA_INT0_IRQHandler       
00000299  DMA_INT1_IRQHandler       
00000299  DMA_INT2_IRQHandler       
00000299  DMA_INT3_IRQHandler       
00000299  DebugMon_Handler          
00000299  Default_Handler           
00000299  EUSCIA0_IRQHandler        
00000299  EUSCIA1_IRQHandler        
00000299  EUSCIA2_IRQHandler        
00000299  EUSCIA3_IRQHandler        
00000299  EUSCIB0_IRQHandler        
00000299  EUSCIB1_IRQHandler        
00000299  EUSCIB2_IRQHandler        
00000299  EUSCIB3_IRQHandler        
00000299  FLCTL_IRQHandler          
00000299  FPU_IRQHandler            
00000299  HardFault_Handler         
00000299  MemManage_Handler         
00000299  NMI_Handler               
00000299  PCM_IRQHandler            
00000299  PORT1_IRQHandler          
00000299  PORT2_IRQHandler          
00000299  PORT3_IRQHandler          
00000299  PORT4_IRQHandler          
00000299  PORT5_IRQHandler          
00000299  PORT6_IRQHandler          
00000299  PSS_IRQHandler            
00000299  PendSV_Handler            
00000299  RTC_C_IRQHandler          
00000299  SVC_Handler               
00000299  SysTick_Handler           
00000299  T32_INT1_IRQHandler       
00000299  T32_INT2_IRQHandler       
00000299  T32_INTC_IRQHandler       
00000299  TA0_0_IRQHandler          
00000299  TA0_N_IRQHandler          
00000299  TA1_0_IRQHandler          
00000299  TA1_N_IRQHandler          
00000299  TA2_0_IRQHandler          
00000299  TA2_N_IRQHandler          
00000299  TA3_0_IRQHandler          
00000299  TA3_N_IRQHandler          
00000299  UsageFault_Handler        
00000299  WDT_A_IRQHandler          
2000fe00  __stack                   
20010000  __STACK_END               
4000480c  WDTCTL_SYM                
ffffffff  __TI_pprof_out_hndl       
ffffffff  __TI_prof_data_size       
ffffffff  __TI_prof_data_start      
ffffffff  __binit__                 
ffffffff  __c_args__                
ffffffff  binit                     
UNDEFED   __mpu_init                

[75 symbols]
